Archive member included to satisfy reference by file (symbol)

C:\Users\Admin\SimplicityStudio\v4_workspace3\timerleProject\platform\radio\rail_lib\autogen\librail_release\librail_efr32xg13_gcc_release.a(rail_pti.o)
                              ./pti.o (RAIL_ConfigPti)
C:\Users\Admin\SimplicityStudio\v4_workspace3\timerleProject\platform\radio\rail_lib\autogen\librail_release\librail_efr32xg13_gcc_release.a(rail_rf_hal.o)
                              C:\Users\Admin\SimplicityStudio\v4_workspace3\timerleProject\platform\radio\rail_lib\autogen\librail_release\librail_efr32xg13_gcc_release.a(rail_pti.o) (RFHAL_ConfigPti)
C:\Users\Admin\SimplicityStudio\v4_workspace3\timerleProject\platform\radio\rail_lib\autogen\librail_release\librail_efr32xg13_gcc_release.a(rail_ieee802154_rf_hal.o)
                              C:\Users\Admin\SimplicityStudio\v4_workspace3\timerleProject\platform\radio\rail_lib\autogen\librail_release\librail_efr32xg13_gcc_release.a(rail_rf_hal.o) (RFHAL_IEEE802154IsEnabled)
C:\Users\Admin\SimplicityStudio\v4_workspace3\timerleProject\platform\radio\rail_lib\autogen\librail_release\librail_efr32xg13_gcc_release.a(ieee802154_efr32xg13_configurator_out.o)
                              C:\Users\Admin\SimplicityStudio\v4_workspace3\timerleProject\platform\radio\rail_lib\autogen\librail_release\librail_efr32xg13_gcc_release.a(rail_ieee802154_rf_hal.o) (ieee802154_coherent_min)
C:\Users\Admin\SimplicityStudio\v4_workspace3\timerleProject\platform\radio\rail_lib\autogen\librail_release\librail_efr32xg13_gcc_release.a(ieee802154_gb868_efr32xg13_configurator_out.o)
                              C:\Users\Admin\SimplicityStudio\v4_workspace3\timerleProject\platform\radio\rail_lib\autogen\librail_release\librail_efr32xg13_gcc_release.a(rail_ieee802154_rf_hal.o) (ieee802154_gb868_config_915_min)
C:\Users\Admin\SimplicityStudio\v4_workspace3\timerleProject\platform\radio\rail_lib\autogen\librail_release\librail_efr32xg13_gcc_release.a(rail_ble_rf_hal.o)
                              C:\Users\Admin\SimplicityStudio\v4_workspace3\timerleProject\platform\radio\rail_lib\autogen\librail_release\librail_efr32xg13_gcc_release.a(rail_rf_hal.o) (RFHAL_IsBleLongRangeEnabled)
C:\Users\Admin\SimplicityStudio\v4_workspace3\timerleProject\platform\radio\rail_lib\autogen\librail_release\librail_efr32xg13_gcc_release.a(ble_efr32xg13_configurator_out.o)
                              C:\Users\Admin\SimplicityStudio\v4_workspace3\timerleProject\platform\radio\rail_lib\autogen\librail_release\librail_efr32xg13_gcc_release.a(rail_ble_rf_hal.o) (ble_viterbi2M_min)
C:\Users\Admin\SimplicityStudio\v4_workspace3\timerleProject\platform\radio\rail_lib\autogen\librail_release\librail_efr32xg13_gcc_release.a(rail_singleprotocol.o)
                              C:\Users\Admin\SimplicityStudio\v4_workspace3\timerleProject\platform\radio\rail_lib\autogen\librail_release\librail_efr32xg13_gcc_release.a(rail_rf_hal.o) (RAIL_ActiveHandle)
C:\Users\Admin\SimplicityStudio\v4_workspace3\timerleProject\platform\radio\rail_lib\autogen\librail_release\librail_efr32xg13_gcc_release.a(rail_rf.o)
                              C:\Users\Admin\SimplicityStudio\v4_workspace3\timerleProject\platform\radio\rail_lib\autogen\librail_release\librail_efr32xg13_gcc_release.a(rail_singleprotocol.o) (RAILCore_Init)
C:\Users\Admin\SimplicityStudio\v4_workspace3\timerleProject\platform\radio\rail_lib\autogen\librail_release\librail_efr32xg13_gcc_release.a(rail_rx.o)
                              C:\Users\Admin\SimplicityStudio\v4_workspace3\timerleProject\platform\radio\rail_lib\autogen\librail_release\librail_efr32xg13_gcc_release.a(rail_rf_hal.o) (RAILCore_StartRx)
C:\Users\Admin\SimplicityStudio\v4_workspace3\timerleProject\platform\radio\rail_lib\autogen\librail_release\librail_efr32xg13_gcc_release.a(rail_tx.o)
                              C:\Users\Admin\SimplicityStudio\v4_workspace3\timerleProject\platform\radio\rail_lib\autogen\librail_release\librail_efr32xg13_gcc_release.a(rail_singleprotocol.o) (RAILCore_StartTxStream)
C:\Users\Admin\SimplicityStudio\v4_workspace3\timerleProject\platform\radio\rail_lib\autogen\librail_release\librail_efr32xg13_gcc_release.a(rail_calibration.o)
                              C:\Users\Admin\SimplicityStudio\v4_workspace3\timerleProject\platform\radio\rail_lib\autogen\librail_release\librail_efr32xg13_gcc_release.a(rail_rf_hal.o) (RAILInt_PendCal)
C:\Users\Admin\SimplicityStudio\v4_workspace3\timerleProject\platform\radio\rail_lib\autogen\librail_release\librail_efr32xg13_gcc_release.a(rail_data.o)
                              C:\Users\Admin\SimplicityStudio\v4_workspace3\timerleProject\platform\radio\rail_lib\autogen\librail_release\librail_efr32xg13_gcc_release.a(rail_rf_hal.o) (RAILCb_SetupRxFifo)
C:\Users\Admin\SimplicityStudio\v4_workspace3\timerleProject\platform\radio\rail_lib\autogen\librail_release\librail_efr32xg13_gcc_release.a(rail_assert.o)
[...]
Memory Configuration

Name             Origin             Length             Attributes
FLASH_BOOTLOADER 0x0fe10000         0x00004000         xr
FLASH            0x00000000         0x0007f000         xr
RAM              0x20000000         0x00010000         xrw
*default*        0x00000000         0xffffffff

Linker script and memory map

LOAD c:/siliconlabs/simplicitystudio/v4/developer/toolchains/gnu_arm/7.2_2017q4/bin/../lib/gcc/arm-none-eabi/7.2.1/thumb/v7e-m/fpv4-sp/softfp/crti.o
LOAD c:/siliconlabs/simplicitystudio/v4/developer/toolchains/gnu_arm/7.2_2017q4/bin/../lib/gcc/arm-none-eabi/7.2.1/thumb/v7e-m/fpv4-sp/softfp/crtbegin.o
LOAD c:/siliconlabs/simplicitystudio/v4/developer/toolchains/gnu_arm/7.2_2017q4/bin/../lib/gcc/arm-none-eabi/7.2.1/../../../../arm-none-eabi/lib/thumb/v7e-m/fpv4-sp/softfp/crt0.o
START GROUP
LOAD ./application_properties.o
LOAD ./gatt_db.o
LOAD ./init_app.o
LOAD ./init_board.o
LOAD ./init_mcu.o
LOAD ./letimer.o
LOAD ./main.o
LOAD ./pti.o
LOAD ./hardware/kit/common/bsp/bsp_stk.o
LOAD ./hardware/kit/common/drivers/i2cspm.o
LOAD ./hardware/kit/common/drivers/mx25flash_spi.o
LOAD ./hardware/kit/common/drivers/si7013.o
LOAD ./hardware/kit/common/drivers/tempsens.o
LOAD ./hardware/kit/common/drivers/udelay.o
LOAD ./platform/Device/SiliconLabs/EFR32BG13P/Source/GCC/startup_efr32bg13p.o
LOAD ./platform/Device/SiliconLabs/EFR32BG13P/Source/system_efr32bg13p.o
LOAD ./platform/emdrv/sleep/src/sleep.o
LOAD ./platform/emlib/src/em_acmp.o
LOAD ./platform/emlib/src/em_adc.o
LOAD ./platform/emlib/src/em_aes.o
LOAD ./platform/emlib/src/em_assert.o
LOAD ./platform/emlib/src/em_burtc.o
LOAD ./platform/emlib/src/em_can.o
LOAD ./platform/emlib/src/em_cmu.o
LOAD ./platform/emlib/src/em_core.o
LOAD ./platform/emlib/src/em_cryotimer.o
LOAD ./platform/emlib/src/em_crypto.o
LOAD ./platform/emlib/src/em_csen.o
LOAD ./platform/emlib/src/em_dac.o
LOAD ./platform/emlib/src/em_dbg.o
LOAD ./platform/emlib/src/em_dma.o
LOAD ./platform/emlib/src/em_ebi.o
LOAD ./platform/emlib/src/em_emu.o
LOAD ./platform/emlib/src/em_gpcrc.o
LOAD ./platform/emlib/src/em_gpio.o
LOAD ./platform/emlib/src/em_i2c.o
LOAD ./platform/emlib/src/em_idac.o
LOAD ./platform/emlib/src/em_int.o
LOAD ./platform/emlib/src/em_lcd.o
LOAD ./platform/emlib/src/em_ldma.o
LOAD ./platform/emlib/src/em_lesense.o
LOAD ./platform/emlib/src/em_letimer.o
LOAD ./platform/emlib/src/em_leuart.o
LOAD ./platform/emlib/src/em_mpu.o
LOAD ./platform/emlib/src/em_msc.o
LOAD ./platform/emlib/src/em_opamp.o
LOAD ./platform/emlib/src/em_pcnt.o
LOAD ./platform/emlib/src/em_prs.o
LOAD ./platform/emlib/src/em_qspi.o
LOAD ./platform/emlib/src/em_rmu.o
LOAD ./platform/emlib/src/em_rtc.o
LOAD ./platform/emlib/src/em_rtcc.o
LOAD ./platform/emlib/src/em_system.o
LOAD ./platform/emlib/src/em_timer.o
LOAD ./platform/emlib/src/em_usart.o
LOAD ./platform/emlib/src/em_vcmp.o
LOAD ./platform/emlib/src/em_vdac.o
LOAD ./platform/emlib/src/em_wdog.o
LOAD ./src/cmu.o
LOAD ./src/gpio.o
LOAD C:\Users\Admin\SimplicityStudio\v4_workspace3\timerleProject\platform\radio\rail_lib\autogen\librail_release\librail_efr32xg13_gcc_release.a
LOAD C:\Users\Admin\SimplicityStudio\v4_workspace3\timerleProject\protocol\bluetooth\lib\EFR32BG13P\GCC\binapploader.o
LOAD C:\Users\Admin\SimplicityStudio\v4_workspace3\timerleProject\protocol\bluetooth\lib\EFR32BG13P\GCC\libbluetooth.a
LOAD C:\Users\Admin\SimplicityStudio\v4_workspace3\timerleProject\protocol\bluetooth\lib\EFR32BG13P\GCC\libpsstore.a
LOAD C:\Users\Admin\SimplicityStudio\v4_workspace3\timerleProject\protocol\bluetooth\lib\EFR32BG13P\GCC\libmbedtls.a
LOAD c:/siliconlabs/simplicitystudio/v4/developer/toolchains/gnu_arm/7.2_2017q4/bin/../lib/gcc/arm-none-eabi/7.2.1/../../../../arm-none-eabi/lib/thumb/v7e-m/fpv4-sp/softfp\libm.a
END GROUP
START GROUP
LOAD c:/siliconlabs/simplicitystudio/v4/developer/toolchains/gnu_arm/7.2_2017q4/bin/../lib/gcc/arm-none-eabi/7.2.1/thumb/v7e-m/fpv4-sp/softfp\libgcc.a
LOAD c:/siliconlabs/simplicitystudio/v4/developer/toolchains/gnu_arm/7.2_2017q4/bin/../lib/gcc/arm-none-eabi/7.2.1/../../../../arm-none-eabi/lib/thumb/v7e-m/fpv4-sp/softfp\libc_nano.a
LOAD c:/siliconlabs/simplicitystudio/v4/developer/toolchains/gnu_arm/7.2_2017q4/bin/../lib/gcc/arm-none-eabi/7.2.1/../../../../arm-none-eabi/lib/thumb/v7e-m/fpv4-sp/softfp\libnosys.a
END GROUP
START GROUP
LOAD c:/siliconlabs/simplicitystudio/v4/developer/toolchains/gnu_arm/7.2_2017q4/bin/../lib/gcc/arm-none-eabi/7.2.1/thumb/v7e-m/fpv4-sp/softfp\libgcc.a
LOAD c:/siliconlabs/simplicitystudio/v4/developer/toolchains/gnu_arm/7.2_2017q4/bin/../lib/gcc/arm-none-eabi/7.2.1/../../../../arm-none-eabi/lib/thumb/v7e-m/fpv4-sp/softfp\libg_nano.a
LOAD c:/siliconlabs/simplicitystudio/v4/developer/toolchains/gnu_arm/7.2_2017q4/bin/../lib/gcc/arm-none-eabi/7.2.1/../../../../arm-none-eabi/lib/thumb/v7e-m/fpv4-sp/softfp\libc_nano.a
END GROUP
START GROUP
LOAD c:/siliconlabs/simplicitystudio/v4/developer/toolchains/gnu_arm/7.2_2017q4/bin/../lib/gcc/arm-none-eabi/7.2.1/thumb/v7e-m/fpv4-sp/softfp\libgcc.a
LOAD c:/siliconlabs/simplicitystudio/v4/developer/toolchains/gnu_arm/7.2_2017q4/bin/../lib/gcc/arm-none-eabi/7.2.1/../../../../arm-none-eabi/lib/thumb/v7e-m/fpv4-sp/softfp\libc_nano.a
END GROUP
LOAD c:/siliconlabs/simplicitystudio/v4/developer/toolchains/gnu_arm/7.2_2017q4/bin/../lib/gcc/arm-none-eabi/7.2.1/thumb/v7e-m/fpv4-sp/softfp/crtend.o
LOAD c:/siliconlabs/simplicitystudio/v4/developer/toolchains/gnu_arm/7.2_2017q4/bin/../lib/gcc/arm-none-eabi/7.2.1/thumb/v7e-m/fpv4-sp/softfp/crtn.o

.text_bootloader
                0x0fe10000        0x0
 *(.binbootloader*)
                0x0fe10000                . = ALIGN (0x4000)

.text_apploader
                0x00000000     0x8fc0
 *(.binapploader*)
 .binapploader  0x00000000     0x8fc0 C:\Users\Admin\SimplicityStudio\v4_workspace3\timerleProject\protocol\bluetooth\lib\EFR32BG13P\GCC\binapploader.o

.text_signature
                0x00008fc0       0x40
                0x00009000                . = ALIGN (0x800)
 *fill*         0x00008fc0       0x40 
                0x00009000                __text_start__ = .

.text_application
                0x00009000    0x1f6e0
 *(.vectors)
 .vectors       0x00009000       0xfc ./platform/Device/SiliconLabs/EFR32BG13P/Source/GCC/startup_efr32bg13p.o
                0x00009000                __Vectors
                0x000090fc                __Vectors_End = .
                0x000000fc                __Vectors_Size = (__Vectors_End - __Vectors)
                0x000090fc                __end__ = .
 *(.application_properties)
 .application_properties
                0x000090fc       0x38 ./application_properties.o
                0x000090fc                applicationProperties
 *(.gecko_configuration)
 *(.xo_configuration)
 *(.gatt_header)
 .gatt_header   0x00009134       0x34 ./gatt_db.o
                0x00009134                bg_gattdb_data
 *(.gatt_data)
 .gatt_data     0x00009168      0x1c6 ./gatt_db.o
                0x00009168                bg_gattdb_data_adv_uuid128_map
                0x0000916c                bg_gattdb_data_adv_uuid16_map
                0x00009170                bg_gattdb_data_attributes_dynamic_mapping_map
                0x00009178                bg_gattdb_data_attributes_map
                0x0000925c                bg_gattdb_data_attribute_field_0
                0x00009260                bg_gattdb_data_attribute_field_1
                0x00009268                bg_gattdb_data_attribute_field_2
                0x00009270                bg_gattdb_data_attribute_field_4
                0x00009274                bg_gattdb_data_attribute_field_5
                0x0000927c                bg_gattdb_data_attribute_field_6
                0x00009284                bg_gattdb_data_attribute_field_7
                0x0000928c                bg_gattdb_data_attribute_field_8
                0x00009290                bg_gattdb_data_attribute_field_9
                0x00009294                bg_gattdb_data_attribute_field_10
                0x0000929c                bg_gattdb_data_attribute_field_11
                0x000092ac                bg_gattdb_data_attribute_field_12
                0x000092b0                bg_gattdb_data_attribute_field_13
                0x000092b8                bg_gattdb_data_attribute_field_14
                0x000092c0                bg_gattdb_data_attribute_field_16
                0x000092d4                bg_gattdb_data_attribute_field_17
                0x000092ec                bg_gattdb_data_attribute_field_18
                0x000092f4                bg_gattdb_data_uuidtable_128_map
                0x00009314                bg_gattdb_data_uuidtable_16_map
 *(.text*)
 *fill*         0x0000932e        0x2 
 .text          0x00009330       0x40 c:/siliconlabs/simplicitystudio/v4/developer/toolchains/gnu_arm/7.2_2017q4/bin/../lib/gcc/arm-none-eabi/7.2.1/thumb/v7e-m/fpv4-sp/softfp/crtbegin.o
 .text          0x00009370       0x74 c:/siliconlabs/simplicitystudio/v4/developer/toolchains/gnu_arm/7.2_2017q4/bin/../lib/gcc/arm-none-eabi/7.2.1/../../../../arm-none-eabi/lib/thumb/v7e-m/fpv4-sp/softfp/crt0.o
                0x00009370                _start
                0x00009370                _mainCRTStartup
 .text.initBoard
                0x000093e4       0x48 ./init_board.o
                0x000093e4                initBoard
 .text.initMcu  0x0000942c      0x104 ./init_mcu.o
                0x0000942c                initMcu
 .text.LETimer0Setup
                0x00009530       0x48 ./letimer.o
                0x00009530                LETimer0Setup
 .text.LETIMER0_IRQHandler
                0x00009578       0x38 ./letimer.o
                0x00009578                LETIMER0_IRQHandler
 .text.main     0x000095b0       0x58 ./main.o
                0x000095b0                main
 .text.Wait_Flash_WarmUp
                0x00009608       0x1e ./hardware/kit/common/drivers/mx25flash_spi.o
                0x00009608                Wait_Flash_WarmUp
 *fill*         0x00009626        0x2 
 .text.MX25_init
                0x00009628       0x90 ./hardware/kit/common/drivers/mx25flash_spi.o
                0x00009628                MX25_init
 .text.InsertDummyCycle
                0x000096b8       0x20 ./hardware/kit/common/drivers/mx25flash_spi.o
                0x000096b8                InsertDummyCycle
 .text.SendByte
                0x000096d8       0x14 ./hardware/kit/common/drivers/mx25flash_spi.o
                0x000096d8                SendByte
 .text.MX25_DP  0x000096ec       0x38 ./hardware/kit/common/drivers/mx25flash_spi.o
                0x000096ec                MX25_DP
 .text.Default_Handler
                0x00009724        0x2 ./platform/Device/SiliconLabs/EFR32BG13P/Source/GCC/startup_efr32bg13p.o
                0x00009724                DebugMon_Handler
                0x00009724                USART0_TX_IRQHandler
                0x00009724                I2C0_IRQHandler
                0x00009724                HardFault_Handler
                0x00009724                SysTick_Handler
                0x00009724                USART1_RX_IRQHandler
                0x00009724                PendSV_Handler
                0x00009724                NMI_Handler
                0x00009724                I2C1_IRQHandler
                0x00009724                WTIMER0_IRQHandler
                0x00009724                CRYPTO0_IRQHandler
                0x00009724                WDOG0_IRQHandler
                0x00009724                USART1_TX_IRQHandler
                0x00009724                SMU_IRQHandler
                0x00009724                MSC_IRQHandler
                0x00009724                ADC0_IRQHandler
                0x00009724                UsageFault_Handler
                0x00009724                WDOG1_IRQHandler
                0x00009724                LEUART0_IRQHandler
                0x00009724                FPUEH_IRQHandler
                0x00009724                GPIO_EVEN_IRQHandler
                0x00009724                VDAC0_IRQHandler
                0x00009724                LDMA_IRQHandler
                0x00009724                CSEN_IRQHandler
                0x00009724                CRYPTO1_IRQHandler
                0x00009724                TIMER0_IRQHandler
                0x00009724                TIMER1_IRQHandler
                0x00009724                TRNG0_IRQHandler
                0x00009724                USART2_RX_IRQHandler
                0x00009724                Default_Handler
                0x00009724                EMU_IRQHandler
                0x00009724                CRYOTIMER_IRQHandler
                0x00009724                PCNT0_IRQHandler
                0x00009724                ACMP0_IRQHandler
                0x00009724                USART0_RX_IRQHandler
                0x00009724                MemManage_Handler
                0x00009724                SVC_Handler
                0x00009724                RTCC_IRQHandler
                0x00009724                CMU_IRQHandler
                0x00009724                GPIO_ODD_IRQHandler
                0x00009724                LESENSE_IRQHandler
                0x00009724                BusFault_Handler
                0x00009724                USART2_TX_IRQHandler
                0x00009724                IDAC0_IRQHandler
 *fill*         0x00009726        0x2 
 .text.Reset_Handler
                0x00009728       0x2c ./platform/Device/SiliconLabs/EFR32BG13P/Source/GCC/startup_efr32bg13p.o
                0x00009728                Reset_Handler
 .text.SystemMaxCoreClockGet
                0x00009754        0x8 ./platform/Device/SiliconLabs/EFR32BG13P/Source/system_efr32bg13p.o
                0x00009754                SystemMaxCoreClockGet
 .text.SystemHFClockGet
                0x0000975c       0x50 ./platform/Device/SiliconLabs/EFR32BG13P/Source/system_efr32bg13p.o
                0x0000975c                SystemHFClockGet
 .text.SystemCoreClockGet
                0x000097ac       0x24 ./platform/Device/SiliconLabs/EFR32BG13P/Source/system_efr32bg13p.o
                0x000097ac                SystemCoreClockGet
 .text.SystemHFXOClockGet
                0x000097d0        0xc ./platform/Device/SiliconLabs/EFR32BG13P/Source/system_efr32bg13p.o
                0x000097d0                SystemHFXOClockGet
 .text.SystemHFXOClockSet
                0x000097dc       0x24 ./platform/Device/SiliconLabs/EFR32BG13P/Source/system_efr32bg13p.o
                0x000097dc                SystemHFXOClockSet
 .text.SystemInit
                0x00009800       0x14 ./platform/Device/SiliconLabs/EFR32BG13P/Source/system_efr32bg13p.o
                0x00009800                SystemInit
 .text.SystemLFRCOClockGet
                0x00009814        0x6 ./platform/Device/SiliconLabs/EFR32BG13P/Source/system_efr32bg13p.o
                0x00009814                SystemLFRCOClockGet
 .text.SystemULFRCOClockGet
                0x0000981a        0x6 ./platform/Device/SiliconLabs/EFR32BG13P/Source/system_efr32bg13p.o
                0x0000981a                SystemULFRCOClockGet
 .text.SystemLFXOClockGet
                0x00009820        0xc ./platform/Device/SiliconLabs/EFR32BG13P/Source/system_efr32bg13p.o
                0x00009820                SystemLFXOClockGet
 .text.SystemLFXOClockSet
                0x0000982c       0x24 ./platform/Device/SiliconLabs/EFR32BG13P/Source/system_efr32bg13p.o
                0x0000982c                SystemLFXOClockSet
 .text.sleepCallbackWrapper
                0x00009850       0x14 ./platform/emdrv/sleep/src/sleep.o
 .text.SLEEP_Init
                0x00009864       0x44 ./platform/emdrv/sleep/src/sleep.o
                0x00009864                SLEEP_Init
 .text.SLEEP_SleepBlockBegin
                0x000098a8       0x28 ./platform/emdrv/sleep/src/sleep.o
                0x000098a8                SLEEP_SleepBlockBegin
 .text.setHfLeConfig
                0x000098d0       0x44 ./platform/emlib/src/em_cmu.o
 .text.flashWaitStateControl
                0x00009914       0x54 ./platform/emlib/src/em_cmu.o
 .text.flashWaitStateMax
                0x00009968       0x24 ./platform/emlib/src/em_cmu.o
 .text.CMU_UpdateWaitStates
                0x0000998c       0x20 ./platform/emlib/src/em_cmu.o
                0x0000998c                CMU_UpdateWaitStates
 .text.CMU_ClockEnable
                0x000099ac       0x8c ./platform/emlib/src/em_cmu.o
                0x000099ac                CMU_ClockEnable
 .text.CMU_ClockSelectGet
                0x00009a38       0xf4 ./platform/emlib/src/em_cmu.o
                0x00009a38                CMU_ClockSelectGet
 .text.lfClkGet
                0x00009b2c       0x8c ./platform/emlib/src/em_cmu.o
 .text.CMU_ClockFreqGet
                0x00009bb8      0x1c4 ./platform/emlib/src/em_cmu.o
                0x00009bb8                CMU_ClockFreqGet
 .text.CMU_HFXOAutostartEnable
                0x00009d7c       0x64 ./platform/emlib/src/em_cmu.o
                0x00009d7c                CMU_HFXOAutostartEnable
 .text.CMU_OscillatorTuningSet
                0x00009de0       0xac ./platform/emlib/src/em_cmu.o
                0x00009de0                CMU_OscillatorTuningSet
 .text.CMU_OscillatorTuningWait
                0x00009e8c       0x50 ./platform/emlib/src/em_cmu.o
                0x00009e8c                CMU_OscillatorTuningWait
 .text.CMU_OscillatorTuningOptimize
                0x00009edc       0x2c ./platform/emlib/src/em_cmu.o
                0x00009edc                CMU_OscillatorTuningOptimize
 .text.CMU_OscillatorEnable
                0x00009f08      0x11c ./platform/emlib/src/em_cmu.o
                0x00009f08                CMU_OscillatorEnable
 .text.CMU_ClockSelectSet
                0x0000a024      0x1c4 ./platform/emlib/src/em_cmu.o
                0x0000a024                CMU_ClockSelectSet
 .text.CMU_HFXOInit
                0x0000a1e8       0x7c ./platform/emlib/src/em_cmu.o
                0x0000a1e8                CMU_HFXOInit
 .text.CMU_LFXOInit
                0x0000a264       0x40 ./platform/emlib/src/em_cmu.o
                0x0000a264                CMU_LFXOInit
 .text.CORE_EnterCritical
                0x0000a2a4        0x8 ./platform/emlib/src/em_core.o
                0x0000a2a4                CORE_EnterCritical
 .text.CORE_ExitCritical
                0x0000a2ac        0x6 ./platform/emlib/src/em_core.o
                0x0000a2ac                CORE_ExitCritical
 .text.CORE_EnterAtomic
                0x0000a2b2        0x8 ./platform/emlib/src/em_core.o
                0x0000a2b2                CORE_EnterAtomic
 .text.CORE_ExitAtomic
                0x0000a2ba        0x6 ./platform/emlib/src/em_core.o
                0x0000a2ba                CORE_ExitAtomic
 .text.CORE_SetNvicRamTableHandler
                0x0000a2c0       0x10 ./platform/emlib/src/em_core.o
                0x0000a2c0                CORE_SetNvicRamTableHandler
 .text.CORE_InitNvicVectorTable
                0x0000a2d0       0x58 ./platform/emlib/src/em_core.o
                0x0000a2d0                CORE_InitNvicVectorTable
 .text.CRYPTO_ModulusSet
                0x0000a328       0x2e ./platform/emlib/src/em_crypto.o
                0x0000a328                CRYPTO_ModulusSet
 .text.CRYPTO_KeyRead
                0x0000a356       0x2c ./platform/emlib/src/em_crypto.o
                0x0000a356                CRYPTO_KeyRead
 *fill*         0x0000a382        0x2 
 .text.vScaleDownEM23Setup
                0x0000a384       0x34 ./platform/emlib/src/em_emu.o
 .text.vScaleAfterWakeup
                0x0000a3b8       0x30 ./platform/emlib/src/em_emu.o
 .text.lpGetDevinfoVrefLowHigh
                0x0000a3e8       0xbc ./platform/emlib/src/em_emu.o
 .text.emState  0x0000a4a4       0xfc ./platform/emlib/src/em_emu.o
 .text.EMU_EnterEM2
                0x0000a5a0       0x38 ./platform/emlib/src/em_emu.o
                0x0000a5a0                EMU_EnterEM2
 .text.EMU_VScaleEM01
                0x0000a5d8       0x70 ./platform/emlib/src/em_emu.o
                0x0000a5d8                EMU_VScaleEM01
 .text.EMU_VScaleEM01ByClock
                0x0000a648       0x48 ./platform/emlib/src/em_emu.o
                0x0000a648                EMU_VScaleEM01ByClock
 .text.EMU_EM01Init
                0x0000a690       0x18 ./platform/emlib/src/em_emu.o
                0x0000a690                EMU_EM01Init
 .text.EMU_EM23Init
                0x0000a6a8       0x18 ./platform/emlib/src/em_emu.o
                0x0000a6a8                EMU_EM23Init
 .text.EMU_DCDCModeSet
                0x0000a6c0       0x9c ./platform/emlib/src/em_emu.o
                0x0000a6c0                EMU_DCDCModeSet
 .text.EMU_DCDCOutputVoltageSet
                0x0000a75c      0x1e0 ./platform/emlib/src/em_emu.o
                0x0000a75c                EMU_DCDCOutputVoltageSet
 .text.EMU_DCDCOptimizeSlice
                0x0000a93c      0x10c ./platform/emlib/src/em_emu.o
                0x0000a93c                EMU_DCDCOptimizeSlice
 .text.EMU_DCDCLnRcoBandSet
                0x0000aa48       0x28 ./platform/emlib/src/em_emu.o
                0x0000aa48                EMU_DCDCLnRcoBandSet
 .text.EMU_DCDCInit
                0x0000aa70       0xf0 ./platform/emlib/src/em_emu.o
                0x0000aa70                EMU_DCDCInit
 .text.GPIO_DriveStrengthSet
                0x0000ab60       0x20 ./platform/emlib/src/em_gpio.o
                0x0000ab60                GPIO_DriveStrengthSet
 .text.GPIO_PinModeSet
                0x0000ab80       0xb4 ./platform/emlib/src/em_gpio.o
                0x0000ab80                GPIO_PinModeSet
 .text.LETIMER_CompareSet
                0x0000ac34       0x12 ./platform/emlib/src/em_letimer.o
                0x0000ac34                LETIMER_CompareSet
 .text.LETIMER_Init
                0x0000ac46       0x66 ./platform/emlib/src/em_letimer.o
                0x0000ac46                LETIMER_Init
 .text.MSC_Init
                0x0000acac       0x20 ./platform/emlib/src/em_msc.o
                0x0000acac                MSC_Init
 .text.MSC_Deinit
                0x0000accc       0x14 ./platform/emlib/src/em_msc.o
                0x0000accc                MSC_Deinit
 .text.RMU_ResetCauseClear
                0x0000ace0        0xc ./platform/emlib/src/em_rmu.o
                0x0000ace0                RMU_ResetCauseClear
 .text.RMU_ResetCauseGet
                0x0000acec       0x68 ./platform/emlib/src/em_rmu.o
                0x0000acec                RMU_ResetCauseGet
 .text.RTCC_Init
                0x0000ad54       0x64 ./platform/emlib/src/em_rtcc.o
                0x0000ad54                RTCC_Init
 .text.SYSTEM_ChipRevisionGet
                0x0000adb8       0x34 ./platform/emlib/src/em_system.o
                0x0000adb8                SYSTEM_ChipRevisionGet
 .text.USART_BaudrateSyncSet
                0x0000adec       0x24 ./platform/emlib/src/em_usart.o
                0x0000adec                USART_BaudrateSyncSet
 .text.USART_Reset
                0x0000ae10       0x5c ./platform/emlib/src/em_usart.o
                0x0000ae10                USART_Reset
 .text.USART_InitSync
                0x0000ae6c       0x82 ./platform/emlib/src/em_usart.o
                0x0000ae6c                USART_InitSync
 .text.USART_SpiTransfer
                0x0000aeee       0x18 ./platform/emlib/src/em_usart.o
                0x0000aeee                USART_SpiTransfer
 *fill*         0x0000af06        0x2 
 .text.cmu_init
                0x0000af08       0x48 ./src/cmu.o
                0x0000af08                cmu_init
 .text.gpio_init
                0x0000af50       0x1a ./src/gpio.o
                0x0000af50                gpio_init
 .text.eventDefault
                0x0000af6a        0x2 C:\Users\Admin\SimplicityStudio\v4_workspace3\timerleProject\platform\radio\rail_lib\autogen\librail_release\librail_efr32xg13_gcc_release.a(rail_rf_hal.o)
 .text.RFHAL_NotifyUserOfIrCal
                0x0000af6c       0x78 C:\Users\Admin\SimplicityStudio\v4_workspace3\timerleProject\platform\radio\rail_lib\autogen\librail_release\librail_efr32xg13_gcc_release.a(rail_rf_hal.o)
 *fill*         0x0000afe4        0x4 
 .text.GENERIC_PHY_EventCallback
                0x0000afe8      0x194 C:\Users\Admin\SimplicityStudio\v4_workspace3\timerleProject\platform\radio\rail_lib\autogen\librail_release\librail_efr32xg13_gcc_release.a(rail_rf_hal.o)
                0x0000afe8                GENERIC_PHY_EventCallback
 .text.RFHAL_IntEnable
                0x0000b17c       0x58 C:\Users\Admin\SimplicityStudio\v4_workspace3\timerleProject\platform\radio\rail_lib\autogen\librail_release\librail_efr32xg13_gcc_release.a(rail_rf_hal.o)
                0x0000b17c                RFHAL_IntEnable
 .text.RFHAL_SetEventCallback
                0x0000b1d4       0x18 C:\Users\Admin\SimplicityStudio\v4_workspace3\timerleProject\platform\radio\rail_lib\autogen\librail_release\librail_efr32xg13_gcc_release.a(rail_rf_hal.o)
                0x0000b1d4                RFHAL_SetEventCallback
 .text.RFHAL_SetPtiProtocol
                0x0000b1ec       0x20 C:\Users\Admin\SimplicityStudio\v4_workspace3\timerleProject\platform\radio\rail_lib\autogen\librail_release\librail_efr32xg13_gcc_release.a(rail_rf_hal.o)
                0x0000b1ec                RFHAL_SetPtiProtocol
 .text.RFHAL_Idle
                0x0000b20c       0x2a C:\Users\Admin\SimplicityStudio\v4_workspace3\timerleProject\platform\radio\rail_lib\autogen\librail_release\librail_efr32xg13_gcc_release.a(rail_rf_hal.o)
                0x0000b20c                RFHAL_Idle
 *fill*         0x0000b236        0x2 
 .text.RFHAL_GetRadioState
                0x0000b238       0x48 C:\Users\Admin\SimplicityStudio\v4_workspace3\timerleProject\platform\radio\rail_lib\autogen\librail_release\librail_efr32xg13_gcc_release.a(rail_rf_hal.o)
                0x0000b238                RFHAL_GetRadioState
 .text.RFHAL_OkToTransmit
                0x0000b280       0x18 C:\Users\Admin\SimplicityStudio\v4_workspace3\timerleProject\platform\radio\rail_lib\autogen\librail_release\librail_efr32xg13_gcc_release.a(rail_rf_hal.o)
                0x0000b280                RFHAL_OkToTransmit
 .text.RFHAL_ScheduleRx
                0x0000b298       0x5a C:\Users\Admin\SimplicityStudio\v4_workspace3\timerleProject\platform\radio\rail_lib\autogen\librail_release\librail_efr32xg13_gcc_release.a(rail_rf_hal.o)
                0x0000b298                RFHAL_ScheduleRx
 *fill*         0x0000b2f2        0x2 
 .text.RFHAL_EnableRxRawCapture
                0x0000b2f4       0x58 C:\Users\Admin\SimplicityStudio\v4_workspace3\timerleProject\platform\radio\rail_lib\autogen\librail_release\librail_efr32xg13_gcc_release.a(rail_rf_hal.o)
                0x0000b2f4                RFHAL_EnableRxRawCapture
 .text.RFHAL_DisableRxRawCapture
                0x0000b34c       0x50 C:\Users\Admin\SimplicityStudio\v4_workspace3\timerleProject\platform\radio\rail_lib\autogen\librail_release\librail_efr32xg13_gcc_release.a(rail_rf_hal.o)
                0x0000b34c                RFHAL_DisableRxRawCapture
 .text.RFHAL_AcceptCrcErrors
                0x0000b39c       0x18 C:\Users\Admin\SimplicityStudio\v4_workspace3\timerleProject\platform\radio\rail_lib\autogen\librail_release\librail_efr32xg13_gcc_release.a(rail_rf_hal.o)
                0x0000b39c                RFHAL_AcceptCrcErrors
 .text.RFHAL_ConfigRxOptions
                0x0000b3b4      0x124 C:\Users\Admin\SimplicityStudio\v4_workspace3\timerleProject\platform\radio\rail_lib\autogen\librail_release\librail_efr32xg13_gcc_release.a(rail_rf_hal.o)
                0x0000b3b4                RFHAL_ConfigRxOptions
 .text.RFHAL_GetTimer
                0x0000b4d8        0xc C:\Users\Admin\SimplicityStudio\v4_workspace3\timerleProject\platform\radio\rail_lib\autogen\librail_release\librail_efr32xg13_gcc_release.a(rail_rf_hal.o)
                0x0000b4d8                RFHAL_GetTimer
 .text.RFHAL_CancelTimer
                0x0000b4e4       0x28 C:\Users\Admin\SimplicityStudio\v4_workspace3\timerleProject\platform\radio\rail_lib\autogen\librail_release\librail_efr32xg13_gcc_release.a(rail_rf_hal.o)
                0x0000b4e4                RFHAL_CancelTimer
 .text.RFHAL_SetTimer
                0x0000b50c       0x7c C:\Users\Admin\SimplicityStudio\v4_workspace3\timerleProject\platform\radio\rail_lib\autogen\librail_release\librail_efr32xg13_gcc_release.a(rail_rf_hal.o)
                0x0000b50c                RFHAL_SetTimer
 .text.RFHAL_IsTimerExpired
                0x0000b588       0x1c C:\Users\Admin\SimplicityStudio\v4_workspace3\timerleProject\platform\radio\rail_lib\autogen\librail_release\librail_efr32xg13_gcc_release.a(rail_rf_hal.o)
                0x0000b588                RFHAL_IsTimerExpired
 .text.RFHAL_IsTimerRunning
                0x0000b5a4        0x6 C:\Users\Admin\SimplicityStudio\v4_workspace3\timerleProject\platform\radio\rail_lib\autogen\librail_release\librail_efr32xg13_gcc_release.a(rail_rf_hal.o)
                0x0000b5a4                RFHAL_IsTimerRunning
 *fill*         0x0000b5aa        0x2 
 .text.RFHAL_CalcBitRate
                0x0000b5ac        0xc C:\Users\Admin\SimplicityStudio\v4_workspace3\timerleProject\platform\radio\rail_lib\autogen\librail_release\librail_efr32xg13_gcc_release.a(rail_rf_hal.o)
                0x0000b5ac                RFHAL_CalcBitRate
 .text.RFHAL_GetBitRate
                0x0000b5b8       0x22 C:\Users\Admin\SimplicityStudio\v4_workspace3\timerleProject\platform\radio\rail_lib\autogen\librail_release\librail_efr32xg13_gcc_release.a(rail_rf_hal.o)
                0x0000b5b8                RFHAL_GetBitRate
 *fill*         0x0000b5da        0x2 
 .text.RFHAL_SetTxTransitions
                0x0000b5dc       0x1c C:\Users\Admin\SimplicityStudio\v4_workspace3\timerleProject\platform\radio\rail_lib\autogen\librail_release\librail_efr32xg13_gcc_release.a(rail_rf_hal.o)
                0x0000b5dc                RFHAL_SetTxTransitions
 .text.RFHAL_SetRxTransitions
                0x0000b5f8       0x1c C:\Users\Admin\SimplicityStudio\v4_workspace3\timerleProject\platform\radio\rail_lib\autogen\librail_release\librail_efr32xg13_gcc_release.a(rail_rf_hal.o)
                0x0000b5f8                RFHAL_SetRxTransitions
 .text.RFHAL_SetCRCInitVal
                0x0000b614        0x4 C:\Users\Admin\SimplicityStudio\v4_workspace3\timerleProject\platform\radio\rail_lib\autogen\librail_release\librail_efr32xg13_gcc_release.a(rail_rf_hal.o)
                0x0000b614                RFHAL_SetCRCInitVal
 .text.RFHAL_ConfigTxPower
                0x0000b618        0xc C:\Users\Admin\SimplicityStudio\v4_workspace3\timerleProject\platform\radio\rail_lib\autogen\librail_release\librail_efr32xg13_gcc_release.a(rail_rf_hal.o)
                0x0000b618                RFHAL_ConfigTxPower
 .text.RFHAL_SetTxPowerUnchecked
                0x0000b624       0x18 C:\Users\Admin\SimplicityStudio\v4_workspace3\timerleProject\platform\radio\rail_lib\autogen\librail_release\librail_efr32xg13_gcc_release.a(rail_rf_hal.o)
                0x0000b624                RFHAL_SetTxPowerUnchecked
 .text.RFHAL_SetTxPower
                0x0000b63c       0x40 C:\Users\Admin\SimplicityStudio\v4_workspace3\timerleProject\platform\radio\rail_lib\autogen\librail_release\librail_efr32xg13_gcc_release.a(rail_rf_hal.o)
                0x0000b63c                RFHAL_SetTxPower
 .text.RFHAL_GetTxPowerConfig
                0x0000b67c        0xc C:\Users\Admin\SimplicityStudio\v4_workspace3\timerleProject\platform\radio\rail_lib\autogen\librail_release\librail_efr32xg13_gcc_release.a(rail_rf_hal.o)
                0x0000b67c                RFHAL_GetTxPowerConfig
 .text.RFHAL_GetTxPower
                0x0000b688        0x4 C:\Users\Admin\SimplicityStudio\v4_workspace3\timerleProject\platform\radio\rail_lib\autogen\librail_release\librail_efr32xg13_gcc_release.a(rail_rf_hal.o)
                0x0000b688                RFHAL_GetTxPower
 .text.RFHAL_SetChannel
                0x0000b68c       0xc4 C:\Users\Admin\SimplicityStudio\v4_workspace3\timerleProject\platform\radio\rail_lib\autogen\librail_release\librail_efr32xg13_gcc_release.a(rail_rf_hal.o)
                0x0000b68c                RFHAL_SetChannel
 .text.RFHAL_IsAutoAckEnabled
                0x0000b750        0x6 C:\Users\Admin\SimplicityStudio\v4_workspace3\timerleProject\platform\radio\rail_lib\autogen\librail_release\librail_efr32xg13_gcc_release.a(rail_rf_hal.o)
                0x0000b750                RFHAL_IsAutoAckEnabled
 *fill*         0x0000b756        0x2 
 .text.RFHAL_AutoAckWaitForAck
                0x0000b758       0x18 C:\Users\Admin\SimplicityStudio\v4_workspace3\timerleProject\platform\radio\rail_lib\autogen\librail_release\librail_efr32xg13_gcc_release.a(rail_rf_hal.o)
                0x0000b758                RFHAL_AutoAckWaitForAck
 .text.preTxOps
                0x0000b770       0xf4 C:\Users\Admin\SimplicityStudio\v4_workspace3\timerleProject\platform\radio\rail_lib\autogen\librail_release\librail_efr32xg13_gcc_release.a(rail_rf_hal.o)
 .text.RFHAL_StartTx
                0x0000b864       0x12 C:\Users\Admin\SimplicityStudio\v4_workspace3\timerleProject\platform\radio\rail_lib\autogen\librail_release\librail_efr32xg13_gcc_release.a(rail_rf_hal.o)
                0x0000b864                RFHAL_StartTx
 .text.RFHAL_StartScheduledTx
                0x0000b876       0x3c C:\Users\Admin\SimplicityStudio\v4_workspace3\timerleProject\platform\radio\rail_lib\autogen\librail_release\librail_efr32xg13_gcc_release.a(rail_rf_hal.o)
                0x0000b876                RFHAL_StartScheduledTx
 *fill*         0x0000b8b2        0x2 
 .text.RFHAL_GetRxPacketInfo
                0x0000b8b4       0x48 C:\Users\Admin\SimplicityStudio\v4_workspace3\timerleProject\platform\radio\rail_lib\autogen\librail_release\librail_efr32xg13_gcc_release.a(rail_rf_hal.o)
                0x0000b8b4                RFHAL_GetRxPacketInfo
 .text.RFHAL_GetRxPacketDetailsAlt
                0x0000b8fc       0x98 C:\Users\Admin\SimplicityStudio\v4_workspace3\timerleProject\platform\radio\rail_lib\autogen\librail_release\librail_efr32xg13_gcc_release.a(rail_rf_hal.o)
                0x0000b8fc                RFHAL_GetRxPacketDetailsAlt
 .text.RFHAL_GetRxPacketDetails
                0x0000b994       0x22 C:\Users\Admin\SimplicityStudio\v4_workspace3\timerleProject\platform\radio\rail_lib\autogen\librail_release\librail_efr32xg13_gcc_release.a(rail_rf_hal.o)
                0x0000b994                RFHAL_GetRxPacketDetails
 .text.RFHAL_SetTxBuffer
                0x0000b9b6       0x34 C:\Users\Admin\SimplicityStudio\v4_workspace3\timerleProject\platform\radio\rail_lib\autogen\librail_release\librail_efr32xg13_gcc_release.a(rail_rf_hal.o)
                0x0000b9b6                RFHAL_SetTxBuffer
 .text.RFHAL_SetRxBuffer
                0x0000b9ea       0x2c C:\Users\Admin\SimplicityStudio\v4_workspace3\timerleProject\platform\radio\rail_lib\autogen\librail_release\librail_efr32xg13_gcc_release.a(rail_rf_hal.o)
                0x0000b9ea                RFHAL_SetRxBuffer
 *fill*         0x0000ba16        0x2 
 .text.RFHAL_ResetTxFifo
                0x0000ba18       0x2c C:\Users\Admin\SimplicityStudio\v4_workspace3\timerleProject\platform\radio\rail_lib\autogen\librail_release\librail_efr32xg13_gcc_release.a(rail_rf_hal.o)
                0x0000ba18                RFHAL_ResetTxFifo
 .text.RFHAL_WriteTxFifo
                0x0000ba44       0x4c C:\Users\Admin\SimplicityStudio\v4_workspace3\timerleProject\platform\radio\rail_lib\autogen\librail_release\librail_efr32xg13_gcc_release.a(rail_rf_hal.o)
                0x0000ba44                RFHAL_WriteTxFifo
 .text.RFHAL_ResetRxFifo
                0x0000ba90       0x40 C:\Users\Admin\SimplicityStudio\v4_workspace3\timerleProject\platform\radio\rail_lib\autogen\librail_release\librail_efr32xg13_gcc_release.a(rail_rf_hal.o)
                0x0000ba90                RFHAL_ResetRxFifo
 .text.RFHAL_ConfigData
                0x0000bad0       0x7c C:\Users\Admin\SimplicityStudio\v4_workspace3\timerleProject\platform\radio\rail_lib\autogen\librail_release\librail_efr32xg13_gcc_release.a(rail_rf_hal.o)
                0x0000bad0                RFHAL_ConfigData
 .text.RFHAL_SetAbortScheduledTxDuringRx
                0x0000bb4c       0x18 C:\Users\Admin\SimplicityStudio\v4_workspace3\timerleProject\platform\radio\rail_lib\autogen\librail_release\librail_efr32xg13_gcc_release.a(rail_rf_hal.o)
                0x0000bb4c                RFHAL_SetAbortScheduledTxDuringRx
 .text.RFHAL_ConfigRadio
                0x0000bb64       0xac C:\Users\Admin\SimplicityStudio\v4_workspace3\timerleProject\platform\radio\rail_lib\autogen\librail_release\librail_efr32xg13_gcc_release.a(rail_rf_hal.o)
                0x0000bb64                RFHAL_ConfigRadio
 .text.RFHAL_ConfigFrameTypeLength
                0x0000bc10       0x70 C:\Users\Admin\SimplicityStudio\v4_workspace3\timerleProject\platform\radio\rail_lib\autogen\librail_release\librail_efr32xg13_gcc_release.a(rail_rf_hal.o)
                0x0000bc10                RFHAL_ConfigFrameTypeLength
 .text.RFHAL_GetTime
                0x0000bc80        0x4 C:\Users\Admin\SimplicityStudio\v4_workspace3\timerleProject\platform\radio\rail_lib\autogen\librail_release\librail_efr32xg13_gcc_release.a(rail_rf_hal.o)
                0x0000bc80                RFHAL_GetTime
 .text.RFHAL_ResetAddressFilter
                0x0000bc84       0x10 C:\Users\Admin\SimplicityStudio\v4_workspace3\timerleProject\platform\radio\rail_lib\autogen\librail_release\librail_efr32xg13_gcc_release.a(rail_rf_hal.o)
                0x0000bc84                RFHAL_ResetAddressFilter
 .text.RFHAL_Init
                0x0000bc94       0xa8 C:\Users\Admin\SimplicityStudio\v4_workspace3\timerleProject\platform\radio\rail_lib\autogen\librail_release\librail_efr32xg13_gcc_release.a(rail_rf_hal.o)
                0x0000bc94                RFHAL_Init
 .text.RFHAL_GetRadioEntropy
                0x0000bd3c        0x4 C:\Users\Admin\SimplicityStudio\v4_workspace3\timerleProject\platform\radio\rail_lib\autogen\librail_release\librail_efr32xg13_gcc_release.a(rail_rf_hal.o)
                0x0000bd3c                RFHAL_GetRadioEntropy
 .text.RFHAL_SetStateTiming
                0x0000bd40       0x56 C:\Users\Admin\SimplicityStudio\v4_workspace3\timerleProject\platform\radio\rail_lib\autogen\librail_release\librail_efr32xg13_gcc_release.a(rail_rf_hal.o)
                0x0000bd40                RFHAL_SetStateTiming
 .text.RFHAL_IEEE802154IsEnabled
                0x0000bd96        0x6 C:\Users\Admin\SimplicityStudio\v4_workspace3\timerleProject\platform\radio\rail_lib\autogen\librail_release\librail_efr32xg13_gcc_release.a(rail_ieee802154_rf_hal.o)
                0x0000bd96                RFHAL_IEEE802154IsEnabled
 .text.RFHAL_ConfigBle2MbpsViterbi
                0x0000bd9c       0x28 C:\Users\Admin\SimplicityStudio\v4_workspace3\timerleProject\platform\radio\rail_lib\autogen\librail_release\librail_efr32xg13_gcc_release.a(rail_ble_rf_hal.o)
                0x0000bd9c                RFHAL_ConfigBle2MbpsViterbi
 .text.RFHAL_ConfigBle1MbpsViterbi
                0x0000bdc4       0x28 C:\Users\Admin\SimplicityStudio\v4_workspace3\timerleProject\platform\radio\rail_lib\autogen\librail_release\librail_efr32xg13_gcc_release.a(rail_ble_rf_hal.o)
                0x0000bdc4                RFHAL_ConfigBle1MbpsViterbi
 .text.RFHAL_ConfigBleCoded
                0x0000bdec       0x34 C:\Users\Admin\SimplicityStudio\v4_workspace3\timerleProject\platform\radio\rail_lib\autogen\librail_release\librail_efr32xg13_gcc_release.a(rail_ble_rf_hal.o)
                0x0000bdec                RFHAL_ConfigBleCoded
 .text.RFHAL_BleReinit
                0x0000be20       0x1c C:\Users\Admin\SimplicityStudio\v4_workspace3\timerleProject\platform\radio\rail_lib\autogen\librail_release\librail_efr32xg13_gcc_release.a(rail_ble_rf_hal.o)
                0x0000be20                RFHAL_BleReinit
 .text.RFHAL_BleInit
                0x0000be3c       0x12 C:\Users\Admin\SimplicityStudio\v4_workspace3\timerleProject\platform\radio\rail_lib\autogen\librail_release\librail_efr32xg13_gcc_release.a(rail_ble_rf_hal.o)
                0x0000be3c                RFHAL_BleInit
 *fill*         0x0000be4e        0x2 
 .text.RFHAL_IsBleLongRangeEnabled
                0x0000be50       0x18 C:\Users\Admin\SimplicityStudio\v4_workspace3\timerleProject\platform\radio\rail_lib\autogen\librail_release\librail_efr32xg13_gcc_release.a(rail_ble_rf_hal.o)
                0x0000be50                RFHAL_IsBleLongRangeEnabled
 .text.RFHAL_BLEPreambleSyncWordSet
                0x0000be68       0x44 C:\Users\Admin\SimplicityStudio\v4_workspace3\timerleProject\platform\radio\rail_lib\autogen\librail_release\librail_efr32xg13_gcc_release.a(rail_ble_rf_hal.o)
                0x0000be68                RFHAL_BLEPreambleSyncWordSet
 .text.RFHAL_BLEWhiteningSet
                0x0000beac       0x68 C:\Users\Admin\SimplicityStudio\v4_workspace3\timerleProject\platform\radio\rail_lib\autogen\librail_release\librail_efr32xg13_gcc_release.a(rail_ble_rf_hal.o)
                0x0000beac                RFHAL_BLEWhiteningSet
 .text.setMultiTimer
                0x0000bf14        0x4 C:\Users\Admin\SimplicityStudio\v4_workspace3\timerleProject\platform\radio\rail_lib\autogen\librail_release\librail_efr32xg13_gcc_release.a(rail_singleprotocol.o)
 .text.cancelMultiTimer
                0x0000bf18        0x4 C:\Users\Admin\SimplicityStudio\v4_workspace3\timerleProject\platform\radio\rail_lib\autogen\librail_release\librail_efr32xg13_gcc_release.a(rail_singleprotocol.o)
 .text.isMultiTimerExpired
                0x0000bf1c        0x4 C:\Users\Admin\SimplicityStudio\v4_workspace3\timerleProject\platform\radio\rail_lib\autogen\librail_release\librail_efr32xg13_gcc_release.a(rail_singleprotocol.o)
 .text.getMultiTimer
                0x0000bf20        0x4 C:\Users\Admin\SimplicityStudio\v4_workspace3\timerleProject\platform\radio\rail_lib\autogen\librail_release\librail_efr32xg13_gcc_release.a(rail_singleprotocol.o)
 .text.getActiveTimerCb
                0x0000bf24       0x18 C:\Users\Admin\SimplicityStudio\v4_workspace3\timerleProject\platform\radio\rail_lib\autogen\librail_release\librail_efr32xg13_gcc_release.a(rail_singleprotocol.o)
 .text.isMultiTimerRunning
                0x0000bf3c        0x4 C:\Users\Admin\SimplicityStudio\v4_workspace3\timerleProject\platform\radio\rail_lib\autogen\librail_release\librail_efr32xg13_gcc_release.a(rail_singleprotocol.o)
 .text.RAIL_Init
                0x0000bf40       0x20 C:\Users\Admin\SimplicityStudio\v4_workspace3\timerleProject\platform\radio\rail_lib\autogen\librail_release\librail_efr32xg13_gcc_release.a(rail_singleprotocol.o)
                0x0000bf40                RAIL_Init
 .text.RAIL_GetSchedulerStatus
                0x0000bf60        0x4 C:\Users\Admin\SimplicityStudio\v4_workspace3\timerleProject\platform\radio\rail_lib\autogen\librail_release\librail_efr32xg13_gcc_release.a(rail_singleprotocol.o)
                0x0000bf60                RAIL_GetSchedulerStatus
 .text.RAIL_Idle
                0x0000bf64        0x8 C:\Users\Admin\SimplicityStudio\v4_workspace3\timerleProject\platform\radio\rail_lib\autogen\librail_release\librail_efr32xg13_gcc_release.a(rail_singleprotocol.o)
                0x0000bf64                RAIL_Idle
 .text.RAIL_YieldRadio
                0x0000bf6c        0x2 C:\Users\Admin\SimplicityStudio\v4_workspace3\timerleProject\platform\radio\rail_lib\autogen\librail_release\librail_efr32xg13_gcc_release.a(rail_singleprotocol.o)
                0x0000bf6c                RAIL_YieldRadio
 .text.RAIL_GetRadioEntropy
                0x0000bf6e        0x8 C:\Users\Admin\SimplicityStudio\v4_workspace3\timerleProject\platform\radio\rail_lib\autogen\librail_release\librail_efr32xg13_gcc_release.a(rail_singleprotocol.o)
                0x0000bf6e                RAIL_GetRadioEntropy
 .text.RAIL_SetTimer
                0x0000bf76       0x1c C:\Users\Admin\SimplicityStudio\v4_workspace3\timerleProject\platform\radio\rail_lib\autogen\librail_release\librail_efr32xg13_gcc_release.a(rail_singleprotocol.o)
                0x0000bf76                RAIL_SetTimer
 .text.RAIL_CancelTimer
                0x0000bf92        0xe C:\Users\Admin\SimplicityStudio\v4_workspace3\timerleProject\platform\radio\rail_lib\autogen\librail_release\librail_efr32xg13_gcc_release.a(rail_singleprotocol.o)
                0x0000bf92                RAIL_CancelTimer
 .text.RAIL_StartTx
                0x0000bfa0        0x6 C:\Users\Admin\SimplicityStudio\v4_workspace3\timerleProject\platform\radio\rail_lib\autogen\librail_release\librail_efr32xg13_gcc_release.a(rail_singleprotocol.o)
                0x0000bfa0                RAIL_StartTx
 .text.RAIL_StartScheduledTx
                0x0000bfa6        0x6 C:\Users\Admin\SimplicityStudio\v4_workspace3\timerleProject\platform\radio\rail_lib\autogen\librail_release\librail_efr32xg13_gcc_release.a(rail_singleprotocol.o)
                0x0000bfa6                RAIL_StartScheduledTx
 .text.RAIL_ScheduleRx
                0x0000bfac        0x6 C:\Users\Admin\SimplicityStudio\v4_workspace3\timerleProject\platform\radio\rail_lib\autogen\librail_release\librail_efr32xg13_gcc_release.a(rail_singleprotocol.o)
                0x0000bfac                RAIL_ScheduleRx
 .text.radioConfigChangedDefault
                0x0000bfb2        0x2 C:\Users\Admin\SimplicityStudio\v4_workspace3\timerleProject\platform\radio\rail_lib\autogen\librail_release\librail_efr32xg13_gcc_release.a(rail_rf.o)
 .text.isTransitionState
                0x0000bfb4       0x12 C:\Users\Admin\SimplicityStudio\v4_workspace3\timerleProject\platform\radio\rail_lib\autogen\librail_release\librail_efr32xg13_gcc_release.a(rail_rf.o)
 .text.RAILCore_Init
                0x0000bfc6       0x12 C:\Users\Admin\SimplicityStudio\v4_workspace3\timerleProject\platform\radio\rail_lib\autogen\librail_release\librail_efr32xg13_gcc_release.a(rail_rf.o)
                0x0000bfc6                RAILCore_Init
 .text.RAILInt_SetCallbackConfig
                0x0000bfd8       0x20 C:\Users\Admin\SimplicityStudio\v4_workspace3\timerleProject\platform\radio\rail_lib\autogen\librail_release\librail_efr32xg13_gcc_release.a(rail_rf.o)
                0x0000bfd8                RAILInt_SetCallbackConfig
 .text.RAILCore_Idle
                0x0000bff8       0x14 C:\Users\Admin\SimplicityStudio\v4_workspace3\timerleProject\platform\radio\rail_lib\autogen\librail_release\librail_efr32xg13_gcc_release.a(rail_rf.o)
                0x0000bff8                RAILCore_Idle
 .text.RAILCb_CalcBitRate
                0x0000c00c        0x6 C:\Users\Admin\SimplicityStudio\v4_workspace3\timerleProject\platform\radio\rail_lib\autogen\librail_release\librail_efr32xg13_gcc_release.a(rail_rf.o)
                0x0000c00c                RAILCb_CalcBitRate
 .text.RAIL_SetStateTiming
                0x0000c012        0x6 C:\Users\Admin\SimplicityStudio\v4_workspace3\timerleProject\platform\radio\rail_lib\autogen\librail_release\librail_efr32xg13_gcc_release.a(rail_rf.o)
                0x0000c012                RAIL_SetStateTiming
 .text.RAILInt_IsPowerInRange
                0x0000c018       0x3c C:\Users\Admin\SimplicityStudio\v4_workspace3\timerleProject\platform\radio\rail_lib\autogen\librail_release\librail_efr32xg13_gcc_release.a(rail_rf.o)
                0x0000c018                RAILInt_IsPowerInRange
 .text.RAILInt_SetChannel
                0x0000c054      0x1c0 C:\Users\Admin\SimplicityStudio\v4_workspace3\timerleProject\platform\radio\rail_lib\autogen\librail_release\librail_efr32xg13_gcc_release.a(rail_rf.o)
                0x0000c054                RAILInt_SetChannel
 .text.RAILCore_ConfigChannels
                0x0000c214       0x60 C:\Users\Admin\SimplicityStudio\v4_workspace3\timerleProject\platform\radio\rail_lib\autogen\librail_release\librail_efr32xg13_gcc_release.a(rail_rf.o)
                0x0000c214                RAILCore_ConfigChannels
 .text.RAILInt_GetChannel
                0x0000c274        0x4 C:\Users\Admin\SimplicityStudio\v4_workspace3\timerleProject\platform\radio\rail_lib\autogen\librail_release\librail_efr32xg13_gcc_release.a(rail_rf.o)
                0x0000c274                RAILInt_GetChannel
 .text.RAILCore_SetTxTransitions
                0x0000c278       0x3c C:\Users\Admin\SimplicityStudio\v4_workspace3\timerleProject\platform\radio\rail_lib\autogen\librail_release\librail_efr32xg13_gcc_release.a(rail_rf.o)
                0x0000c278                RAILCore_SetTxTransitions
 .text.RAIL_SetTxTransitions
                0x0000c2b4        0x6 C:\Users\Admin\SimplicityStudio\v4_workspace3\timerleProject\platform\radio\rail_lib\autogen\librail_release\librail_efr32xg13_gcc_release.a(rail_rf.o)
                0x0000c2b4                RAIL_SetTxTransitions
 .text.RAILCore_SetRxTransitions
                0x0000c2ba       0x38 C:\Users\Admin\SimplicityStudio\v4_workspace3\timerleProject\platform\radio\rail_lib\autogen\librail_release\librail_efr32xg13_gcc_release.a(rail_rf.o)
                0x0000c2ba                RAILCore_SetRxTransitions
 .text.RAIL_SetRxTransitions
                0x0000c2f2        0x6 C:\Users\Admin\SimplicityStudio\v4_workspace3\timerleProject\platform\radio\rail_lib\autogen\librail_release\librail_efr32xg13_gcc_release.a(rail_rf.o)
                0x0000c2f2                RAIL_SetRxTransitions
 .text.RAIL_ConfigEvents
                0x0000c2f8        0x6 C:\Users\Admin\SimplicityStudio\v4_workspace3\timerleProject\platform\radio\rail_lib\autogen\librail_release\librail_efr32xg13_gcc_release.a(rail_rf.o)
                0x0000c2f8                RAIL_ConfigEvents
 .text.RAIL_ConfigRxOptions
                0x0000c2fe        0x6 C:\Users\Admin\SimplicityStudio\v4_workspace3\timerleProject\platform\radio\rail_lib\autogen\librail_release\librail_efr32xg13_gcc_release.a(rail_rx.o)
                0x0000c2fe                RAIL_ConfigRxOptions
 .text.RAILCore_ScheduleRx
                0x0000c304       0x2c C:\Users\Admin\SimplicityStudio\v4_workspace3\timerleProject\platform\radio\rail_lib\autogen\librail_release\librail_efr32xg13_gcc_release.a(rail_rx.o)
                0x0000c304                RAILCore_ScheduleRx
 .text.RAILCb_ConfigFrameTypeLength
                0x0000c330        0x6 C:\Users\Admin\SimplicityStudio\v4_workspace3\timerleProject\platform\radio\rail_lib\autogen\librail_release\librail_efr32xg13_gcc_release.a(rail_rx.o)
                0x0000c330                RAILCb_ConfigFrameTypeLength
 .text.RAIL_SetTxPower
                0x0000c336        0x6 C:\Users\Admin\SimplicityStudio\v4_workspace3\timerleProject\platform\radio\rail_lib\autogen\librail_release\librail_efr32xg13_gcc_release.a(rail_tx.o)
                0x0000c336                RAIL_SetTxPower
 .text.RAIL_ConfigTxPower
                0x0000c33c       0x1c C:\Users\Admin\SimplicityStudio\v4_workspace3\timerleProject\platform\radio\rail_lib\autogen\librail_release\librail_efr32xg13_gcc_release.a(rail_tx.o)
                0x0000c33c                RAIL_ConfigTxPower
 .text.RAILInt_PendCal
                0x0000c358       0x24 C:\Users\Admin\SimplicityStudio\v4_workspace3\timerleProject\platform\radio\rail_lib\autogen\librail_release\librail_efr32xg13_gcc_release.a(rail_calibration.o)
                0x0000c358                RAILInt_PendCal
 .text.RAIL_WriteTxFifo
                0x0000c37c        0x6 C:\Users\Admin\SimplicityStudio\v4_workspace3\timerleProject\platform\radio\rail_lib\autogen\librail_release\librail_efr32xg13_gcc_release.a(rail_data.o)
                0x0000c37c                RAIL_WriteTxFifo
 .text.RAIL_SetTxFifo
                0x0000c382        0x6 C:\Users\Admin\SimplicityStudio\v4_workspace3\timerleProject\platform\radio\rail_lib\autogen\librail_release\librail_efr32xg13_gcc_release.a(rail_data.o)
                0x0000c382                RAIL_SetTxFifo
 .text.RAIL_SetRxFifo
                0x0000c388        0x6 C:\Users\Admin\SimplicityStudio\v4_workspace3\timerleProject\platform\radio\rail_lib\autogen\librail_release\librail_efr32xg13_gcc_release.a(rail_data.o)
                0x0000c388                RAIL_SetRxFifo
 *fill*         0x0000c38e        0x2 
 .text.RAILCb_SetupRxFifo
                0x0000c390       0x30 C:\Users\Admin\SimplicityStudio\v4_workspace3\timerleProject\platform\radio\rail_lib\autogen\librail_release\librail_efr32xg13_gcc_release.a(rail_data.o)
                0x0000c390                RAILCb_SetupRxFifo
 .text.RAIL_GetRxPacketInfo
                0x0000c3c0        0x8 C:\Users\Admin\SimplicityStudio\v4_workspace3\timerleProject\platform\radio\rail_lib\autogen\librail_release\librail_efr32xg13_gcc_release.a(rail_data.o)
                0x0000c3c0                RAIL_GetRxPacketInfo
 .text.RAIL_GetRxPacketDetails
                0x0000c3c8        0x6 C:\Users\Admin\SimplicityStudio\v4_workspace3\timerleProject\platform\radio\rail_lib\autogen\librail_release\librail_efr32xg13_gcc_release.a(rail_data.o)
                0x0000c3c8                RAIL_GetRxPacketDetails
 .text.RAIL_ResetFifo
                0x0000c3ce       0x1e C:\Users\Admin\SimplicityStudio\v4_workspace3\timerleProject\platform\radio\rail_lib\autogen\librail_release\librail_efr32xg13_gcc_release.a(rail_data.o)
                0x0000c3ce                RAIL_ResetFifo
 .text.RAILCb_AssertFailed
                0x0000c3ec       0x14 C:\Users\Admin\SimplicityStudio\v4_workspace3\timerleProject\platform\radio\rail_lib\autogen\librail_release\librail_efr32xg13_gcc_release.a(rail_assert.o)
                0x0000c3ec                RAILCb_AssertFailed
 .text.RAILInt_Assert
                0x0000c400       0x1c C:\Users\Admin\SimplicityStudio\v4_workspace3\timerleProject\platform\radio\rail_lib\autogen\librail_release\librail_efr32xg13_gcc_release.a(rail_assert.o)
                0x0000c400                RAILInt_Assert
 .text.RAIL_GetTime
                0x0000c41c        0x4 C:\Users\Admin\SimplicityStudio\v4_workspace3\timerleProject\platform\radio\rail_lib\autogen\librail_release\librail_efr32xg13_gcc_release.a(rail_timer.o)
                0x0000c41c                RAIL_GetTime
 .text.checkAndAddRxLenOverflowEntry.part.0
                0x0000c420       0x2c C:\Users\Admin\SimplicityStudio\v4_workspace3\timerleProject\platform\radio\rail_lib\autogen\librail_release\librail_efr32xg13_gcc_release.a(bufc.o)
 .text.BUFC_ReadHelper
                0x0000c44c       0x7a C:\Users\Admin\SimplicityStudio\v4_workspace3\timerleProject\platform\radio\rail_lib\autogen\librail_release\librail_efr32xg13_gcc_release.a(bufc.o)
 *fill*         0x0000c4c6        0x2 
 .text.BUFC_SetTxBuffer
                0x0000c4c8       0x38 C:\Users\Admin\SimplicityStudio\v4_workspace3\timerleProject\platform\radio\rail_lib\autogen\librail_release\librail_efr32xg13_gcc_release.a(bufc.o)
                0x0000c4c8                BUFC_SetTxBuffer
 .text.BUFC_SetRxBuffer
                0x0000c500       0x1c C:\Users\Admin\SimplicityStudio\v4_workspace3\timerleProject\platform\radio\rail_lib\autogen\librail_release\librail_efr32xg13_gcc_release.a(bufc.o)
                0x0000c500                BUFC_SetRxBuffer
 .text.BUFC_WriteBuffer
                0x0000c51c       0xb0 C:\Users\Admin\SimplicityStudio\v4_workspace3\timerleProject\platform\radio\rail_lib\autogen\librail_release\librail_efr32xg13_gcc_release.a(bufc.o)
                0x0000c51c                BUFC_WriteBuffer
 .text.BUFC_Peek
                0x0000c5cc       0x12 C:\Users\Admin\SimplicityStudio\v4_workspace3\timerleProject\platform\radio\rail_lib\autogen\librail_release\librail_efr32xg13_gcc_release.a(bufc.o)
                0x0000c5cc                BUFC_Peek
 .text.BUFC_PeekByte
                0x0000c5de       0x46 C:\Users\Admin\SimplicityStudio\v4_workspace3\timerleProject\platform\radio\rail_lib\autogen\librail_release\librail_efr32xg13_gcc_release.a(bufc.o)
                0x0000c5de                BUFC_PeekByte
 .text.BUFC_GetSpaceAvailable
                0x0000c624       0x24 C:\Users\Admin\SimplicityStudio\v4_workspace3\timerleProject\platform\radio\rail_lib\autogen\librail_release\librail_efr32xg13_gcc_release.a(bufc.o)
                0x0000c624                BUFC_GetSpaceAvailable
 .text.BUFC_GetBytesAvailable
                0x0000c648       0x14 C:\Users\Admin\SimplicityStudio\v4_workspace3\timerleProject\platform\radio\rail_lib\autogen\librail_release\librail_efr32xg13_gcc_release.a(bufc.o)
                0x0000c648                BUFC_GetBytesAvailable
 .text.BUFC_TxAckBufferSet
                0x0000c65c       0x2c C:\Users\Admin\SimplicityStudio\v4_workspace3\timerleProject\platform\radio\rail_lib\autogen\librail_release\librail_efr32xg13_gcc_release.a(bufc.o)
                0x0000c65c                BUFC_TxAckBufferSet
 .text.BUFC_RxBufferReset
                0x0000c688       0x5c C:\Users\Admin\SimplicityStudio\v4_workspace3\timerleProject\platform\radio\rail_lib\autogen\librail_release\librail_efr32xg13_gcc_release.a(bufc.o)
                0x0000c688                BUFC_RxBufferReset
 .text.BUFC_Init
                0x0000c6e4       0x50 C:\Users\Admin\SimplicityStudio\v4_workspace3\timerleProject\platform\radio\rail_lib\autogen\librail_release\librail_efr32xg13_gcc_release.a(bufc.o)
                0x0000c6e4                BUFC_Init
 .text.BUFC_ReleaseRxPacket
                0x0000c734      0x118 C:\Users\Admin\SimplicityStudio\v4_workspace3\timerleProject\platform\radio\rail_lib\autogen\librail_release\librail_efr32xg13_gcc_release.a(bufc.o)
                0x0000c734                BUFC_ReleaseRxPacket
 .text.BUFC_StartRxLenThrEvent
                0x0000c84c       0x50 C:\Users\Admin\SimplicityStudio\v4_workspace3\timerleProject\platform\radio\rail_lib\autogen\librail_release\librail_efr32xg13_gcc_release.a(bufc.o)
                0x0000c84c                BUFC_StartRxLenThrEvent
 .text.BUFC_EndRxLenThrEvent
                0x0000c89c       0x1c C:\Users\Admin\SimplicityStudio\v4_workspace3\timerleProject\platform\radio\rail_lib\autogen\librail_release\librail_efr32xg13_gcc_release.a(bufc.o)
                0x0000c89c                BUFC_EndRxLenThrEvent
 .text.BUFC_HandleRxLenOvfEvent
                0x0000c8b8       0x30 C:\Users\Admin\SimplicityStudio\v4_workspace3\timerleProject\platform\radio\rail_lib\autogen\librail_release\librail_efr32xg13_gcc_release.a(bufc.o)
                0x0000c8b8                BUFC_HandleRxLenOvfEvent
 .text.BUFC_GetRxPacketInfo
                0x0000c8e8      0x168 C:\Users\Admin\SimplicityStudio\v4_workspace3\timerleProject\platform\radio\rail_lib\autogen\librail_release\librail_efr32xg13_gcc_release.a(bufc.o)
                0x0000c8e8                BUFC_GetRxPacketInfo
 .text.IRCAL_Set
                0x0000ca50       0x1c C:\Users\Admin\SimplicityStudio\v4_workspace3\timerleProject\platform\radio\rail_lib\autogen\librail_release\librail_efr32xg13_gcc_release.a(ir_cal.o)
                0x0000ca50                IRCAL_Set
 .text.getRampTimeFromLevelAndRate
                0x0000ca6c       0x20 C:\Users\Admin\SimplicityStudio\v4_workspace3\timerleProject\platform\radio\rail_lib\autogen\librail_release\librail_efr32xg13_gcc_release.a(pa.o)
 .text.PA_ProtectPa
                0x0000ca8c       0xa0 C:\Users\Admin\SimplicityStudio\v4_workspace3\timerleProject\platform\radio\rail_lib\autogen\librail_release\librail_efr32xg13_gcc_release.a(pa.o)
 .text.PA_GetTxPowerConfig
                0x0000cb2c       0x14 C:\Users\Admin\SimplicityStudio\v4_workspace3\timerleProject\platform\radio\rail_lib\autogen\librail_release\librail_efr32xg13_gcc_release.a(pa.o)
                0x0000cb2c                PA_GetTxPowerConfig
 .text.PA_GetPowerLevel
                0x0000cb40        0xc C:\Users\Admin\SimplicityStudio\v4_workspace3\timerleProject\platform\radio\rail_lib\autogen\librail_release\librail_efr32xg13_gcc_release.a(pa.o)
                0x0000cb40                PA_GetPowerLevel
 .text.PA_SetPowerLevel
                0x0000cb4c      0x178 C:\Users\Admin\SimplicityStudio\v4_workspace3\timerleProject\platform\radio\rail_lib\autogen\librail_release\librail_efr32xg13_gcc_release.a(pa.o)
                0x0000cb4c                PA_SetPowerLevel
 .text.PA_RunPeakDetectorHigh
                0x0000ccc4       0x40 C:\Users\Admin\SimplicityStudio\v4_workspace3\timerleProject\platform\radio\rail_lib\autogen\librail_release\librail_efr32xg13_gcc_release.a(pa.o)
                0x0000ccc4                PA_RunPeakDetectorHigh
 .text.PA_RunPeakDetectorLow
                0x0000cd04        0x2 C:\Users\Admin\SimplicityStudio\v4_workspace3\timerleProject\platform\radio\rail_lib\autogen\librail_release\librail_efr32xg13_gcc_release.a(pa.o)
                0x0000cd04                PA_RunPeakDetectorLow
 *fill*         0x0000cd06        0x2 
 .text.PA_RunBatHigh
                0x0000cd08       0x2c C:\Users\Admin\SimplicityStudio\v4_workspace3\timerleProject\platform\radio\rail_lib\autogen\librail_release\librail_efr32xg13_gcc_release.a(pa.o)
                0x0000cd08                PA_RunBatHigh
 .text.PA_GetRampTime
                0x0000cd34        0xc C:\Users\Admin\SimplicityStudio\v4_workspace3\timerleProject\platform\radio\rail_lib\autogen\librail_release\librail_efr32xg13_gcc_release.a(pa.o)
                0x0000cd34                PA_GetRampTime
 .text.PA_CalcRampTime
                0x0000cd40       0x3c C:\Users\Admin\SimplicityStudio\v4_workspace3\timerleProject\platform\radio\rail_lib\autogen\librail_release\librail_efr32xg13_gcc_release.a(pa.o)
                0x0000cd40                PA_CalcRampTime
 .text.PA_SetRampTime
                0x0000cd7c      0x100 C:\Users\Admin\SimplicityStudio\v4_workspace3\timerleProject\platform\radio\rail_lib\autogen\librail_release\librail_efr32xg13_gcc_release.a(pa.o)
                0x0000cd7c                PA_SetRampTime
 .text.PA_SetCTune
                0x0000ce7c       0x34 C:\Users\Admin\SimplicityStudio\v4_workspace3\timerleProject\platform\radio\rail_lib\autogen\librail_release\librail_efr32xg13_gcc_release.a(pa.o)
                0x0000ce7c                PA_SetCTune
 .text.PA_SelectBand
                0x0000ceb0       0x38 C:\Users\Admin\SimplicityStudio\v4_workspace3\timerleProject\platform\radio\rail_lib\autogen\librail_release\librail_efr32xg13_gcc_release.a(pa.o)
                0x0000ceb0                PA_SelectBand
 .text.PA_Config
                0x0000cee8      0x114 C:\Users\Admin\SimplicityStudio\v4_workspace3\timerleProject\platform\radio\rail_lib\autogen\librail_release\librail_efr32xg13_gcc_release.a(pa.o)
                0x0000cee8                PA_Config
 .text.PA_UpdateConfig
                0x0000cffc       0x38 C:\Users\Admin\SimplicityStudio\v4_workspace3\timerleProject\platform\radio\rail_lib\autogen\librail_release\librail_efr32xg13_gcc_release.a(pa.o)
                0x0000cffc                PA_UpdateConfig
 .text.PROTIMER_Init
                0x0000d034       0xe4 C:\Users\Admin\SimplicityStudio\v4_workspace3\timerleProject\platform\radio\rail_lib\autogen\librail_release\librail_efr32xg13_gcc_release.a(protimer.o)
                0x0000d034                PROTIMER_Init
 .text.PROTIMER_Start
                0x0000d118       0x1c C:\Users\Admin\SimplicityStudio\v4_workspace3\timerleProject\platform\radio\rail_lib\autogen\librail_release\librail_efr32xg13_gcc_release.a(protimer.o)
                0x0000d118                PROTIMER_Start
 .text.PROTIMER_ElapsedTime
                0x0000d134       0x40 C:\Users\Admin\SimplicityStudio\v4_workspace3\timerleProject\platform\radio\rail_lib\autogen\librail_release\librail_efr32xg13_gcc_release.a(protimer.o)
                0x0000d134                PROTIMER_ElapsedTime
 .text.PROTIMER_CCTimerStop
                0x0000d174       0x20 C:\Users\Admin\SimplicityStudio\v4_workspace3\timerleProject\platform\radio\rail_lib\autogen\librail_release\librail_efr32xg13_gcc_release.a(protimer.o)
                0x0000d174                PROTIMER_CCTimerStop
 .text.PROTIMER_CCTimerIsEnabled
                0x0000d194       0x14 C:\Users\Admin\SimplicityStudio\v4_workspace3\timerleProject\platform\radio\rail_lib\autogen\librail_release\librail_efr32xg13_gcc_release.a(protimer.o)
                0x0000d194                PROTIMER_CCTimerIsEnabled
 .text.PROTIMER_CCTimerCapture
                0x0000d1a8       0x18 C:\Users\Admin\SimplicityStudio\v4_workspace3\timerleProject\platform\radio\rail_lib\autogen\librail_release\librail_efr32xg13_gcc_release.a(protimer.o)
                0x0000d1a8                PROTIMER_CCTimerCapture
 .text.PROTIMER_ClearRxEnable
                0x0000d1c0       0x10 C:\Users\Admin\SimplicityStudio\v4_workspace3\timerleProject\platform\radio\rail_lib\autogen\librail_release\librail_efr32xg13_gcc_release.a(protimer.o)
                0x0000d1c0                PROTIMER_ClearRxEnable
 .text.PROTIMER_GetTime
                0x0000d1d0       0x38 C:\Users\Admin\SimplicityStudio\v4_workspace3\timerleProject\platform\radio\rail_lib\autogen\librail_release\librail_efr32xg13_gcc_release.a(protimer.o)
                0x0000d1d0                PROTIMER_GetTime
 .text.PROTIMER_LBTStop
                0x0000d208       0x18 C:\Users\Admin\SimplicityStudio\v4_workspace3\timerleProject\platform\radio\rail_lib\autogen\librail_release\librail_efr32xg13_gcc_release.a(protimer.o)
                0x0000d208                PROTIMER_LBTStop
 .text.PROTIMER_PrecntOverflowToUs
                0x0000d220       0x34 C:\Users\Admin\SimplicityStudio\v4_workspace3\timerleProject\platform\radio\rail_lib\autogen\librail_release\librail_efr32xg13_gcc_release.a(protimer.o)
                0x0000d220                PROTIMER_PrecntOverflowToUs
 .text.PROTIMER_GetUsTime
                0x0000d254       0x18 C:\Users\Admin\SimplicityStudio\v4_workspace3\timerleProject\platform\radio\rail_lib\autogen\librail_release\librail_efr32xg13_gcc_release.a(protimer.o)
                0x0000d254                PROTIMER_GetUsTime
 .text.PROTIMER_GetUsFromRawWrap
                0x0000d26c       0x2e C:\Users\Admin\SimplicityStudio\v4_workspace3\timerleProject\platform\radio\rail_lib\autogen\librail_release\librail_efr32xg13_gcc_release.a(protimer.o)
                0x0000d26c                PROTIMER_GetUsFromRawWrap
 *fill*         0x0000d29a        0x2 
 .text.PROTIMER_UsToPrecntOverflow
                0x0000d29c       0x40 C:\Users\Admin\SimplicityStudio\v4_workspace3\timerleProject\platform\radio\rail_lib\autogen\librail_release\librail_efr32xg13_gcc_release.a(protimer.o)
                0x0000d29c                PROTIMER_UsToPrecntOverflow
 .text.PROTIMER_CCTimerStart
                0x0000d2dc      0x1a8 C:\Users\Admin\SimplicityStudio\v4_workspace3\timerleProject\platform\radio\rail_lib\autogen\librail_release\librail_efr32xg13_gcc_release.a(protimer.o)
                0x0000d2dc                PROTIMER_CCTimerStart
 .text.PROTIMER_ScheduleTxEnable
                0x0000d484       0x28 C:\Users\Admin\SimplicityStudio\v4_workspace3\timerleProject\platform\radio\rail_lib\autogen\librail_release\librail_efr32xg13_gcc_release.a(protimer.o)
                0x0000d484                PROTIMER_ScheduleTxEnable
 .text.PROTIMER_ScheduleRxEnable
                0x0000d4ac       0x28 C:\Users\Admin\SimplicityStudio\v4_workspace3\timerleProject\platform\radio\rail_lib\autogen\librail_release\librail_efr32xg13_gcc_release.a(protimer.o)
                0x0000d4ac                PROTIMER_ScheduleRxEnable
 .text.PROTIMER_ScheduleRxDisable
                0x0000d4d4       0x34 C:\Users\Admin\SimplicityStudio\v4_workspace3\timerleProject\platform\radio\rail_lib\autogen\librail_release\librail_efr32xg13_gcc_release.a(protimer.o)
                0x0000d4d4                PROTIMER_ScheduleRxDisable
 .text.PROTIMER_DelayUs
                0x0000d508       0x16 C:\Users\Admin\SimplicityStudio\v4_workspace3\timerleProject\platform\radio\rail_lib\autogen\librail_release\librail_efr32xg13_gcc_release.a(protimer.o)
                0x0000d508                PROTIMER_DelayUs
 *fill*         0x0000d51e        0x2 
 .text.PTI_EnableAppendedInfo
                0x0000d520       0x18 C:\Users\Admin\SimplicityStudio\v4_workspace3\timerleProject\platform\radio\rail_lib\autogen\librail_release\librail_efr32xg13_gcc_release.a(pti.o)
                0x0000d520                PTI_EnableAppendedInfo
 .text.PTI_Enable
                0x0000d538       0x50 C:\Users\Admin\SimplicityStudio\v4_workspace3\timerleProject\platform\radio\rail_lib\autogen\librail_release\librail_efr32xg13_gcc_release.a(pti.o)
                0x0000d538                PTI_Enable
 .text.PTI_AuxdataOutput
                0x0000d588       0x1c C:\Users\Admin\SimplicityStudio\v4_workspace3\timerleProject\platform\radio\rail_lib\autogen\librail_release\librail_efr32xg13_gcc_release.a(pti.o)
                0x0000d588                PTI_AuxdataOutput
 .text.PTI_EnableSyncword
                0x0000d5a4       0x18 C:\Users\Admin\SimplicityStudio\v4_workspace3\timerleProject\platform\radio\rail_lib\autogen\librail_release\librail_efr32xg13_gcc_release.a(pti.o)
                0x0000d5a4                PTI_EnableSyncword
 .text.RADIO_SetAndForgetWrite
                0x0000d5bc       0x74 C:\Users\Admin\SimplicityStudio\v4_workspace3\timerleProject\platform\radio\rail_lib\autogen\librail_release\librail_efr32xg13_gcc_release.a(radio.o)
                0x0000d5bc                RADIO_SetAndForgetWrite
 .text.RADIO_RewriteCcTableData
                0x0000d630       0x34 C:\Users\Admin\SimplicityStudio\v4_workspace3\timerleProject\platform\radio\rail_lib\autogen\librail_release\librail_efr32xg13_gcc_release.a(radio.o)
                0x0000d630                RADIO_RewriteCcTableData
 .text.RADIO_SeqInit
                0x0000d664       0x64 C:\Users\Admin\SimplicityStudio\v4_workspace3\timerleProject\platform\radio\rail_lib\autogen\librail_release\librail_efr32xg13_gcc_release.a(radio.o)
                0x0000d664                RADIO_SeqInit
 .text.RADIO_ClockEnable
                0x0000d6c8       0x14 C:\Users\Admin\SimplicityStudio\v4_workspace3\timerleProject\platform\radio\rail_lib\autogen\librail_release\librail_efr32xg13_gcc_release.a(radio.o)
                0x0000d6c8                RADIO_ClockEnable
 .text.RADIO_Init
                0x0000d6dc       0x5c C:\Users\Admin\SimplicityStudio\v4_workspace3\timerleProject\platform\radio\rail_lib\autogen\librail_release\librail_efr32xg13_gcc_release.a(radio.o)
                0x0000d6dc                RADIO_Init
 .text.RADIO_ClockPrescGet
                0x0000d738       0x10 C:\Users\Admin\SimplicityStudio\v4_workspace3\timerleProject\platform\radio\rail_lib\autogen\librail_release\librail_efr32xg13_gcc_release.a(radio.o)
                0x0000d738                RADIO_ClockPrescGet
 .text.RADIO_ClockFreqGet
                0x0000d748       0x14 C:\Users\Admin\SimplicityStudio\v4_workspace3\timerleProject\platform\radio\rail_lib\autogen\librail_release\librail_efr32xg13_gcc_release.a(radio.o)
                0x0000d748                RADIO_ClockFreqGet
 .text.RADIO_Config
                0x0000d75c       0xb0 C:\Users\Admin\SimplicityStudio\v4_workspace3\timerleProject\platform\radio\rail_lib\autogen\librail_release\librail_efr32xg13_gcc_release.a(radio.o)
                0x0000d75c                RADIO_Config
 .text.RADIO_IsRxOnForRssi
                0x0000d80c       0x18 C:\Users\Admin\SimplicityStudio\v4_workspace3\timerleProject\platform\radio\rail_lib\autogen\librail_release\librail_efr32xg13_gcc_release.a(radio.o)
                0x0000d80c                RADIO_IsRxOnForRssi
 .text.RADIO_RxTrailDataLength
                0x0000d824       0x3c C:\Users\Admin\SimplicityStudio\v4_workspace3\timerleProject\platform\radio\rail_lib\autogen\librail_release\librail_efr32xg13_gcc_release.a(radio.o)
                0x0000d824                RADIO_RxTrailDataLength
 .text.RADIO_ComputeTxBaudrate
                0x0000d860       0x24 C:\Users\Admin\SimplicityStudio\v4_workspace3\timerleProject\platform\radio\rail_lib\autogen\librail_release\librail_efr32xg13_gcc_release.a(radio.o)
                0x0000d860                RADIO_ComputeTxBaudrate
 .text.RADIO_ComputeTxSymbolRate
                0x0000d884       0x54 C:\Users\Admin\SimplicityStudio\v4_workspace3\timerleProject\platform\radio\rail_lib\autogen\librail_release\librail_efr32xg13_gcc_release.a(radio.o)
                0x0000d884                RADIO_ComputeTxSymbolRate
 .text.RADIO_ComputeTxBitRate
                0x0000d8d8       0x44 C:\Users\Admin\SimplicityStudio\v4_workspace3\timerleProject\platform\radio\rail_lib\autogen\librail_release\librail_efr32xg13_gcc_release.a(radio.o)
                0x0000d8d8                RADIO_ComputeTxBitRate
 .text.RADIO_GetRssi
                0x0000d91c       0x64 C:\Users\Admin\SimplicityStudio\v4_workspace3\timerleProject\platform\radio\rail_lib\autogen\librail_release\librail_efr32xg13_gcc_release.a(radio.o)
                0x0000d91c                RADIO_GetRssi
 .text.RADIO_SetCRCInitVal
                0x0000d980       0x10 C:\Users\Admin\SimplicityStudio\v4_workspace3\timerleProject\platform\radio\rail_lib\autogen\librail_release\librail_efr32xg13_gcc_release.a(radio.o)
                0x0000d980                RADIO_SetCRCInitVal
 .text.RADIO_RACClearRxOverflow
                0x0000d990       0x20 C:\Users\Admin\SimplicityStudio\v4_workspace3\timerleProject\platform\radio\rail_lib\autogen\librail_release\librail_efr32xg13_gcc_release.a(radio.o)
                0x0000d990                RADIO_RACClearRxOverflow
 .text.RFSENSE_IRQHandler
                0x0000d9b0       0x10 C:\Users\Admin\SimplicityStudio\v4_workspace3\timerleProject\platform\radio\rail_lib\autogen\librail_release\librail_efr32xg13_gcc_release.a(rfsense.o)
                0x0000d9b0                RFSENSE_IRQHandler
 .text.PRORTC_IRQHandler
                0x0000d9c0       0x10 C:\Users\Admin\SimplicityStudio\v4_workspace3\timerleProject\platform\radio\rail_lib\autogen\librail_release\librail_efr32xg13_gcc_release.a(rtccsync.o)
                0x0000d9c0                PRORTC_IRQHandler
 .text.RTCCSYNC_Init
                0x0000d9d0       0x88 C:\Users\Admin\SimplicityStudio\v4_workspace3\timerleProject\platform\radio\rail_lib\autogen\librail_release\librail_efr32xg13_gcc_release.a(rtccsync.o)
                0x0000d9d0                RTCCSYNC_Init
 .text.SYNTH_RfFreqGet
                0x0000da58        0xc C:\Users\Admin\SimplicityStudio\v4_workspace3\timerleProject\platform\radio\rail_lib\autogen\librail_release\librail_efr32xg13_gcc_release.a(synth.o)
                0x0000da58                SYNTH_RfFreqGet
 .text.SYNTH_ChSpacingGet
                0x0000da64        0xc C:\Users\Admin\SimplicityStudio\v4_workspace3\timerleProject\platform\radio\rail_lib\autogen\librail_release\librail_efr32xg13_gcc_release.a(synth.o)
                0x0000da64                SYNTH_ChSpacingGet
 .text.SYNTH_LoDivGet
                0x0000da70       0x20 C:\Users\Admin\SimplicityStudio\v4_workspace3\timerleProject\platform\radio\rail_lib\autogen\librail_release\librail_efr32xg13_gcc_release.a(synth.o)
                0x0000da70                SYNTH_LoDivGet
 .text.SYNTH_Is2p4GHz
                0x0000da90       0x14 C:\Users\Admin\SimplicityStudio\v4_workspace3\timerleProject\platform\radio\rail_lib\autogen\librail_release\librail_efr32xg13_gcc_release.a(synth.o)
                0x0000da90                SYNTH_Is2p4GHz
 .text.SYNTH_VcoRangeIsValid
                0x0000daa4       0x30 C:\Users\Admin\SimplicityStudio\v4_workspace3\timerleProject\platform\radio\rail_lib\autogen\librail_release\librail_efr32xg13_gcc_release.a(synth.o)
                0x0000daa4                SYNTH_VcoRangeIsValid
 .text.SYNTH_RetimeLimitsConfig
                0x0000dad4       0x64 C:\Users\Admin\SimplicityStudio\v4_workspace3\timerleProject\platform\radio\rail_lib\autogen\librail_release\librail_efr32xg13_gcc_release.a(synth.o)
                0x0000dad4                SYNTH_RetimeLimitsConfig
 .text.SYNTH_RetimeClkConfig
                0x0000db38       0xb4 C:\Users\Admin\SimplicityStudio\v4_workspace3\timerleProject\platform\radio\rail_lib\autogen\librail_release\librail_efr32xg13_gcc_release.a(synth.o)
                0x0000db38                SYNTH_RetimeClkConfig
 .text.SYNTH_Config
                0x0000dbec      0x104 C:\Users\Admin\SimplicityStudio\v4_workspace3\timerleProject\platform\radio\rail_lib\autogen\librail_release\librail_efr32xg13_gcc_release.a(synth.o)
                0x0000dbec                SYNTH_Config
 .text.SYNTH_ChannelSet
                0x0000dcf0       0x40 C:\Users\Admin\SimplicityStudio\v4_workspace3\timerleProject\platform\radio\rail_lib\autogen\librail_release\librail_efr32xg13_gcc_release.a(synth.o)
                0x0000dcf0                SYNTH_ChannelSet
 .text.SYNTH_DCDCRetimeClkSet
                0x0000dd30       0x68 C:\Users\Admin\SimplicityStudio\v4_workspace3\timerleProject\platform\radio\rail_lib\autogen\librail_release\librail_efr32xg13_gcc_release.a(synth.o)
                0x0000dd30                SYNTH_DCDCRetimeClkSet
 .text.SYNTH_DCDCRetimeEnable
                0x0000dd98       0x18 C:\Users\Admin\SimplicityStudio\v4_workspace3\timerleProject\platform\radio\rail_lib\autogen\librail_release\librail_efr32xg13_gcc_release.a(synth.o)
                0x0000dd98                SYNTH_DCDCRetimeEnable
 .text.SYNTH_DCDCRetimeDisable
                0x0000ddb0       0x18 C:\Users\Admin\SimplicityStudio\v4_workspace3\timerleProject\platform\radio\rail_lib\autogen\librail_release\librail_efr32xg13_gcc_release.a(synth.o)
                0x0000ddb0                SYNTH_DCDCRetimeDisable
 .text.SYNTH_KvnFreqCompensationEnable
                0x0000ddc8        0xc C:\Users\Admin\SimplicityStudio\v4_workspace3\timerleProject\platform\radio\rail_lib\autogen\librail_release\librail_efr32xg13_gcc_release.a(synth.o)
                0x0000ddc8                SYNTH_KvnFreqCompensationEnable
 .text.TEMPCAL_Init
                0x0000ddd4       0x38 C:\Users\Admin\SimplicityStudio\v4_workspace3\timerleProject\platform\radio\rail_lib\autogen\librail_release\librail_efr32xg13_gcc_release.a(tempcal.o)
                0x0000ddd4                TEMPCAL_Init
 .text.TIMING_NsToStimerTickCalc
                0x0000de0c       0x2c C:\Users\Admin\SimplicityStudio\v4_workspace3\timerleProject\platform\radio\rail_lib\autogen\librail_release\librail_efr32xg13_gcc_release.a(timings.o)
 .text.TIMING_Recalculate
                0x0000de38      0x1ec C:\Users\Admin\SimplicityStudio\v4_workspace3\timerleProject\platform\radio\rail_lib\autogen\librail_release\librail_efr32xg13_gcc_release.a(timings.o)
 .text.TIMING_InitStimer
                0x0000e024       0x8c C:\Users\Admin\SimplicityStudio\v4_workspace3\timerleProject\platform\radio\rail_lib\autogen\librail_release\librail_efr32xg13_gcc_release.a(timings.o)
                0x0000e024                TIMING_InitStimer
 .text.TIMING_SeqTimingInit
                0x0000e0b0       0x90 C:\Users\Admin\SimplicityStudio\v4_workspace3\timerleProject\platform\radio\rail_lib\autogen\librail_release\librail_efr32xg13_gcc_release.a(timings.o)
                0x0000e0b0                TIMING_SeqTimingInit
 .text.TIMING_SetTransitionTime
                0x0000e140       0x18 C:\Users\Admin\SimplicityStudio\v4_workspace3\timerleProject\platform\radio\rail_lib\autogen\librail_release\librail_efr32xg13_gcc_release.a(timings.o)
                0x0000e140                TIMING_SetTransitionTime
 .text.TIMING_RxSearchTimeSet
                0x0000e158       0x10 C:\Users\Admin\SimplicityStudio\v4_workspace3\timerleProject\platform\radio\rail_lib\autogen\librail_release\librail_efr32xg13_gcc_release.a(timings.o)
                0x0000e158                TIMING_RxSearchTimeSet
 .text.TIMING_TxToRxSearchTimeSet
                0x0000e168       0x10 C:\Users\Admin\SimplicityStudio\v4_workspace3\timerleProject\platform\radio\rail_lib\autogen\librail_release\librail_efr32xg13_gcc_release.a(timings.o)
                0x0000e168                TIMING_TxToRxSearchTimeSet
 .text.TIMING_RecalculateAll
                0x0000e178        0x6 C:\Users\Admin\SimplicityStudio\v4_workspace3\timerleProject\platform\radio\rail_lib\autogen\librail_release\librail_efr32xg13_gcc_release.a(timings.o)
                0x0000e178                TIMING_RecalculateAll
 .text.TIMING_RecalculatePaRampChanged
                0x0000e17e        0x6 C:\Users\Admin\SimplicityStudio\v4_workspace3\timerleProject\platform\radio\rail_lib\autogen\librail_release\librail_efr32xg13_gcc_release.a(timings.o)
                0x0000e17e                TIMING_RecalculatePaRampChanged
 .text.TIMING_RecalculateViterbiChanged
                0x0000e184        0x6 C:\Users\Admin\SimplicityStudio\v4_workspace3\timerleProject\platform\radio\rail_lib\autogen\librail_release\librail_efr32xg13_gcc_release.a(timings.o)
                0x0000e184                TIMING_RecalculateViterbiChanged
 .text.TIMING_SetChainDelays
                0x0000e18a        0x8 C:\Users\Admin\SimplicityStudio\v4_workspace3\timerleProject\platform\radio\rail_lib\autogen\librail_release\librail_efr32xg13_gcc_release.a(timings.o)
                0x0000e18a                TIMING_SetChainDelays
 *fill*         0x0000e192        0x2 
 .text.TIMING_CalcAdjustUs
                0x0000e194       0x40 C:\Users\Admin\SimplicityStudio\v4_workspace3\timerleProject\platform\radio\rail_lib\autogen\librail_release\librail_efr32xg13_gcc_release.a(timings.o)
                0x0000e194                TIMING_CalcAdjustUs
 .text.TIMING_PacketBits
                0x0000e1d4       0x14 C:\Users\Admin\SimplicityStudio\v4_workspace3\timerleProject\platform\radio\rail_lib\autogen\librail_release\librail_efr32xg13_gcc_release.a(timings.o)
                0x0000e1d4                TIMING_PacketBits
 .text.TIMING_PreambleSyncBits
                0x0000e1e8       0x38 C:\Users\Admin\SimplicityStudio\v4_workspace3\timerleProject\platform\radio\rail_lib\autogen\librail_release\librail_efr32xg13_gcc_release.a(timings.o)
                0x0000e1e8                TIMING_PreambleSyncBits
 .text.TIMING_CalcRxTimeStampUs
                0x0000e220       0x66 C:\Users\Admin\SimplicityStudio\v4_workspace3\timerleProject\platform\radio\rail_lib\autogen\librail_release\librail_efr32xg13_gcc_release.a(timings.o)
                0x0000e220                TIMING_CalcRxTimeStampUs
 *fill*         0x0000e286        0x2 
 .text.TIMING_AdjustRxTimeStampUs
                0x0000e288       0x40 C:\Users\Admin\SimplicityStudio\v4_workspace3\timerleProject\platform\radio\rail_lib\autogen\librail_release\librail_efr32xg13_gcc_release.a(timings.o)
                0x0000e288                TIMING_AdjustRxTimeStampUs
 .text.RFRAND_GetRadioEntropy
                0x0000e2c8      0x100 C:\Users\Admin\SimplicityStudio\v4_workspace3\timerleProject\platform\radio\rail_lib\autogen\librail_release\librail_efr32xg13_gcc_release.a(rf_rand.o)
                0x0000e2c8                RFRAND_GetRadioEntropy
 .text.RFRAND_SeedProtimerRandom
                0x0000e3c8       0x3c C:\Users\Admin\SimplicityStudio\v4_workspace3\timerleProject\platform\radio\rail_lib\autogen\librail_release\librail_efr32xg13_gcc_release.a(rf_rand.o)
                0x0000e3c8                RFRAND_SeedProtimerRandom
 .text.RAIL_GetTxPowerCurve
                0x0000e404       0x14 C:\Users\Admin\SimplicityStudio\v4_workspace3\timerleProject\platform\radio\rail_lib\autogen\librail_release\librail_efr32xg13_gcc_release.a(pa_conversions_efr32.o)
                0x0000e404                RAIL_GetTxPowerCurve
 .text.RAIL_InitTxPowerCurves
                0x0000e418       0x2c C:\Users\Admin\SimplicityStudio\v4_workspace3\timerleProject\platform\radio\rail_lib\autogen\librail_release\librail_efr32xg13_gcc_release.a(pa_conversions_efr32.o)
                0x0000e418                RAIL_InitTxPowerCurves
 .text.RAIL_ConvertDbmToRaw
                0x0000e444       0xd8 C:\Users\Admin\SimplicityStudio\v4_workspace3\timerleProject\platform\radio\rail_lib\autogen\librail_release\librail_efr32xg13_gcc_release.a(pa_conversions_efr32.o)
                0x0000e444                RAIL_ConvertDbmToRaw
 .text.RAIL_ConvertRawToDbm
                0x0000e51c       0xb8 C:\Users\Admin\SimplicityStudio\v4_workspace3\timerleProject\platform\radio\rail_lib\autogen\librail_release\librail_efr32xg13_gcc_release.a(pa_conversions_efr32.o)
                0x0000e51c                RAIL_ConvertRawToDbm
 .text.GENERIC_PHY_EnableDisableInt
                0x0000e5d4       0x22 C:\Users\Admin\SimplicityStudio\v4_workspace3\timerleProject\platform\radio\rail_lib\autogen\librail_release\librail_efr32xg13_gcc_release.a(generic_phy.o)
 *fill*         0x0000e5f6        0x2 
 .text.GENERIC_PHY_DisableRadioIrqs
                0x0000e5f8       0x50 C:\Users\Admin\SimplicityStudio\v4_workspace3\timerleProject\platform\radio\rail_lib\autogen\librail_release\librail_efr32xg13_gcc_release.a(generic_phy.o)
 .text.GENERIC_PHY_ConfigureRollbackReporting
                0x0000e648       0x68 C:\Users\Admin\SimplicityStudio\v4_workspace3\timerleProject\platform\radio\rail_lib\autogen\librail_release\librail_efr32xg13_gcc_release.a(generic_phy.o)
 .text.GENERIC_PHY_ClearPendedRxWindowEnd
                0x0000e6b0       0x1c C:\Users\Admin\SimplicityStudio\v4_workspace3\timerleProject\platform\radio\rail_lib\autogen\librail_release\librail_efr32xg13_gcc_release.a(generic_phy.o)
 .text.GENERIC_PHY_RxOverflowHook
                0x0000e6cc       0x34 C:\Users\Admin\SimplicityStudio\v4_workspace3\timerleProject\platform\radio\rail_lib\autogen\librail_release\librail_efr32xg13_gcc_release.a(generic_phy.o)
 .text.RADIO_RACRxAbort
                0x0000e700       0x3c C:\Users\Admin\SimplicityStudio\v4_workspace3\timerleProject\platform\radio\rail_lib\autogen\librail_release\librail_efr32xg13_gcc_release.a(generic_phy.o)
 .text.GENERIC_PHY_CheckPendedRxWindowEnd
                0x0000e73c       0x44 C:\Users\Admin\SimplicityStudio\v4_workspace3\timerleProject\platform\radio\rail_lib\autogen\librail_release\librail_efr32xg13_gcc_release.a(generic_phy.o)
 .text.GENERIC_PHY_ConfigureEvents
                0x0000e780      0x2c8 C:\Users\Admin\SimplicityStudio\v4_workspace3\timerleProject\platform\radio\rail_lib\autogen\librail_release\librail_efr32xg13_gcc_release.a(generic_phy.o)
                0x0000e780                GENERIC_PHY_ConfigureEvents
 .text.GENERIC_PHY_PacketTxCommon
                0x0000ea48       0x3c C:\Users\Admin\SimplicityStudio\v4_workspace3\timerleProject\platform\radio\rail_lib\autogen\librail_release\librail_efr32xg13_gcc_release.a(generic_phy.o)
                0x0000ea48                GENERIC_PHY_PacketTxCommon
 .text.GENERIC_PHY_PacketTx
                0x0000ea84       0x40 C:\Users\Admin\SimplicityStudio\v4_workspace3\timerleProject\platform\radio\rail_lib\autogen\librail_release\librail_efr32xg13_gcc_release.a(generic_phy.o)
                0x0000ea84                GENERIC_PHY_PacketTx
 .text.GENERIC_PHY_SchedulePacketRx
                0x0000eac4      0x100 C:\Users\Admin\SimplicityStudio\v4_workspace3\timerleProject\platform\radio\rail_lib\autogen\librail_release\librail_efr32xg13_gcc_release.a(generic_phy.o)
                0x0000eac4                GENERIC_PHY_SchedulePacketRx
 .text.GENERIC_PHY_SchedulePacketTx
                0x0000ebc4       0x78 C:\Users\Admin\SimplicityStudio\v4_workspace3\timerleProject\platform\radio\rail_lib\autogen\librail_release\librail_efr32xg13_gcc_release.a(generic_phy.o)
                0x0000ebc4                GENERIC_PHY_SchedulePacketTx
 .text.GENERIC_PHY_SeqAtomicLock
                0x0000ec3c       0x30 C:\Users\Admin\SimplicityStudio\v4_workspace3\timerleProject\platform\radio\rail_lib\autogen\librail_release\librail_efr32xg13_gcc_release.a(generic_phy.o)
                0x0000ec3c                GENERIC_PHY_SeqAtomicLock
 .text.GENERIC_PHY_RACConfig
                0x0000ec6c       0x40 C:\Users\Admin\SimplicityStudio\v4_workspace3\timerleProject\platform\radio\rail_lib\autogen\librail_release\librail_efr32xg13_gcc_release.a(generic_phy.o)
                0x0000ec6c                GENERIC_PHY_RACConfig
 .text.GENERIC_PHY_Init
                0x0000ecac       0x70 C:\Users\Admin\SimplicityStudio\v4_workspace3\timerleProject\platform\radio\rail_lib\autogen\librail_release\librail_efr32xg13_gcc_release.a(generic_phy.o)
                0x0000ecac                GENERIC_PHY_Init
 .text.GENERIC_PHY_ResetRxFifo
                0x0000ed1c       0x30 C:\Users\Admin\SimplicityStudio\v4_workspace3\timerleProject\platform\radio\rail_lib\autogen\librail_release\librail_efr32xg13_gcc_release.a(generic_phy.o)
                0x0000ed1c                GENERIC_PHY_ResetRxFifo
 .text.GENERIC_PHY_RadioIdle
                0x0000ed4c      0x154 C:\Users\Admin\SimplicityStudio\v4_workspace3\timerleProject\platform\radio\rail_lib\autogen\librail_release\librail_efr32xg13_gcc_release.a(generic_phy.o)
                0x0000ed4c                GENERIC_PHY_RadioIdle
 .text.FRC_IRQHandler
                0x0000eea0      0x528 C:\Users\Admin\SimplicityStudio\v4_workspace3\timerleProject\platform\radio\rail_lib\autogen\librail_release\librail_efr32xg13_gcc_release.a(generic_phy.o)
                0x0000eea0                FRC_IRQHandler
 .text.FRC_PRI_IRQHandler
                0x0000f3c8        0x4 C:\Users\Admin\SimplicityStudio\v4_workspace3\timerleProject\platform\radio\rail_lib\autogen\librail_release\librail_efr32xg13_gcc_release.a(generic_phy.o)
                0x0000f3c8                FRC_PRI_IRQHandler
 .text.BUFC_IRQHandler
                0x0000f3cc        0x4 C:\Users\Admin\SimplicityStudio\v4_workspace3\timerleProject\platform\radio\rail_lib\autogen\librail_release\librail_efr32xg13_gcc_release.a(generic_phy.o)
                0x0000f3cc                BUFC_IRQHandler
 .text.PROTIMER_IRQHandler
                0x0000f3d0        0x4 C:\Users\Admin\SimplicityStudio\v4_workspace3\timerleProject\platform\radio\rail_lib\autogen\librail_release\librail_efr32xg13_gcc_release.a(generic_phy.o)
                0x0000f3d0                PROTIMER_IRQHandler
 .text.RAC_SEQ_IRQHandler
                0x0000f3d4        0x4 C:\Users\Admin\SimplicityStudio\v4_workspace3\timerleProject\platform\radio\rail_lib\autogen\librail_release\librail_efr32xg13_gcc_release.a(generic_phy.o)
                0x0000f3d4                RAC_SEQ_IRQHandler
 .text.RAILCb_RadioStateChanged
                0x0000f3d8       0x14 C:\Users\Admin\SimplicityStudio\v4_workspace3\timerleProject\platform\radio\rail_lib\autogen\librail_release\librail_efr32xg13_gcc_release.a(generic_phy.o)
                0x0000f3d8                RAILCb_RadioStateChanged
 .text.RAC_RSM_IRQHandler
                0x0000f3ec       0x48 C:\Users\Admin\SimplicityStudio\v4_workspace3\timerleProject\platform\radio\rail_lib\autogen\librail_release\librail_efr32xg13_gcc_release.a(generic_phy.o)
                0x0000f3ec                RAC_RSM_IRQHandler
 .text.MODEM_IRQHandler
                0x0000f434        0x4 C:\Users\Admin\SimplicityStudio\v4_workspace3\timerleProject\platform\radio\rail_lib\autogen\librail_release\librail_efr32xg13_gcc_release.a(generic_phy.o)
                0x0000f434                MODEM_IRQHandler
 .text.AGC_IRQHandler
                0x0000f438       0x40 C:\Users\Admin\SimplicityStudio\v4_workspace3\timerleProject\platform\radio\rail_lib\autogen\librail_release\librail_efr32xg13_gcc_release.a(generic_phy.o)
                0x0000f438                AGC_IRQHandler
 .text.SYNTH_IRQHandler
                0x0000f478       0x10 C:\Users\Admin\SimplicityStudio\v4_workspace3\timerleProject\platform\radio\rail_lib\autogen\librail_release\librail_efr32xg13_gcc_release.a(generic_phy.o)
                0x0000f478                SYNTH_IRQHandler
 .text.GENERIC_PHY_SetFeatures
                0x0000f488       0x24 C:\Users\Admin\SimplicityStudio\v4_workspace3\timerleProject\platform\radio\rail_lib\autogen\librail_release\librail_efr32xg13_gcc_release.a(generic_phy.o)
                0x0000f488                GENERIC_PHY_SetFeatures
 .text.GENERIC_PHY_IsFeatureEnabled
                0x0000f4ac       0x14 C:\Users\Admin\SimplicityStudio\v4_workspace3\timerleProject\platform\radio\rail_lib\autogen\librail_release\librail_efr32xg13_gcc_release.a(generic_phy.o)
                0x0000f4ac                GENERIC_PHY_IsFeatureEnabled
 .text.CORTEX_UTILS_BitsetLowestSetBit
                0x0000f4c0       0x26 C:\Users\Admin\SimplicityStudio\v4_workspace3\timerleProject\platform\radio\rail_lib\autogen\librail_release\librail_efr32xg13_gcc_release.a(cortex_utils.o)
                0x0000f4c0                CORTEX_UTILS_BitsetLowestSetBit
 *fill*         0x0000f4e6        0x2 
 .text.gecko_init_alloc
                0x0000f4e8       0x38 C:\Users\Admin\SimplicityStudio\v4_workspace3\timerleProject\protocol\bluetooth\lib\EFR32BG13P\GCC\libbluetooth.a(bglib.c.obj)
                0x0000f4e8                gecko_init_alloc
 .text.user_signal_message_handler
                0x0000f520       0x2c C:\Users\Admin\SimplicityStudio\v4_workspace3\timerleProject\protocol\bluetooth\lib\EFR32BG13P\GCC\libbluetooth.a(bglib.c.obj)
 .text.set_ctune
                0x0000f54c       0x64 C:\Users\Admin\SimplicityStudio\v4_workspace3\timerleProject\protocol\bluetooth\lib\EFR32BG13P\GCC\libbluetooth.a(bglib.c.obj)
                0x0000f54c                set_ctune
 .text.check_ctune_override
                0x0000f5b0       0x2c C:\Users\Admin\SimplicityStudio\v4_workspace3\timerleProject\protocol\bluetooth\lib\EFR32BG13P\GCC\libbluetooth.a(bglib.c.obj)
                0x0000f5b0                check_ctune_override
 .text.gecko_stack_init
                0x0000f5dc      0x25c C:\Users\Admin\SimplicityStudio\v4_workspace3\timerleProject\protocol\bluetooth\lib\EFR32BG13P\GCC\libbluetooth.a(bglib.c.obj)
                0x0000f5dc                gecko_stack_init
 .text.gecko_stack_update_callback
                0x0000f838       0x10 C:\Users\Admin\SimplicityStudio\v4_workspace3\timerleProject\protocol\bluetooth\lib\EFR32BG13P\GCC\libbluetooth.a(bglib.c.obj)
                0x0000f838                gecko_stack_update_callback
 .text.gap_is_scanning_or_advertising.part.0
                0x0000f848       0x2c C:\Users\Admin\SimplicityStudio\v4_workspace3\timerleProject\protocol\bluetooth\lib\EFR32BG13P\GCC\libbluetooth.a(gap.c.obj)
 .text.gap_is_resolvable
                0x0000f874       0x18 C:\Users\Admin\SimplicityStudio\v4_workspace3\timerleProject\protocol\bluetooth\lib\EFR32BG13P\GCC\libbluetooth.a(gap.c.obj)