Archive member included to satisfy reference by file (symbol)

C:\Users\Ayush\Desktop\Achyut\Thermometer-soc-Achyut\platform\radio\rail_lib\autogen\librail_release\librail_efr32xg13_gcc_release.a(rail_pti.o)
                              ./pti.o (RAIL_ConfigPti)
C:\Users\Ayush\Desktop\Achyut\Thermometer-soc-Achyut\platform\radio\rail_lib\autogen\librail_release\librail_efr32xg13_gcc_release.a(rail_rf_hal.o)
                              C:\Users\Ayush\Desktop\Achyut\Thermometer-soc-Achyut\platform\radio\rail_lib\autogen\librail_release\librail_efr32xg13_gcc_release.a(rail_pti.o) (RFHAL_ConfigPti)
C:\Users\Ayush\Desktop\Achyut\Thermometer-soc-Achyut\platform\radio\rail_lib\autogen\librail_release\librail_efr32xg13_gcc_release.a(rail_ieee802154_rf_hal.o)
                              C:\Users\Ayush\Desktop\Achyut\Thermometer-soc-Achyut\platform\radio\rail_lib\autogen\librail_release\librail_efr32xg13_gcc_release.a(rail_rf_hal.o) (RFHAL_IEEE802154IsEnabled)
C:\Users\Ayush\Desktop\Achyut\Thermometer-soc-Achyut\platform\radio\rail_lib\autogen\librail_release\librail_efr32xg13_gcc_release.a(ieee802154_efr32xg13_configurator_out.o)
                              C:\Users\Ayush\Desktop\Achyut\Thermometer-soc-Achyut\platform\radio\rail_lib\autogen\librail_release\librail_efr32xg13_gcc_release.a(rail_ieee802154_rf_hal.o) (ieee802154_coherent_min)
C:\Users\Ayush\Desktop\Achyut\Thermometer-soc-Achyut\platform\radio\rail_lib\autogen\librail_release\librail_efr32xg13_gcc_release.a(ieee802154_gb868_efr32xg13_configurator_out.o)
                              C:\Users\Ayush\Desktop\Achyut\Thermometer-soc-Achyut\platform\radio\rail_lib\autogen\librail_release\librail_efr32xg13_gcc_release.a(rail_ieee802154_rf_hal.o) (ieee802154_gb868_config_915_min)
C:\Users\Ayush\Desktop\Achyut\Thermometer-soc-Achyut\platform\radio\rail_lib\autogen\librail_release\librail_efr32xg13_gcc_release.a(rail_ble_rf_hal.o)
                              C:\Users\Ayush\Desktop\Achyut\Thermometer-soc-Achyut\platform\radio\rail_lib\autogen\librail_release\librail_efr32xg13_gcc_release.a(rail_rf_hal.o) (RFHAL_IsBleLongRangeEnabled)
C:\Users\Ayush\Desktop\Achyut\Thermometer-soc-Achyut\platform\radio\rail_lib\autogen\librail_release\librail_efr32xg13_gcc_release.a(ble_efr32xg13_configurator_out.o)
                              C:\Users\Ayush\Desktop\Achyut\Thermometer-soc-Achyut\platform\radio\rail_lib\autogen\librail_release\librail_efr32xg13_gcc_release.a(rail_ble_rf_hal.o) (ble_viterbi2M_min)
C:\Users\Ayush\Desktop\Achyut\Thermometer-soc-Achyut\platform\radio\rail_lib\autogen\librail_release\librail_efr32xg13_gcc_release.a(rail_singleprotocol.o)
                              C:\Users\Ayush\Desktop\Achyut\Thermometer-soc-Achyut\platform\radio\rail_lib\autogen\librail_release\librail_efr32xg13_gcc_release.a(rail_rf_hal.o) (RAIL_ActiveHandle)
C:\Users\Ayush\Desktop\Achyut\Thermometer-soc-Achyut\platform\radio\rail_lib\autogen\librail_release\librail_efr32xg13_gcc_release.a(rail_rf.o)
                              C:\Users\Ayush\Desktop\Achyut\Thermometer-soc-Achyut\platform\radio\rail_lib\autogen\librail_release\librail_efr32xg13_gcc_release.a(rail_singleprotocol.o) (RAILCore_Init)
C:\Users\Ayush\Desktop\Achyut\Thermometer-soc-Achyut\platform\radio\rail_lib\autogen\librail_release\librail_efr32xg13_gcc_release.a(rail_rx.o)
                              C:\Users\Ayush\Desktop\Achyut\Thermometer-soc-Achyut\platform\radio\rail_lib\autogen\librail_release\librail_efr32xg13_gcc_release.a(rail_rf_hal.o) (RAILCore_StartRx)
C:\Users\Ayush\Desktop\Achyut\Thermometer-soc-Achyut\platform\radio\rail_lib\autogen\librail_release\librail_efr32xg13_gcc_release.a(rail_tx.o)
                              C:\Users\Ayush\Desktop\Achyut\Thermometer-soc-Achyut\platform\radio\rail_lib\autogen\librail_release\librail_efr32xg13_gcc_release.a(rail_singleprotocol.o) (RAILCore_StartTxStream)
C:\Users\Ayush\Desktop\Achyut\Thermometer-soc-Achyut\platform\radio\rail_lib\autogen\librail_release\librail_efr32xg13_gcc_release.a(rail_calibration.o)
                              C:\Users\Ayush\Desktop\Achyut\Thermometer-soc-Achyut\platform\radio\rail_lib\autogen\librail_release\librail_efr32xg13_gcc_release.a(rail_rf_hal.o) (RAILInt_PendCal)
C:\Users\Ayush\Desktop\Achyut\Thermometer-soc-Achyut\platform\radio\rail_lib\autogen\librail_release\librail_efr32xg13_gcc_release.a(rail_data.o)
                              C:\Users\Ayush\Desktop\Achyut\Thermometer-soc-Achyut\platform\radio\rail_lib\autogen\librail_release\librail_efr32xg13_gcc_release.a(rail_rf_hal.o) (RAILCb_SetupRxFifo)
C:\Users\Ayush\Desktop\Achyut\Thermometer-soc-Achyut\platform\radio\rail_lib\autogen\librail_release\librail_efr32xg13_gcc_release.a(rail_assert.o)
                              C:\Users\Ayush\Desktop\Achyut\Thermometer-soc-Achyut\platform\radio\rail_lib\autogen\librail_release\librail_efr32xg13_gcc_release.a(rail_rf.o) (RAILInt_Assert)
[...]
Memory Configuration

Name             Origin             Length             Attributes
FLASH_BOOTLOADER 0x0fe10000         0x00004000         xr
FLASH            0x00000000         0x0007f000         xr
RAM              0x20000000         0x00010000         xrw
*default*        0x00000000         0xffffffff

Linker script and memory map

LOAD c:/siliconlabs/simplicitystudio/v4/developer/toolchains/gnu_arm/7.2_2017q4/bin/../lib/gcc/arm-none-eabi/7.2.1/thumb/v7e-m/fpv4-sp/softfp/crti.o
LOAD c:/siliconlabs/simplicitystudio/v4/developer/toolchains/gnu_arm/7.2_2017q4/bin/../lib/gcc/arm-none-eabi/7.2.1/thumb/v7e-m/fpv4-sp/softfp/crtbegin.o
LOAD c:/siliconlabs/simplicitystudio/v4/developer/toolchains/gnu_arm/7.2_2017q4/bin/../lib/gcc/arm-none-eabi/7.2.1/../../../../arm-none-eabi/lib/thumb/v7e-m/fpv4-sp/softfp/crt0.o
START GROUP
LOAD ./application_properties.o
LOAD ./cmu.o
LOAD ./gatt_db.o
LOAD ./gpio.o
LOAD ./i2c.o
LOAD ./init_app.o
LOAD ./init_board.o
LOAD ./init_mcu.o
LOAD ./letimer.o
LOAD ./main.o
LOAD ./pti.o
LOAD ./tempsen.o
LOAD ./timer.o
LOAD ./hardware/kit/common/bsp/bsp_stk.o
LOAD ./hardware/kit/common/drivers/i2cspm.o
LOAD ./hardware/kit/common/drivers/mx25flash_spi.o
LOAD ./hardware/kit/common/drivers/si7013.o
LOAD ./hardware/kit/common/drivers/tempsens.o
LOAD ./hardware/kit/common/drivers/udelay.o
LOAD ./platform/Device/SiliconLabs/EFR32BG13P/Source/GCC/startup_efr32bg13p.o
LOAD ./platform/Device/SiliconLabs/EFR32BG13P/Source/system_efr32bg13p.o
LOAD ./platform/emdrv/sleep/src/sleep.o
LOAD ./platform/emlib/src/em_acmp.o
LOAD ./platform/emlib/src/em_adc.o
LOAD ./platform/emlib/src/em_aes.o
LOAD ./platform/emlib/src/em_assert.o
LOAD ./platform/emlib/src/em_burtc.o
LOAD ./platform/emlib/src/em_can.o
LOAD ./platform/emlib/src/em_cmu.o
LOAD ./platform/emlib/src/em_core.o
LOAD ./platform/emlib/src/em_cryotimer.o
LOAD ./platform/emlib/src/em_crypto.o
LOAD ./platform/emlib/src/em_csen.o
LOAD ./platform/emlib/src/em_dac.o
LOAD ./platform/emlib/src/em_dbg.o
LOAD ./platform/emlib/src/em_dma.o
LOAD ./platform/emlib/src/em_ebi.o
LOAD ./platform/emlib/src/em_emu.o
LOAD ./platform/emlib/src/em_gpcrc.o
LOAD ./platform/emlib/src/em_gpio.o
LOAD ./platform/emlib/src/em_i2c.o
LOAD ./platform/emlib/src/em_idac.o
LOAD ./platform/emlib/src/em_int.o
LOAD ./platform/emlib/src/em_lcd.o
LOAD ./platform/emlib/src/em_ldma.o
LOAD ./platform/emlib/src/em_lesense.o
LOAD ./platform/emlib/src/em_letimer.o
LOAD ./platform/emlib/src/em_leuart.o
LOAD ./platform/emlib/src/em_mpu.o
LOAD ./platform/emlib/src/em_msc.o
LOAD ./platform/emlib/src/em_opamp.o
LOAD ./platform/emlib/src/em_pcnt.o
LOAD ./platform/emlib/src/em_prs.o
LOAD ./platform/emlib/src/em_qspi.o
LOAD ./platform/emlib/src/em_rmu.o
LOAD ./platform/emlib/src/em_rtc.o
LOAD ./platform/emlib/src/em_rtcc.o
LOAD ./platform/emlib/src/em_system.o
LOAD ./platform/emlib/src/em_timer.o
LOAD ./platform/emlib/src/em_usart.o
LOAD ./platform/emlib/src/em_vcmp.o
LOAD ./platform/emlib/src/em_vdac.o
LOAD ./platform/emlib/src/em_wdog.o
LOAD C:\Users\Ayush\Desktop\Achyut\Thermometer-soc-Achyut\platform\radio\rail_lib\autogen\librail_release\librail_efr32xg13_gcc_release.a
LOAD C:\Users\Ayush\Desktop\Achyut\Thermometer-soc-Achyut\protocol\bluetooth\lib\EFR32BG13P\GCC\binapploader.o
LOAD C:\Users\Ayush\Desktop\Achyut\Thermometer-soc-Achyut\protocol\bluetooth\lib\EFR32BG13P\GCC\libpsstore.a
LOAD C:\Users\Ayush\Desktop\Achyut\Thermometer-soc-Achyut\protocol\bluetooth\lib\EFR32BG13P\GCC\libbluetooth.a
LOAD C:\Users\Ayush\Desktop\Achyut\Thermometer-soc-Achyut\protocol\bluetooth\lib\EFR32BG13P\GCC\libmbedtls.a
LOAD c:/siliconlabs/simplicitystudio/v4/developer/toolchains/gnu_arm/7.2_2017q4/bin/../lib/gcc/arm-none-eabi/7.2.1/../../../../arm-none-eabi/lib/thumb/v7e-m/fpv4-sp/softfp\libm.a
END GROUP
START GROUP
LOAD c:/siliconlabs/simplicitystudio/v4/developer/toolchains/gnu_arm/7.2_2017q4/bin/../lib/gcc/arm-none-eabi/7.2.1/thumb/v7e-m/fpv4-sp/softfp\libgcc.a
LOAD c:/siliconlabs/simplicitystudio/v4/developer/toolchains/gnu_arm/7.2_2017q4/bin/../lib/gcc/arm-none-eabi/7.2.1/../../../../arm-none-eabi/lib/thumb/v7e-m/fpv4-sp/softfp\libc_nano.a
LOAD c:/siliconlabs/simplicitystudio/v4/developer/toolchains/gnu_arm/7.2_2017q4/bin/../lib/gcc/arm-none-eabi/7.2.1/../../../../arm-none-eabi/lib/thumb/v7e-m/fpv4-sp/softfp\libnosys.a
END GROUP
START GROUP
LOAD c:/siliconlabs/simplicitystudio/v4/developer/toolchains/gnu_arm/7.2_2017q4/bin/../lib/gcc/arm-none-eabi/7.2.1/thumb/v7e-m/fpv4-sp/softfp\libgcc.a
LOAD c:/siliconlabs/simplicitystudio/v4/developer/toolchains/gnu_arm/7.2_2017q4/bin/../lib/gcc/arm-none-eabi/7.2.1/../../../../arm-none-eabi/lib/thumb/v7e-m/fpv4-sp/softfp\libg_nano.a
LOAD c:/siliconlabs/simplicitystudio/v4/developer/toolchains/gnu_arm/7.2_2017q4/bin/../lib/gcc/arm-none-eabi/7.2.1/../../../../arm-none-eabi/lib/thumb/v7e-m/fpv4-sp/softfp\libc_nano.a
END GROUP
START GROUP
LOAD c:/siliconlabs/simplicitystudio/v4/developer/toolchains/gnu_arm/7.2_2017q4/bin/../lib/gcc/arm-none-eabi/7.2.1/thumb/v7e-m/fpv4-sp/softfp\libgcc.a
LOAD c:/siliconlabs/simplicitystudio/v4/developer/toolchains/gnu_arm/7.2_2017q4/bin/../lib/gcc/arm-none-eabi/7.2.1/../../../../arm-none-eabi/lib/thumb/v7e-m/fpv4-sp/softfp\libc_nano.a
END GROUP
LOAD c:/siliconlabs/simplicitystudio/v4/developer/toolchains/gnu_arm/7.2_2017q4/bin/../lib/gcc/arm-none-eabi/7.2.1/thumb/v7e-m/fpv4-sp/softfp/crtend.o
LOAD c:/siliconlabs/simplicitystudio/v4/developer/toolchains/gnu_arm/7.2_2017q4/bin/../lib/gcc/arm-none-eabi/7.2.1/thumb/v7e-m/fpv4-sp/softfp/crtn.o

.text_bootloader
                0x0fe10000        0x0
 *(.binbootloader*)
                0x0fe10000                . = ALIGN (0x4000)

.text_apploader
                0x00000000     0x8fc0
 *(.binapploader*)
 .binapploader  0x00000000     0x8fc0 C:\Users\Ayush\Desktop\Achyut\Thermometer-soc-Achyut\protocol\bluetooth\lib\EFR32BG13P\GCC\binapploader.o

.text_signature
                0x00008fc0       0x40
                0x00009000                . = ALIGN (0x800)
 *fill*         0x00008fc0       0x40 
                0x00009000                __text_start__ = .

.text_application
                0x00009000    0x23610
 *(.vectors)
 .vectors       0x00009000       0xfc ./platform/Device/SiliconLabs/EFR32BG13P/Source/GCC/startup_efr32bg13p.o
                0x00009000                __Vectors
                0x000090fc                __Vectors_End = .
                0x000000fc                __Vectors_Size = (__Vectors_End - __Vectors)
                0x000090fc                __end__ = .
 *(.application_properties)
 .application_properties
                0x000090fc       0x38 ./application_properties.o
                0x000090fc                applicationProperties
 *(.gecko_configuration)
 *(.xo_configuration)
 *(.gatt_header)
 .gatt_header   0x00009134       0x34 ./gatt_db.o
                0x00009134                bg_gattdb_data
 *(.gatt_data)
 .gatt_data     0x00009168      0x206 ./gatt_db.o
                0x00009168                bg_gattdb_data_adv_uuid128_map
                0x0000916c                bg_gattdb_data_adv_uuid16_map
                0x00009170                bg_gattdb_data_attributes_dynamic_mapping_map
                0x0000917c                bg_gattdb_data_attributes_map
                0x00009284                bg_gattdb_data_attribute_field_0
                0x00009288                bg_gattdb_data_attribute_field_1
                0x00009290                bg_gattdb_data_attribute_field_2
                0x00009298                bg_gattdb_data_attribute_field_4
                0x0000929c                bg_gattdb_data_attribute_field_5
                0x000092a4                bg_gattdb_data_attribute_field_6
                0x000092ac                bg_gattdb_data_attribute_field_7
                0x000092b4                bg_gattdb_data_attribute_field_8
                0x000092b8                bg_gattdb_data_attribute_field_9
                0x000092bc                bg_gattdb_data_attribute_field_10
                0x000092c4                bg_gattdb_data_attribute_field_11
                0x000092d4                bg_gattdb_data_attribute_field_12
                0x000092d8                bg_gattdb_data_attribute_field_13
                0x000092e0                bg_gattdb_data_attribute_field_14
                0x000092e8                bg_gattdb_data_attribute_field_16
                0x000092fc                bg_gattdb_data_attribute_field_17
                0x00009314                bg_gattdb_data_attribute_field_18
                0x0000931c                bg_gattdb_data_attribute_field_19
                0x00009320                bg_gattdb_data_attribute_field_20
                0x00009328                bg_gattdb_data_attribute_field_21
                0x00009330                bg_gattdb_data_uuidtable_128_map
                0x00009350                bg_gattdb_data_uuidtable_16_map
 *(.text*)
 *fill*         0x0000936e        0x2 
 .text          0x00009370       0x40 c:/siliconlabs/simplicitystudio/v4/developer/toolchains/gnu_arm/7.2_2017q4/bin/../lib/gcc/arm-none-eabi/7.2.1/thumb/v7e-m/fpv4-sp/softfp/crtbegin.o
 .text          0x000093b0       0x74 c:/siliconlabs/simplicitystudio/v4/developer/toolchains/gnu_arm/7.2_2017q4/bin/../lib/gcc/arm-none-eabi/7.2.1/../../../../arm-none-eabi/lib/thumb/v7e-m/fpv4-sp/softfp/crt0.o
                0x000093b0                _start
                0x000093b0                _mainCRTStartup
 .text.i2c_init
                0x00009424       0xa8 ./i2c.o
                0x00009424                i2c_init
 .text.i2c_disable
                0x000094cc       0x38 ./i2c.o
                0x000094cc                i2c_disable
 .text.i2c_driver
                0x00009504       0x74 ./i2c.o
                0x00009504                i2c_driver
 .text.initApp  0x00009578       0x40 ./init_app.o
                0x00009578                initApp
 .text.initBoard
                0x000095b8       0x48 ./init_board.o
                0x000095b8                initBoard
 .text.initMcu  0x00009600      0x104 ./init_mcu.o
                0x00009600                initMcu
 .text.LETimer0Setup
                0x00009704       0xac ./letimer.o
                0x00009704                LETimer0Setup
 .text.LETIMER0_IRQHandler
                0x000097b0       0x20 ./letimer.o
                0x000097b0                LETIMER0_IRQHandler
 .text.startup.main
                0x000097d0      0x450 ./main.o
                0x000097d0                main
 .text.configEnablePti
                0x00009c20       0x30 ./pti.o
                0x00009c20                configEnablePti
 .text.tempsensor
                0x00009c50       0xbc ./tempsen.o
                0x00009c50                tempsensor
 .text.TIMER0_setup
                0x00009d0c       0x70 ./timer.o
                0x00009d0c                TIMER0_setup
 .text.TIMER0_IRQHandler
                0x00009d7c       0x3c ./timer.o
                0x00009d7c                TIMER0_IRQHandler
 .text.I2CSPM_Init
                0x00009db8       0xb4 ./hardware/kit/common/drivers/i2cspm.o
                0x00009db8                I2CSPM_Init
 .text.MX25_init
                0x00009e6c       0xa4 ./hardware/kit/common/drivers/mx25flash_spi.o
                0x00009e6c                MX25_init
 .text.MX25_DP  0x00009f10       0x60 ./hardware/kit/common/drivers/mx25flash_spi.o
                0x00009f10                MX25_DP
 .text.Default_Handler
                0x00009f70        0x4 ./platform/Device/SiliconLabs/EFR32BG13P/Source/GCC/startup_efr32bg13p.o
                0x00009f70                DebugMon_Handler
                0x00009f70                USART0_TX_IRQHandler
                0x00009f70                I2C0_IRQHandler
                0x00009f70                HardFault_Handler
                0x00009f70                SysTick_Handler
                0x00009f70                USART1_RX_IRQHandler
                0x00009f70                PendSV_Handler
                0x00009f70                NMI_Handler
                0x00009f70                I2C1_IRQHandler
                0x00009f70                WTIMER0_IRQHandler
                0x00009f70                CRYPTO0_IRQHandler
                0x00009f70                WDOG0_IRQHandler
                0x00009f70                USART1_TX_IRQHandler
                0x00009f70                SMU_IRQHandler
                0x00009f70                MSC_IRQHandler
                0x00009f70                ADC0_IRQHandler
                0x00009f70                UsageFault_Handler
                0x00009f70                WDOG1_IRQHandler
                0x00009f70                LEUART0_IRQHandler
                0x00009f70                FPUEH_IRQHandler
                0x00009f70                GPIO_EVEN_IRQHandler
                0x00009f70                VDAC0_IRQHandler
                0x00009f70                LDMA_IRQHandler
                0x00009f70                CSEN_IRQHandler
                0x00009f70                CRYPTO1_IRQHandler
                0x00009f70                TIMER1_IRQHandler
                0x00009f70                TRNG0_IRQHandler
                0x00009f70                USART2_RX_IRQHandler
                0x00009f70                Default_Handler
                0x00009f70                EMU_IRQHandler
                0x00009f70                CRYOTIMER_IRQHandler
                0x00009f70                PCNT0_IRQHandler
                0x00009f70                ACMP0_IRQHandler
                0x00009f70                USART0_RX_IRQHandler
                0x00009f70                MemManage_Handler
                0x00009f70                SVC_Handler
                0x00009f70                RTCC_IRQHandler
                0x00009f70                CMU_IRQHandler
                0x00009f70                GPIO_ODD_IRQHandler
                0x00009f70                LESENSE_IRQHandler
                0x00009f70                BusFault_Handler
                0x00009f70                USART2_TX_IRQHandler
                0x00009f70                IDAC0_IRQHandler
 .text.Reset_Handler
                0x00009f74       0x2c ./platform/Device/SiliconLabs/EFR32BG13P/Source/GCC/startup_efr32bg13p.o
                0x00009f74                Reset_Handler
 .text.SystemMaxCoreClockGet
                0x00009fa0        0x8 ./platform/Device/SiliconLabs/EFR32BG13P/Source/system_efr32bg13p.o
                0x00009fa0                SystemMaxCoreClockGet
 .text.SystemHFClockGet
                0x00009fa8       0x50 ./platform/Device/SiliconLabs/EFR32BG13P/Source/system_efr32bg13p.o
                0x00009fa8                SystemHFClockGet
 .text.SystemCoreClockGet
                0x00009ff8       0x24 ./platform/Device/SiliconLabs/EFR32BG13P/Source/system_efr32bg13p.o
                0x00009ff8                SystemCoreClockGet
 .text.SystemHFXOClockGet
                0x0000a01c        0xc ./platform/Device/SiliconLabs/EFR32BG13P/Source/system_efr32bg13p.o
                0x0000a01c                SystemHFXOClockGet
 .text.SystemHFXOClockSet
                0x0000a028       0x3c ./platform/Device/SiliconLabs/EFR32BG13P/Source/system_efr32bg13p.o
                0x0000a028                SystemHFXOClockSet
 .text.SystemInit
                0x0000a064       0x14 ./platform/Device/SiliconLabs/EFR32BG13P/Source/system_efr32bg13p.o
                0x0000a064                SystemInit
 .text.SystemLFRCOClockGet
                0x0000a078        0x8 ./platform/Device/SiliconLabs/EFR32BG13P/Source/system_efr32bg13p.o
                0x0000a078                SystemLFRCOClockGet
 .text.SystemULFRCOClockGet
                0x0000a080        0x8 ./platform/Device/SiliconLabs/EFR32BG13P/Source/system_efr32bg13p.o
                0x0000a080                SystemULFRCOClockGet
 .text.SystemLFXOClockGet
                0x0000a088        0xc ./platform/Device/SiliconLabs/EFR32BG13P/Source/system_efr32bg13p.o
                0x0000a088                SystemLFXOClockGet
 .text.SystemLFXOClockSet
                0x0000a094       0x3c ./platform/Device/SiliconLabs/EFR32BG13P/Source/system_efr32bg13p.o
                0x0000a094                SystemLFXOClockSet
 .text.sleepCallbackWrapper
                0x0000a0d0       0x14 ./platform/emdrv/sleep/src/sleep.o
 .text.enterEMx
                0x0000a0e4       0x54 ./platform/emdrv/sleep/src/sleep.o
 .text.SLEEP_Init
                0x0000a138       0x40 ./platform/emdrv/sleep/src/sleep.o
                0x0000a138                SLEEP_Init
 .text.SLEEP_Sleep
                0x0000a178       0x70 ./platform/emdrv/sleep/src/sleep.o
                0x0000a178                SLEEP_Sleep
 .text.SLEEP_SleepBlockBegin
                0x0000a1e8       0x28 ./platform/emdrv/sleep/src/sleep.o
                0x0000a1e8                SLEEP_SleepBlockBegin
 .text.SLEEP_SleepBlockEnd
                0x0000a210       0x2c ./platform/emdrv/sleep/src/sleep.o
                0x0000a210                SLEEP_SleepBlockEnd
 .text.SLEEP_LowestEnergyModeGet
                0x0000a23c       0x1c ./platform/emdrv/sleep/src/sleep.o
                0x0000a23c                SLEEP_LowestEnergyModeGet
 .text.flashWaitStateControl
                0x0000a258       0x5c ./platform/emlib/src/em_cmu.o
 .text.flashWaitStateMax
                0x0000a2b4       0x24 ./platform/emlib/src/em_cmu.o
 .text.CMU_OscillatorTuningSet.part.2
                0x0000a2d8       0x3c ./platform/emlib/src/em_cmu.o
 .text.CMU_UpdateWaitStates
                0x0000a314       0x1c ./platform/emlib/src/em_cmu.o
                0x0000a314                CMU_UpdateWaitStates
 .text.CMU_ClockEnable
                0x0000a330       0x94 ./platform/emlib/src/em_cmu.o
                0x0000a330                CMU_ClockEnable
 .text.CMU_ClockSelectGet
                0x0000a3c4       0xc4 ./platform/emlib/src/em_cmu.o
                0x0000a3c4                CMU_ClockSelectGet
 .text.lfClkGet
                0x0000a488       0x94 ./platform/emlib/src/em_cmu.o
 .text.CMU_ClockFreqGet
                0x0000a51c      0x1a8 ./platform/emlib/src/em_cmu.o
                0x0000a51c                CMU_ClockFreqGet
 .text.CMU_ClockPrescSet
                0x0000a6c4      0x288 ./platform/emlib/src/em_cmu.o
                0x0000a6c4                CMU_ClockPrescSet
 .text.CMU_ClockDivSet
                0x0000a94c        0x8 ./platform/emlib/src/em_cmu.o
                0x0000a94c                CMU_ClockDivSet
 .text.CMU_HFXOAutostartEnable
                0x0000a954       0xc4 ./platform/emlib/src/em_cmu.o
                0x0000a954                CMU_HFXOAutostartEnable
 .text.CMU_HFXOInit
                0x0000aa18       0x84 ./platform/emlib/src/em_cmu.o
                0x0000aa18                CMU_HFXOInit
 .text.CMU_LFXOInit
                0x0000aa9c       0x50 ./platform/emlib/src/em_cmu.o
                0x0000aa9c                CMU_LFXOInit
 .text.CMU_OscillatorTuningWait
                0x0000aaec       0x48 ./platform/emlib/src/em_cmu.o
                0x0000aaec                CMU_OscillatorTuningWait
 .text.CMU_OscillatorEnable
                0x0000ab34      0x110 ./platform/emlib/src/em_cmu.o
                0x0000ab34                CMU_OscillatorEnable
 .text.CMU_ClockSelectSet
                0x0000ac44      0x278 ./platform/emlib/src/em_cmu.o
                0x0000ac44                CMU_ClockSelectSet
 .text.CORE_EnterCritical
                0x0000aebc        0x8 ./platform/emlib/src/em_core.o
                0x0000aebc                CORE_EnterCritical
 .text.CORE_ExitCritical
                0x0000aec4        0x8 ./platform/emlib/src/em_core.o
                0x0000aec4                CORE_ExitCritical
 .text.CORE_AtomicDisableIrq
                0x0000aecc        0x4 ./platform/emlib/src/em_core.o
                0x0000aecc                CORE_AtomicDisableIrq
 .text.CORE_AtomicEnableIrq
                0x0000aed0        0x4 ./platform/emlib/src/em_core.o
                0x0000aed0                CORE_AtomicEnableIrq
 .text.CORE_EnterAtomic
                0x0000aed4        0x8 ./platform/emlib/src/em_core.o
                0x0000aed4                CORE_EnterAtomic
 .text.CORE_ExitAtomic
                0x0000aedc        0x4 ./platform/emlib/src/em_core.o
                0x0000aedc                CORE_ExitAtomic
 .text.CORE_SetNvicRamTableHandler
                0x0000aee0       0x10 ./platform/emlib/src/em_core.o
                0x0000aee0                CORE_SetNvicRamTableHandler
 .text.CORE_InitNvicVectorTable
                0x0000aef0       0x44 ./platform/emlib/src/em_core.o
                0x0000aef0                CORE_InitNvicVectorTable
 .text.CRYPTO_ModulusSet
                0x0000af34       0x38 ./platform/emlib/src/em_crypto.o
                0x0000af34                CRYPTO_ModulusSet
 .text.CRYPTO_KeyRead
                0x0000af6c       0x2c ./platform/emlib/src/em_crypto.o
                0x0000af6c                CRYPTO_KeyRead
 .text.lpGetDevinfoVrefLowHigh
                0x0000af98       0xdc ./platform/emlib/src/em_emu.o
 .text.vScaleDownEM23Setup
                0x0000b074       0x30 ./platform/emlib/src/em_emu.o
 .text.vScaleAfterWakeup.part.1
                0x0000b0a4       0x20 ./platform/emlib/src/em_emu.o
 .text.lpCmpHystCalibrationLoad.isra.2
                0x0000b0c4       0x60 ./platform/emlib/src/em_emu.o
 .text.emState.part.3
                0x0000b124       0xc0 ./platform/emlib/src/em_emu.o
 .text.emState.constprop.5
                0x0000b1e4       0x50 ./platform/emlib/src/em_emu.o
 .text.EMU_EnterEM2
                0x0000b234       0x4c ./platform/emlib/src/em_emu.o
                0x0000b234                EMU_EnterEM2
 .text.EMU_EnterEM3
                0x0000b280       0x70 ./platform/emlib/src/em_emu.o
                0x0000b280                EMU_EnterEM3
 .text.EMU_Save
                0x0000b2f0        0x4 ./platform/emlib/src/em_emu.o
                0x0000b2f0                EMU_Save
 .text.EMU_Restore
                0x0000b2f4        0x4 ./platform/emlib/src/em_emu.o
                0x0000b2f4                EMU_Restore
 .text.EMU_EnterEM4
                0x0000b2f8       0x30 ./platform/emlib/src/em_emu.o
                0x0000b2f8                EMU_EnterEM4
 .text.EMU_VScaleEM01
                0x0000b328       0x78 ./platform/emlib/src/em_emu.o
                0x0000b328                EMU_VScaleEM01
 .text.EMU_VScaleEM01ByClock
                0x0000b3a0       0x50 ./platform/emlib/src/em_emu.o
                0x0000b3a0                EMU_VScaleEM01ByClock
 .text.EMU_EM01Init
                0x0000b3f0       0x14 ./platform/emlib/src/em_emu.o
                0x0000b3f0                EMU_EM01Init
 .text.EMU_EM23Init
                0x0000b404       0x18 ./platform/emlib/src/em_emu.o
                0x0000b404                EMU_EM23Init
 .text.EMU_DCDCModeSet
                0x0000b41c       0x84 ./platform/emlib/src/em_emu.o
                0x0000b41c                EMU_DCDCModeSet
 .text.EMU_DCDCOutputVoltageSet
                0x0000b4a0      0x16c ./platform/emlib/src/em_emu.o
                0x0000b4a0                EMU_DCDCOutputVoltageSet
 .text.EMU_DCDCOptimizeSlice
                0x0000b60c       0xf8 ./platform/emlib/src/em_emu.o
                0x0000b60c                EMU_DCDCOptimizeSlice
 .text.EMU_DCDCInit
                0x0000b704      0x10c ./platform/emlib/src/em_emu.o
                0x0000b704                EMU_DCDCInit
 .text.EMU_DCDCLnRcoBandSet
                0x0000b810       0x24 ./platform/emlib/src/em_emu.o
                0x0000b810                EMU_DCDCLnRcoBandSet
 .text.GPIO_PinModeSet
                0x0000b834       0x94 ./platform/emlib/src/em_gpio.o
                0x0000b834                GPIO_PinModeSet
 .text.I2C_BusFreqSet.part.0
                0x0000b8c8       0x5c ./platform/emlib/src/em_i2c.o
 .text.I2C_Enable
                0x0000b924        0xc ./platform/emlib/src/em_i2c.o
                0x0000b924                I2C_Enable
 .text.I2C_Init
                0x0000b930       0x38 ./platform/emlib/src/em_i2c.o
                0x0000b930                I2C_Init
 .text.LETIMER_CompareSet
                0x0000b968       0x14 ./platform/emlib/src/em_letimer.o
                0x0000b968                LETIMER_CompareSet
 .text.LETIMER_Enable
                0x0000b97c       0x10 ./platform/emlib/src/em_letimer.o
                0x0000b97c                LETIMER_Enable
 .text.LETIMER_Init
                0x0000b98c       0x60 ./platform/emlib/src/em_letimer.o
                0x0000b98c                LETIMER_Init
 .text.MSC_Init
                0x0000b9ec       0x20 ./platform/emlib/src/em_msc.o
                0x0000b9ec                MSC_Init
 .text.MSC_Deinit
                0x0000ba0c       0x14 ./platform/emlib/src/em_msc.o
                0x0000ba0c                MSC_Deinit
 .text.RMU_ResetCauseClear
                0x0000ba20        0xc ./platform/emlib/src/em_rmu.o
                0x0000ba20                RMU_ResetCauseClear
 .text.RMU_ResetCauseGet
                0x0000ba2c       0x60 ./platform/emlib/src/em_rmu.o
                0x0000ba2c                RMU_ResetCauseGet
 .text.RTCC_Init
                0x0000ba8c       0x64 ./platform/emlib/src/em_rtcc.o
                0x0000ba8c                RTCC_Init
 .text.SYSTEM_ChipRevisionGet
                0x0000baf0       0x34 ./platform/emlib/src/em_system.o
                0x0000baf0                SYSTEM_ChipRevisionGet
 .text.TIMER_Init
                0x0000bb24       0x6c ./platform/emlib/src/em_timer.o
                0x0000bb24                TIMER_Init
 .text.TIMER_InitCC
                0x0000bb90       0x54 ./platform/emlib/src/em_timer.o
                0x0000bb90                TIMER_InitCC
 .text.USART_InitSync
                0x0000bbe4       0xdc ./platform/emlib/src/em_usart.o
                0x0000bbe4                USART_InitSync
 .text.USART_Reset
                0x0000bcc0       0x58 ./platform/emlib/src/em_usart.o
                0x0000bcc0                USART_Reset
 .text.USART_SpiTransfer
                0x0000bd18       0x14 ./platform/emlib/src/em_usart.o
                0x0000bd18                USART_SpiTransfer
 .text.RAIL_ConfigPti
                0x0000bd2c        0x6 C:\Users\Ayush\Desktop\Achyut\Thermometer-soc-Achyut\platform\radio\rail_lib\autogen\librail_release\librail_efr32xg13_gcc_release.a(rail_pti.o)
                0x0000bd2c                RAIL_ConfigPti
 .text.RAIL_EnablePti
                0x0000bd32        0x6 C:\Users\Ayush\Desktop\Achyut\Thermometer-soc-Achyut\platform\radio\rail_lib\autogen\librail_release\librail_efr32xg13_gcc_release.a(rail_pti.o)
                0x0000bd32                RAIL_EnablePti
 .text.eventDefault
                0x0000bd38        0x2 C:\Users\Ayush\Desktop\Achyut\Thermometer-soc-Achyut\platform\radio\rail_lib\autogen\librail_release\librail_efr32xg13_gcc_release.a(rail_rf_hal.o)
 *fill*         0x0000bd3a        0x2 
 .text.RFHAL_NotifyUserOfIrCal
                0x0000bd3c       0x78 C:\Users\Ayush\Desktop\Achyut\Thermometer-soc-Achyut\platform\radio\rail_lib\autogen\librail_release\librail_efr32xg13_gcc_release.a(rail_rf_hal.o)
 *fill*         0x0000bdb4        0x4 
 .text.GENERIC_PHY_EventCallback
                0x0000bdb8      0x194 C:\Users\Ayush\Desktop\Achyut\Thermometer-soc-Achyut\platform\radio\rail_lib\autogen\librail_release\librail_efr32xg13_gcc_release.a(rail_rf_hal.o)
                0x0000bdb8                GENERIC_PHY_EventCallback
 .text.RFHAL_IntEnable
                0x0000bf4c       0x58 C:\Users\Ayush\Desktop\Achyut\Thermometer-soc-Achyut\platform\radio\rail_lib\autogen\librail_release\librail_efr32xg13_gcc_release.a(rail_rf_hal.o)
                0x0000bf4c                RFHAL_IntEnable
 .text.RFHAL_SetEventCallback
                0x0000bfa4       0x18 C:\Users\Ayush\Desktop\Achyut\Thermometer-soc-Achyut\platform\radio\rail_lib\autogen\librail_release\librail_efr32xg13_gcc_release.a(rail_rf_hal.o)
                0x0000bfa4                RFHAL_SetEventCallback
 .text.RFHAL_SetPtiProtocol
                0x0000bfbc       0x20 C:\Users\Ayush\Desktop\Achyut\Thermometer-soc-Achyut\platform\radio\rail_lib\autogen\librail_release\librail_efr32xg13_gcc_release.a(rail_rf_hal.o)
                0x0000bfbc                RFHAL_SetPtiProtocol
 .text.RFHAL_Idle
                0x0000bfdc       0x2a C:\Users\Ayush\Desktop\Achyut\Thermometer-soc-Achyut\platform\radio\rail_lib\autogen\librail_release\librail_efr32xg13_gcc_release.a(rail_rf_hal.o)
                0x0000bfdc                RFHAL_Idle
 *fill*         0x0000c006        0x2 
 .text.RFHAL_GetRadioState
                0x0000c008       0x48 C:\Users\Ayush\Desktop\Achyut\Thermometer-soc-Achyut\platform\radio\rail_lib\autogen\librail_release\librail_efr32xg13_gcc_release.a(rail_rf_hal.o)
                0x0000c008                RFHAL_GetRadioState
 .text.RFHAL_OkToTransmit
                0x0000c050       0x18 C:\Users\Ayush\Desktop\Achyut\Thermometer-soc-Achyut\platform\radio\rail_lib\autogen\librail_release\librail_efr32xg13_gcc_release.a(rail_rf_hal.o)
                0x0000c050                RFHAL_OkToTransmit
 .text.RFHAL_ScheduleRx
                0x0000c068       0x5a C:\Users\Ayush\Desktop\Achyut\Thermometer-soc-Achyut\platform\radio\rail_lib\autogen\librail_release\librail_efr32xg13_gcc_release.a(rail_rf_hal.o)
                0x0000c068                RFHAL_ScheduleRx
 *fill*         0x0000c0c2        0x2 
 .text.RFHAL_EnableRxRawCapture
                0x0000c0c4       0x58 C:\Users\Ayush\Desktop\Achyut\Thermometer-soc-Achyut\platform\radio\rail_lib\autogen\librail_release\librail_efr32xg13_gcc_release.a(rail_rf_hal.o)
                0x0000c0c4                RFHAL_EnableRxRawCapture
 .text.RFHAL_DisableRxRawCapture
                0x0000c11c       0x50 C:\Users\Ayush\Desktop\Achyut\Thermometer-soc-Achyut\platform\radio\rail_lib\autogen\librail_release\librail_efr32xg13_gcc_release.a(rail_rf_hal.o)
                0x0000c11c                RFHAL_DisableRxRawCapture
 .text.RFHAL_AcceptCrcErrors
                0x0000c16c       0x18 C:\Users\Ayush\Desktop\Achyut\Thermometer-soc-Achyut\platform\radio\rail_lib\autogen\librail_release\librail_efr32xg13_gcc_release.a(rail_rf_hal.o)
                0x0000c16c                RFHAL_AcceptCrcErrors
 .text.RFHAL_ConfigRxOptions
                0x0000c184      0x124 C:\Users\Ayush\Desktop\Achyut\Thermometer-soc-Achyut\platform\radio\rail_lib\autogen\librail_release\librail_efr32xg13_gcc_release.a(rail_rf_hal.o)
                0x0000c184                RFHAL_ConfigRxOptions
 .text.RFHAL_GetTimer
                0x0000c2a8        0xc C:\Users\Ayush\Desktop\Achyut\Thermometer-soc-Achyut\platform\radio\rail_lib\autogen\librail_release\librail_efr32xg13_gcc_release.a(rail_rf_hal.o)
                0x0000c2a8                RFHAL_GetTimer
 .text.RFHAL_CancelTimer
                0x0000c2b4       0x28 C:\Users\Ayush\Desktop\Achyut\Thermometer-soc-Achyut\platform\radio\rail_lib\autogen\librail_release\librail_efr32xg13_gcc_release.a(rail_rf_hal.o)
                0x0000c2b4                RFHAL_CancelTimer
 .text.RFHAL_SetTimer
                0x0000c2dc       0x7c C:\Users\Ayush\Desktop\Achyut\Thermometer-soc-Achyut\platform\radio\rail_lib\autogen\librail_release\librail_efr32xg13_gcc_release.a(rail_rf_hal.o)
                0x0000c2dc                RFHAL_SetTimer
 .text.RFHAL_IsTimerExpired
                0x0000c358       0x1c C:\Users\Ayush\Desktop\Achyut\Thermometer-soc-Achyut\platform\radio\rail_lib\autogen\librail_release\librail_efr32xg13_gcc_release.a(rail_rf_hal.o)
                0x0000c358                RFHAL_IsTimerExpired
 .text.RFHAL_IsTimerRunning
                0x0000c374        0x6 C:\Users\Ayush\Desktop\Achyut\Thermometer-soc-Achyut\platform\radio\rail_lib\autogen\librail_release\librail_efr32xg13_gcc_release.a(rail_rf_hal.o)
                0x0000c374                RFHAL_IsTimerRunning
 *fill*         0x0000c37a        0x2 
 .text.RFHAL_CalcBitRate
                0x0000c37c        0xc C:\Users\Ayush\Desktop\Achyut\Thermometer-soc-Achyut\platform\radio\rail_lib\autogen\librail_release\librail_efr32xg13_gcc_release.a(rail_rf_hal.o)
                0x0000c37c                RFHAL_CalcBitRate
 .text.RFHAL_GetBitRate
                0x0000c388       0x22 C:\Users\Ayush\Desktop\Achyut\Thermometer-soc-Achyut\platform\radio\rail_lib\autogen\librail_release\librail_efr32xg13_gcc_release.a(rail_rf_hal.o)
                0x0000c388                RFHAL_GetBitRate
 *fill*         0x0000c3aa        0x2 
 .text.RFHAL_SetTxTransitions
                0x0000c3ac       0x1c C:\Users\Ayush\Desktop\Achyut\Thermometer-soc-Achyut\platform\radio\rail_lib\autogen\librail_release\librail_efr32xg13_gcc_release.a(rail_rf_hal.o)
                0x0000c3ac                RFHAL_SetTxTransitions
 .text.RFHAL_SetRxTransitions
                0x0000c3c8       0x1c C:\Users\Ayush\Desktop\Achyut\Thermometer-soc-Achyut\platform\radio\rail_lib\autogen\librail_release\librail_efr32xg13_gcc_release.a(rail_rf_hal.o)
                0x0000c3c8                RFHAL_SetRxTransitions
 .text.RFHAL_SetCRCInitVal
                0x0000c3e4        0x4 C:\Users\Ayush\Desktop\Achyut\Thermometer-soc-Achyut\platform\radio\rail_lib\autogen\librail_release\librail_efr32xg13_gcc_release.a(rail_rf_hal.o)
                0x0000c3e4                RFHAL_SetCRCInitVal
 .text.RFHAL_ConfigTxPower
                0x0000c3e8        0xc C:\Users\Ayush\Desktop\Achyut\Thermometer-soc-Achyut\platform\radio\rail_lib\autogen\librail_release\librail_efr32xg13_gcc_release.a(rail_rf_hal.o)
                0x0000c3e8                RFHAL_ConfigTxPower
 .text.RFHAL_SetTxPowerUnchecked
                0x0000c3f4       0x18 C:\Users\Ayush\Desktop\Achyut\Thermometer-soc-Achyut\platform\radio\rail_lib\autogen\librail_release\librail_efr32xg13_gcc_release.a(rail_rf_hal.o)
                0x0000c3f4                RFHAL_SetTxPowerUnchecked
 .text.RFHAL_SetTxPower
                0x0000c40c       0x40 C:\Users\Ayush\Desktop\Achyut\Thermometer-soc-Achyut\platform\radio\rail_lib\autogen\librail_release\librail_efr32xg13_gcc_release.a(rail_rf_hal.o)
                0x0000c40c                RFHAL_SetTxPower
 .text.RFHAL_GetTxPowerConfig
                0x0000c44c        0xc C:\Users\Ayush\Desktop\Achyut\Thermometer-soc-Achyut\platform\radio\rail_lib\autogen\librail_release\librail_efr32xg13_gcc_release.a(rail_rf_hal.o)
                0x0000c44c                RFHAL_GetTxPowerConfig
 .text.RFHAL_GetTxPower
                0x0000c458        0x4 C:\Users\Ayush\Desktop\Achyut\Thermometer-soc-Achyut\platform\radio\rail_lib\autogen\librail_release\librail_efr32xg13_gcc_release.a(rail_rf_hal.o)
                0x0000c458                RFHAL_GetTxPower
 .text.RFHAL_SetChannel
                0x0000c45c       0xc4 C:\Users\Ayush\Desktop\Achyut\Thermometer-soc-Achyut\platform\radio\rail_lib\autogen\librail_release\librail_efr32xg13_gcc_release.a(rail_rf_hal.o)
                0x0000c45c                RFHAL_SetChannel
 .text.RFHAL_IsAutoAckEnabled
                0x0000c520        0x6 C:\Users\Ayush\Desktop\Achyut\Thermometer-soc-Achyut\platform\radio\rail_lib\autogen\librail_release\librail_efr32xg13_gcc_release.a(rail_rf_hal.o)
                0x0000c520                RFHAL_IsAutoAckEnabled
 *fill*         0x0000c526        0x2 
 .text.RFHAL_AutoAckWaitForAck
                0x0000c528       0x18 C:\Users\Ayush\Desktop\Achyut\Thermometer-soc-Achyut\platform\radio\rail_lib\autogen\librail_release\librail_efr32xg13_gcc_release.a(rail_rf_hal.o)
                0x0000c528                RFHAL_AutoAckWaitForAck
 .text.preTxOps
                0x0000c540       0xf4 C:\Users\Ayush\Desktop\Achyut\Thermometer-soc-Achyut\platform\radio\rail_lib\autogen\librail_release\librail_efr32xg13_gcc_release.a(rail_rf_hal.o)
 .text.RFHAL_StartTx
                0x0000c634       0x12 C:\Users\Ayush\Desktop\Achyut\Thermometer-soc-Achyut\platform\radio\rail_lib\autogen\librail_release\librail_efr32xg13_gcc_release.a(rail_rf_hal.o)
                0x0000c634                RFHAL_StartTx
 .text.RFHAL_StartScheduledTx
                0x0000c646       0x3c C:\Users\Ayush\Desktop\Achyut\Thermometer-soc-Achyut\platform\radio\rail_lib\autogen\librail_release\librail_efr32xg13_gcc_release.a(rail_rf_hal.o)
                0x0000c646                RFHAL_StartScheduledTx
 *fill*         0x0000c682        0x2 
 .text.RFHAL_GetRxPacketInfo
                0x0000c684       0x48 C:\Users\Ayush\Desktop\Achyut\Thermometer-soc-Achyut\platform\radio\rail_lib\autogen\librail_release\librail_efr32xg13_gcc_release.a(rail_rf_hal.o)
                0x0000c684                RFHAL_GetRxPacketInfo
 .text.RFHAL_GetRxPacketDetailsAlt
                0x0000c6cc       0x98 C:\Users\Ayush\Desktop\Achyut\Thermometer-soc-Achyut\platform\radio\rail_lib\autogen\librail_release\librail_efr32xg13_gcc_release.a(rail_rf_hal.o)
                0x0000c6cc                RFHAL_GetRxPacketDetailsAlt
 .text.RFHAL_GetRxPacketDetails
                0x0000c764       0x22 C:\Users\Ayush\Desktop\Achyut\Thermometer-soc-Achyut\platform\radio\rail_lib\autogen\librail_release\librail_efr32xg13_gcc_release.a(rail_rf_hal.o)
                0x0000c764                RFHAL_GetRxPacketDetails
 .text.RFHAL_SetTxBuffer
                0x0000c786       0x34 C:\Users\Ayush\Desktop\Achyut\Thermometer-soc-Achyut\platform\radio\rail_lib\autogen\librail_release\librail_efr32xg13_gcc_release.a(rail_rf_hal.o)
                0x0000c786                RFHAL_SetTxBuffer
 .text.RFHAL_SetRxBuffer
                0x0000c7ba       0x2c C:\Users\Ayush\Desktop\Achyut\Thermometer-soc-Achyut\platform\radio\rail_lib\autogen\librail_release\librail_efr32xg13_gcc_release.a(rail_rf_hal.o)
                0x0000c7ba                RFHAL_SetRxBuffer
 *fill*         0x0000c7e6        0x2 
 .text.RFHAL_ResetTxFifo
                0x0000c7e8       0x2c C:\Users\Ayush\Desktop\Achyut\Thermometer-soc-Achyut\platform\radio\rail_lib\autogen\librail_release\librail_efr32xg13_gcc_release.a(rail_rf_hal.o)
                0x0000c7e8                RFHAL_ResetTxFifo
 .text.RFHAL_WriteTxFifo
                0x0000c814       0x4c C:\Users\Ayush\Desktop\Achyut\Thermometer-soc-Achyut\platform\radio\rail_lib\autogen\librail_release\librail_efr32xg13_gcc_release.a(rail_rf_hal.o)
                0x0000c814                RFHAL_WriteTxFifo
 .text.RFHAL_ResetRxFifo
                0x0000c860       0x40 C:\Users\Ayush\Desktop\Achyut\Thermometer-soc-Achyut\platform\radio\rail_lib\autogen\librail_release\librail_efr32xg13_gcc_release.a(rail_rf_hal.o)
                0x0000c860                RFHAL_ResetRxFifo
 .text.RFHAL_ConfigData
                0x0000c8a0       0x7c C:\Users\Ayush\Desktop\Achyut\Thermometer-soc-Achyut\platform\radio\rail_lib\autogen\librail_release\librail_efr32xg13_gcc_release.a(rail_rf_hal.o)
                0x0000c8a0                RFHAL_ConfigData
 .text.RFHAL_SetAbortScheduledTxDuringRx
                0x0000c91c       0x18 C:\Users\Ayush\Desktop\Achyut\Thermometer-soc-Achyut\platform\radio\rail_lib\autogen\librail_release\librail_efr32xg13_gcc_release.a(rail_rf_hal.o)
                0x0000c91c                RFHAL_SetAbortScheduledTxDuringRx
 .text.RFHAL_ConfigRadio
                0x0000c934       0xac C:\Users\Ayush\Desktop\Achyut\Thermometer-soc-Achyut\platform\radio\rail_lib\autogen\librail_release\librail_efr32xg13_gcc_release.a(rail_rf_hal.o)
                0x0000c934                RFHAL_ConfigRadio
 .text.RFHAL_ConfigFrameTypeLength
                0x0000c9e0       0x70 C:\Users\Ayush\Desktop\Achyut\Thermometer-soc-Achyut\platform\radio\rail_lib\autogen\librail_release\librail_efr32xg13_gcc_release.a(rail_rf_hal.o)
                0x0000c9e0                RFHAL_ConfigFrameTypeLength
 .text.RFHAL_GetTime
                0x0000ca50        0x4 C:\Users\Ayush\Desktop\Achyut\Thermometer-soc-Achyut\platform\radio\rail_lib\autogen\librail_release\librail_efr32xg13_gcc_release.a(rail_rf_hal.o)
                0x0000ca50                RFHAL_GetTime
 .text.RFHAL_ResetAddressFilter
                0x0000ca54       0x10 C:\Users\Ayush\Desktop\Achyut\Thermometer-soc-Achyut\platform\radio\rail_lib\autogen\librail_release\librail_efr32xg13_gcc_release.a(rail_rf_hal.o)
                0x0000ca54                RFHAL_ResetAddressFilter
 .text.RFHAL_Init
                0x0000ca64       0xa8 C:\Users\Ayush\Desktop\Achyut\Thermometer-soc-Achyut\platform\radio\rail_lib\autogen\librail_release\librail_efr32xg13_gcc_release.a(rail_rf_hal.o)
                0x0000ca64                RFHAL_Init
 .text.RFHAL_GetRadioEntropy
                0x0000cb0c        0x4 C:\Users\Ayush\Desktop\Achyut\Thermometer-soc-Achyut\platform\radio\rail_lib\autogen\librail_release\librail_efr32xg13_gcc_release.a(rail_rf_hal.o)
                0x0000cb0c                RFHAL_GetRadioEntropy
 .text.RFHAL_SetStateTiming
                0x0000cb10       0x56 C:\Users\Ayush\Desktop\Achyut\Thermometer-soc-Achyut\platform\radio\rail_lib\autogen\librail_release\librail_efr32xg13_gcc_release.a(rail_rf_hal.o)
                0x0000cb10                RFHAL_SetStateTiming
 .text.RFHAL_ConfigPti
                0x0000cb66        0x4 C:\Users\Ayush\Desktop\Achyut\Thermometer-soc-Achyut\platform\radio\rail_lib\autogen\librail_release\librail_efr32xg13_gcc_release.a(rail_rf_hal.o)
                0x0000cb66                RFHAL_ConfigPti
 .text.RFHAL_EnablePti
                0x0000cb6a        0x4 C:\Users\Ayush\Desktop\Achyut\Thermometer-soc-Achyut\platform\radio\rail_lib\autogen\librail_release\librail_efr32xg13_gcc_release.a(rail_rf_hal.o)
                0x0000cb6a                RFHAL_EnablePti
 .text.RFHAL_IEEE802154IsEnabled
                0x0000cb6e        0x6 C:\Users\Ayush\Desktop\Achyut\Thermometer-soc-Achyut\platform\radio\rail_lib\autogen\librail_release\librail_efr32xg13_gcc_release.a(rail_ieee802154_rf_hal.o)
                0x0000cb6e                RFHAL_IEEE802154IsEnabled
 .text.RFHAL_ConfigBle2MbpsViterbi
                0x0000cb74       0x28 C:\Users\Ayush\Desktop\Achyut\Thermometer-soc-Achyut\platform\radio\rail_lib\autogen\librail_release\librail_efr32xg13_gcc_release.a(rail_ble_rf_hal.o)
                0x0000cb74                RFHAL_ConfigBle2MbpsViterbi
 .text.RFHAL_ConfigBle1MbpsViterbi
                0x0000cb9c       0x28 C:\Users\Ayush\Desktop\Achyut\Thermometer-soc-Achyut\platform\radio\rail_lib\autogen\librail_release\librail_efr32xg13_gcc_release.a(rail_ble_rf_hal.o)
                0x0000cb9c                RFHAL_ConfigBle1MbpsViterbi
 .text.RFHAL_ConfigBleCoded
                0x0000cbc4       0x34 C:\Users\Ayush\Desktop\Achyut\Thermometer-soc-Achyut\platform\radio\rail_lib\autogen\librail_release\librail_efr32xg13_gcc_release.a(rail_ble_rf_hal.o)
                0x0000cbc4                RFHAL_ConfigBleCoded
 .text.RFHAL_BleReinit
                0x0000cbf8       0x1c C:\Users\Ayush\Desktop\Achyut\Thermometer-soc-Achyut\platform\radio\rail_lib\autogen\librail_release\librail_efr32xg13_gcc_release.a(rail_ble_rf_hal.o)
                0x0000cbf8                RFHAL_BleReinit
 .text.RFHAL_BleInit
                0x0000cc14       0x12 C:\Users\Ayush\Desktop\Achyut\Thermometer-soc-Achyut\platform\radio\rail_lib\autogen\librail_release\librail_efr32xg13_gcc_release.a(rail_ble_rf_hal.o)
                0x0000cc14                RFHAL_BleInit
 *fill*         0x0000cc26        0x2 
 .text.RFHAL_IsBleLongRangeEnabled
                0x0000cc28       0x18 C:\Users\Ayush\Desktop\Achyut\Thermometer-soc-Achyut\platform\radio\rail_lib\autogen\librail_release\librail_efr32xg13_gcc_release.a(rail_ble_rf_hal.o)
                0x0000cc28                RFHAL_IsBleLongRangeEnabled
 .text.RFHAL_BLEPreambleSyncWordSet
                0x0000cc40       0x44 C:\Users\Ayush\Desktop\Achyut\Thermometer-soc-Achyut\platform\radio\rail_lib\autogen\librail_release\librail_efr32xg13_gcc_release.a(rail_ble_rf_hal.o)
                0x0000cc40                RFHAL_BLEPreambleSyncWordSet
 .text.RFHAL_BLEWhiteningSet
                0x0000cc84       0x68 C:\Users\Ayush\Desktop\Achyut\Thermometer-soc-Achyut\platform\radio\rail_lib\autogen\librail_release\librail_efr32xg13_gcc_release.a(rail_ble_rf_hal.o)
                0x0000cc84                RFHAL_BLEWhiteningSet
 .text.setMultiTimer
                0x0000ccec        0x4 C:\Users\Ayush\Desktop\Achyut\Thermometer-soc-Achyut\platform\radio\rail_lib\autogen\librail_release\librail_efr32xg13_gcc_release.a(rail_singleprotocol.o)
 .text.cancelMultiTimer
                0x0000ccf0        0x4 C:\Users\Ayush\Desktop\Achyut\Thermometer-soc-Achyut\platform\radio\rail_lib\autogen\librail_release\librail_efr32xg13_gcc_release.a(rail_singleprotocol.o)
 .text.isMultiTimerExpired
                0x0000ccf4        0x4 C:\Users\Ayush\Desktop\Achyut\Thermometer-soc-Achyut\platform\radio\rail_lib\autogen\librail_release\librail_efr32xg13_gcc_release.a(rail_singleprotocol.o)
 .text.getMultiTimer
                0x0000ccf8        0x4 C:\Users\Ayush\Desktop\Achyut\Thermometer-soc-Achyut\platform\radio\rail_lib\autogen\librail_release\librail_efr32xg13_gcc_release.a(rail_singleprotocol.o)
 .text.getActiveTimerCb
                0x0000ccfc       0x18 C:\Users\Ayush\Desktop\Achyut\Thermometer-soc-Achyut\platform\radio\rail_lib\autogen\librail_release\librail_efr32xg13_gcc_release.a(rail_singleprotocol.o)
 .text.isMultiTimerRunning
                0x0000cd14        0x4 C:\Users\Ayush\Desktop\Achyut\Thermometer-soc-Achyut\platform\radio\rail_lib\autogen\librail_release\librail_efr32xg13_gcc_release.a(rail_singleprotocol.o)
 .text.RAIL_Init
                0x0000cd18       0x20 C:\Users\Ayush\Desktop\Achyut\Thermometer-soc-Achyut\platform\radio\rail_lib\autogen\librail_release\librail_efr32xg13_gcc_release.a(rail_singleprotocol.o)
                0x0000cd18                RAIL_Init
 .text.RAIL_GetSchedulerStatus
                0x0000cd38        0x4 C:\Users\Ayush\Desktop\Achyut\Thermometer-soc-Achyut\platform\radio\rail_lib\autogen\librail_release\librail_efr32xg13_gcc_release.a(rail_singleprotocol.o)
                0x0000cd38                RAIL_GetSchedulerStatus
 .text.RAIL_Idle
                0x0000cd3c        0x8 C:\Users\Ayush\Desktop\Achyut\Thermometer-soc-Achyut\platform\radio\rail_lib\autogen\librail_release\librail_efr32xg13_gcc_release.a(rail_singleprotocol.o)
                0x0000cd3c                RAIL_Idle
 .text.RAIL_YieldRadio
                0x0000cd44        0x2 C:\Users\Ayush\Desktop\Achyut\Thermometer-soc-Achyut\platform\radio\rail_lib\autogen\librail_release\librail_efr32xg13_gcc_release.a(rail_singleprotocol.o)
                0x0000cd44                RAIL_YieldRadio
 .text.RAIL_GetRadioEntropy
                0x0000cd46        0x8 C:\Users\Ayush\Desktop\Achyut\Thermometer-soc-Achyut\platform\radio\rail_lib\autogen\librail_release\librail_efr32xg13_gcc_release.a(rail_singleprotocol.o)
                0x0000cd46                RAIL_GetRadioEntropy
 .text.RAIL_SetTimer
                0x0000cd4e       0x1c C:\Users\Ayush\Desktop\Achyut\Thermometer-soc-Achyut\platform\radio\rail_lib\autogen\librail_release\librail_efr32xg13_gcc_release.a(rail_singleprotocol.o)
                0x0000cd4e                RAIL_SetTimer
 .text.RAIL_CancelTimer
                0x0000cd6a        0xe C:\Users\Ayush\Desktop\Achyut\Thermometer-soc-Achyut\platform\radio\rail_lib\autogen\librail_release\librail_efr32xg13_gcc_release.a(rail_singleprotocol.o)
                0x0000cd6a                RAIL_CancelTimer
 .text.RAIL_StartTx
                0x0000cd78        0x6 C:\Users\Ayush\Desktop\Achyut\Thermometer-soc-Achyut\platform\radio\rail_lib\autogen\librail_release\librail_efr32xg13_gcc_release.a(rail_singleprotocol.o)
                0x0000cd78                RAIL_StartTx
 .text.RAIL_StartScheduledTx
                0x0000cd7e        0x6 C:\Users\Ayush\Desktop\Achyut\Thermometer-soc-Achyut\platform\radio\rail_lib\autogen\librail_release\librail_efr32xg13_gcc_release.a(rail_singleprotocol.o)
                0x0000cd7e                RAIL_StartScheduledTx
 .text.RAIL_ScheduleRx
                0x0000cd84        0x6 C:\Users\Ayush\Desktop\Achyut\Thermometer-soc-Achyut\platform\radio\rail_lib\autogen\librail_release\librail_efr32xg13_gcc_release.a(rail_singleprotocol.o)
                0x0000cd84                RAIL_ScheduleRx
 .text.radioConfigChangedDefault
                0x0000cd8a        0x2 C:\Users\Ayush\Desktop\Achyut\Thermometer-soc-Achyut\platform\radio\rail_lib\autogen\librail_release\librail_efr32xg13_gcc_release.a(rail_rf.o)
 .text.isTransitionState
                0x0000cd8c       0x12 C:\Users\Ayush\Desktop\Achyut\Thermometer-soc-Achyut\platform\radio\rail_lib\autogen\librail_release\librail_efr32xg13_gcc_release.a(rail_rf.o)
 .text.RAILCore_Init
                0x0000cd9e       0x12 C:\Users\Ayush\Desktop\Achyut\Thermometer-soc-Achyut\platform\radio\rail_lib\autogen\librail_release\librail_efr32xg13_gcc_release.a(rail_rf.o)
                0x0000cd9e                RAILCore_Init
 .text.RAILInt_SetCallbackConfig
                0x0000cdb0       0x20 C:\Users\Ayush\Desktop\Achyut\Thermometer-soc-Achyut\platform\radio\rail_lib\autogen\librail_release\librail_efr32xg13_gcc_release.a(rail_rf.o)
                0x0000cdb0                RAILInt_SetCallbackConfig
 .text.RAILCore_Idle
                0x0000cdd0       0x14 C:\Users\Ayush\Desktop\Achyut\Thermometer-soc-Achyut\platform\radio\rail_lib\autogen\librail_release\librail_efr32xg13_gcc_release.a(rail_rf.o)
                0x0000cdd0                RAILCore_Idle
 .text.RAILCb_CalcBitRate
                0x0000cde4        0x6 C:\Users\Ayush\Desktop\Achyut\Thermometer-soc-Achyut\platform\radio\rail_lib\autogen\librail_release\librail_efr32xg13_gcc_release.a(rail_rf.o)
                0x0000cde4                RAILCb_CalcBitRate
 .text.RAIL_SetStateTiming
                0x0000cdea        0x6 C:\Users\Ayush\Desktop\Achyut\Thermometer-soc-Achyut\platform\radio\rail_lib\autogen\librail_release\librail_efr32xg13_gcc_release.a(rail_rf.o)
                0x0000cdea                RAIL_SetStateTiming
 .text.RAILInt_IsPowerInRange
                0x0000cdf0       0x3c C:\Users\Ayush\Desktop\Achyut\Thermometer-soc-Achyut\platform\radio\rail_lib\autogen\librail_release\librail_efr32xg13_gcc_release.a(rail_rf.o)
                0x0000cdf0                RAILInt_IsPowerInRange
 .text.RAILInt_SetChannel
                0x0000ce2c      0x1c0 C:\Users\Ayush\Desktop\Achyut\Thermometer-soc-Achyut\platform\radio\rail_lib\autogen\librail_release\librail_efr32xg13_gcc_release.a(rail_rf.o)
                0x0000ce2c                RAILInt_SetChannel
 .text.RAILCore_ConfigChannels
                0x0000cfec       0x60 C:\Users\Ayush\Desktop\Achyut\Thermometer-soc-Achyut\platform\radio\rail_lib\autogen\librail_release\librail_efr32xg13_gcc_release.a(rail_rf.o)
                0x0000cfec                RAILCore_ConfigChannels
 .text.RAILInt_GetChannel
                0x0000d04c        0x4 C:\Users\Ayush\Desktop\Achyut\Thermometer-soc-Achyut\platform\radio\rail_lib\autogen\librail_release\librail_efr32xg13_gcc_release.a(rail_rf.o)
                0x0000d04c                RAILInt_GetChannel
 .text.RAILCore_SetTxTransitions
                0x0000d050       0x3c C:\Users\Ayush\Desktop\Achyut\Thermometer-soc-Achyut\platform\radio\rail_lib\autogen\librail_release\librail_efr32xg13_gcc_release.a(rail_rf.o)
                0x0000d050                RAILCore_SetTxTransitions
 .text.RAIL_SetTxTransitions
                0x0000d08c        0x6 C:\Users\Ayush\Desktop\Achyut\Thermometer-soc-Achyut\platform\radio\rail_lib\autogen\librail_release\librail_efr32xg13_gcc_release.a(rail_rf.o)
                0x0000d08c                RAIL_SetTxTransitions
 .text.RAILCore_SetRxTransitions
                0x0000d092       0x38 C:\Users\Ayush\Desktop\Achyut\Thermometer-soc-Achyut\platform\radio\rail_lib\autogen\librail_release\librail_efr32xg13_gcc_release.a(rail_rf.o)
                0x0000d092                RAILCore_SetRxTransitions
 .text.RAIL_SetRxTransitions
                0x0000d0ca        0x6 C:\Users\Ayush\Desktop\Achyut\Thermometer-soc-Achyut\platform\radio\rail_lib\autogen\librail_release\librail_efr32xg13_gcc_release.a(rail_rf.o)
                0x0000d0ca                RAIL_SetRxTransitions
 .text.RAIL_ConfigEvents
                0x0000d0d0        0x6 C:\Users\Ayush\Desktop\Achyut\Thermometer-soc-Achyut\platform\radio\rail_lib\autogen\librail_release\librail_efr32xg13_gcc_release.a(rail_rf.o)
                0x0000d0d0                RAIL_ConfigEvents
 .text.RAIL_ConfigRxOptions
                0x0000d0d6        0x6 C:\Users\Ayush\Desktop\Achyut\Thermometer-soc-Achyut\platform\radio\rail_lib\autogen\librail_release\librail_efr32xg13_gcc_release.a(rail_rx.o)
                0x0000d0d6                RAIL_ConfigRxOptions
 .text.RAILCore_ScheduleRx
                0x0000d0dc       0x2c C:\Users\Ayush\Desktop\Achyut\Thermometer-soc-Achyut\platform\radio\rail_lib\autogen\librail_release\librail_efr32xg13_gcc_release.a(rail_rx.o)
                0x0000d0dc                RAILCore_ScheduleRx
 .text.RAILCb_ConfigFrameTypeLength
                0x0000d108        0x6 C:\Users\Ayush\Desktop\Achyut\Thermometer-soc-Achyut\platform\radio\rail_lib\autogen\librail_release\librail_efr32xg13_gcc_release.a(rail_rx.o)
                0x0000d108                RAILCb_ConfigFrameTypeLength
 .text.RAIL_SetTxPower
                0x0000d10e        0x6 C:\Users\Ayush\Desktop\Achyut\Thermometer-soc-Achyut\platform\radio\rail_lib\autogen\librail_release\librail_efr32xg13_gcc_release.a(rail_tx.o)
                0x0000d10e                RAIL_SetTxPower
 .text.RAIL_ConfigTxPower
                0x0000d114       0x1c C:\Users\Ayush\Desktop\Achyut\Thermometer-soc-Achyut\platform\radio\rail_lib\autogen\librail_release\librail_efr32xg13_gcc_release.a(rail_tx.o)
                0x0000d114                RAIL_ConfigTxPower
 .text.RAILInt_PendCal
                0x0000d130       0x24 C:\Users\Ayush\Desktop\Achyut\Thermometer-soc-Achyut\platform\radio\rail_lib\autogen\librail_release\librail_efr32xg13_gcc_release.a(rail_calibration.o)
                0x0000d130                RAILInt_PendCal
 .text.RAIL_WriteTxFifo
                0x0000d154        0x6 C:\Users\Ayush\Desktop\Achyut\Thermometer-soc-Achyut\platform\radio\rail_lib\autogen\librail_release\librail_efr32xg13_gcc_release.a(rail_data.o)
                0x0000d154                RAIL_WriteTxFifo
 .text.RAIL_SetTxFifo
                0x0000d15a        0x6 C:\Users\Ayush\Desktop\Achyut\Thermometer-soc-Achyut\platform\radio\rail_lib\autogen\librail_release\librail_efr32xg13_gcc_release.a(rail_data.o)
                0x0000d15a                RAIL_SetTxFifo
 .text.RAIL_SetRxFifo
                0x0000d160        0x6 C:\Users\Ayush\Desktop\Achyut\Thermometer-soc-Achyut\platform\radio\rail_lib\autogen\librail_release\librail_efr32xg13_gcc_release.a(rail_data.o)
                0x0000d160                RAIL_SetRxFifo
 *fill*         0x0000d166        0x2 
 .text.RAILCb_SetupRxFifo
                0x0000d168       0x30 C:\Users\Ayush\Desktop\Achyut\Thermometer-soc-Achyut\platform\radio\rail_lib\autogen\librail_release\librail_efr32xg13_gcc_release.a(rail_data.o)
                0x0000d168                RAILCb_SetupRxFifo
 .text.RAIL_GetRxPacketInfo
                0x0000d198        0x8 C:\Users\Ayush\Desktop\Achyut\Thermometer-soc-Achyut\platform\radio\rail_lib\autogen\librail_release\librail_efr32xg13_gcc_release.a(rail_data.o)
                0x0000d198                RAIL_GetRxPacketInfo
 .text.RAIL_GetRxPacketDetails
                0x0000d1a0        0x6 C:\Users\Ayush\Desktop\Achyut\Thermometer-soc-Achyut\platform\radio\rail_lib\autogen\librail_release\librail_efr32xg13_gcc_release.a(rail_data.o)
                0x0000d1a0                RAIL_GetRxPacketDetails
 .text.RAIL_ResetFifo
                0x0000d1a6       0x1e C:\Users\Ayush\Desktop\Achyut\Thermometer-soc-Achyut\platform\radio\rail_lib\autogen\librail_release\librail_efr32xg13_gcc_release.a(rail_data.o)
                0x0000d1a6                RAIL_ResetFifo
 .text.RAILCb_AssertFailed
                0x0000d1c4       0x14 C:\Users\Ayush\Desktop\Achyut\Thermometer-soc-Achyut\platform\radio\rail_lib\autogen\librail_release\librail_efr32xg13_gcc_release.a(rail_assert.o)
                0x0000d1c4                RAILCb_AssertFailed
 .text.RAILInt_Assert
                0x0000d1d8       0x1c C:\Users\Ayush\Desktop\Achyut\Thermometer-soc-Achyut\platform\radio\rail_lib\autogen\librail_release\librail_efr32xg13_gcc_release.a(rail_assert.o)
                0x0000d1d8                RAILInt_Assert
 .text.RAIL_GetTime
                0x0000d1f4        0x4 C:\Users\Ayush\Desktop\Achyut\Thermometer-soc-Achyut\platform\radio\rail_lib\autogen\librail_release\librail_efr32xg13_gcc_release.a(rail_timer.o)
                0x0000d1f4                RAIL_GetTime
 .text.checkAndAddRxLenOverflowEntry.part.0
                0x0000d1f8       0x2c C:\Users\Ayush\Desktop\Achyut\Thermometer-soc-Achyut\platform\radio\rail_lib\autogen\librail_release\librail_efr32xg13_gcc_release.a(bufc.o)
 .text.BUFC_ReadHelper
                0x0000d224       0x7a C:\Users\Ayush\Desktop\Achyut\Thermometer-soc-Achyut\platform\radio\rail_lib\autogen\librail_release\librail_efr32xg13_gcc_release.a(bufc.o)
 *fill*         0x0000d29e        0x2 
 .text.BUFC_SetTxBuffer
                0x0000d2a0       0x38 C:\Users\Ayush\Desktop\Achyut\Thermometer-soc-Achyut\platform\radio\rail_lib\autogen\librail_release\librail_efr32xg13_gcc_release.a(bufc.o)
                0x0000d2a0                BUFC_SetTxBuffer
 .text.BUFC_SetRxBuffer
                0x0000d2d8       0x1c C:\Users\Ayush\Desktop\Achyut\Thermometer-soc-Achyut\platform\radio\rail_lib\autogen\librail_release\librail_efr32xg13_gcc_release.a(bufc.o)
                0x0000d2d8                BUFC_SetRxBuffer
 .text.BUFC_WriteBuffer
                0x0000d2f4       0xb0 C:\Users\Ayush\Desktop\Achyut\Thermometer-soc-Achyut\platform\radio\rail_lib\autogen\librail_release\librail_efr32xg13_gcc_release.a(bufc.o)
                0x0000d2f4                BUFC_WriteBuffer
 .text.BUFC_Peek
                0x0000d3a4       0x12 C:\Users\Ayush\Desktop\Achyut\Thermometer-soc-Achyut\platform\radio\rail_lib\autogen\librail_release\librail_efr32xg13_gcc_release.a(bufc.o)
                0x0000d3a4                BUFC_Peek
 .text.BUFC_PeekByte
                0x0000d3b6       0x46 C:\Users\Ayush\Desktop\Achyut\Thermometer-soc-Achyut\platform\radio\rail_lib\autogen\librail_release\librail_efr32xg13_gcc_release.a(bufc.o)
                0x0000d3b6                BUFC_PeekByte
 .text.BUFC_GetSpaceAvailable
                0x0000d3fc       0x24 C:\Users\Ayush\Desktop\Achyut\Thermometer-soc-Achyut\platform\radio\rail_lib\autogen\librail_release\librail_efr32xg13_gcc_release.a(bufc.o)
                0x0000d3fc                BUFC_GetSpaceAvailable
 .text.BUFC_GetBytesAvailable
                0x0000d420       0x14 C:\Users\Ayush\Desktop\Achyut\Thermometer-soc-Achyut\platform\radio\rail_lib\autogen\librail_release\librail_efr32xg13_gcc_release.a(bufc.o)
                0x0000d420                BUFC_GetBytesAvailable
 .text.BUFC_TxAckBufferSet
                0x0000d434       0x2c C:\Users\Ayush\Desktop\Achyut\Thermometer-soc-Achyut\platform\radio\rail_lib\autogen\librail_release\librail_efr32xg13_gcc_release.a(bufc.o)
                0x0000d434                BUFC_TxAckBufferSet
 .text.BUFC_RxBufferReset
                0x0000d460       0x5c C:\Users\Ayush\Desktop\Achyut\Thermometer-soc-Achyut\platform\radio\rail_lib\autogen\librail_release\librail_efr32xg13_gcc_release.a(bufc.o)
                0x0000d460                BUFC_RxBufferReset
 .text.BUFC_Init
                0x0000d4bc       0x50 C:\Users\Ayush\Desktop\Achyut\Thermometer-soc-Achyut\platform\radio\rail_lib\autogen\librail_release\librail_efr32xg13_gcc_release.a(bufc.o)
                0x0000d4bc                BUFC_Init
 .text.BUFC_ReleaseRxPacket
                0x0000d50c      0x118 C:\Users\Ayush\Desktop\Achyut\Thermometer-soc-Achyut\platform\radio\rail_lib\autogen\librail_release\librail_efr32xg13_gcc_release.a(bufc.o)
                0x0000d50c                BUFC_ReleaseRxPacket
 .text.BUFC_StartRxLenThrEvent
                0x0000d624       0x50 C:\Users\Ayush\Desktop\Achyut\Thermometer-soc-Achyut\platform\radio\rail_lib\autogen\librail_release\librail_efr32xg13_gcc_release.a(bufc.o)
                0x0000d624                BUFC_StartRxLenThrEvent
 .text.BUFC_EndRxLenThrEvent
                0x0000d674       0x1c C:\Users\Ayush\Desktop\Achyut\Thermometer-soc-Achyut\platform\radio\rail_lib\autogen\librail_release\librail_efr32xg13_gcc_release.a(bufc.o)
                0x0000d674                BUFC_EndRxLenThrEvent
 .text.BUFC_HandleRxLenOvfEvent
                0x0000d690       0x30 C:\Users\Ayush\Desktop\Achyut\Thermometer-soc-Achyut\platform\radio\rail_lib\autogen\librail_release\librail_efr32xg13_gcc_release.a(bufc.o)
                0x0000d690                BUFC_HandleRxLenOvfEvent
 .text.BUFC_GetRxPacketInfo
                0x0000d6c0      0x168 C:\Users\Ayush\Desktop\Achyut\Thermometer-soc-Achyut\platform\radio\rail_lib\autogen\librail_release\librail_efr32xg13_gcc_release.a(bufc.o)
                0x0000d6c0                BUFC_GetRxPacketInfo
 .text.IRCAL_Set
                0x0000d828       0x1c C:\Users\Ayush\Desktop\Achyut\Thermometer-soc-Achyut\platform\radio\rail_lib\autogen\librail_release\librail_efr32xg13_gcc_release.a(ir_cal.o)
                0x0000d828                IRCAL_Set
 .text.getRampTimeFromLevelAndRate
                0x0000d844       0x20 C:\Users\Ayush\Desktop\Achyut\Thermometer-soc-Achyut\platform\radio\rail_lib\autogen\librail_release\librail_efr32xg13_gcc_release.a(pa.o)
 .text.PA_ProtectPa
                0x0000d864       0xa0 C:\Users\Ayush\Desktop\Achyut\Thermometer-soc-Achyut\platform\radio\rail_lib\autogen\librail_release\librail_efr32xg13_gcc_release.a(pa.o)
 .text.PA_GetTxPowerConfig
                0x0000d904       0x14 C:\Users\Ayush\Desktop\Achyut\Thermometer-soc-Achyut\platform\radio\rail_lib\autogen\librail_release\librail_efr32xg13_gcc_release.a(pa.o)
                0x0000d904                PA_GetTxPowerConfig
 .text.PA_GetPowerLevel
                0x0000d918        0xc C:\Users\Ayush\Desktop\Achyut\Thermometer-soc-Achyut\platform\radio\rail_lib\autogen\librail_release\librail_efr32xg13_gcc_release.a(pa.o)
                0x0000d918                PA_GetPowerLevel
 .text.PA_SetPowerLevel
                0x0000d924      0x178 C:\Users\Ayush\Desktop\Achyut\Thermometer-soc-Achyut\platform\radio\rail_lib\autogen\librail_release\librail_efr32xg13_gcc_release.a(pa.o)
                0x0000d924                PA_SetPowerLevel
 .text.PA_RunPeakDetectorHigh
                0x0000da9c       0x40 C:\Users\Ayush\Desktop\Achyut\Thermometer-soc-Achyut\platform\radio\rail_lib\autogen\librail_release\librail_efr32xg13_gcc_release.a(pa.o)
                0x0000da9c                PA_RunPeakDetectorHigh
 .text.PA_RunPeakDetectorLow
                0x0000dadc        0x2 C:\Users\Ayush\Desktop\Achyut\Thermometer-soc-Achyut\platform\radio\rail_lib\autogen\librail_release\librail_efr32xg13_gcc_release.a(pa.o)
                0x0000dadc                PA_RunPeakDetectorLow
 *fill*         0x0000dade        0x2 
 .text.PA_RunBatHigh
                0x0000dae0       0x2c C:\Users\Ayush\Desktop\Achyut\Thermometer-soc-Achyut\platform\radio\rail_lib\autogen\librail_release\librail_efr32xg13_gcc_release.a(pa.o)
                0x0000dae0                PA_RunBatHigh
 .text.PA_GetRampTime
                0x0000db0c        0xc C:\Users\Ayush\Desktop\Achyut\Thermometer-soc-Achyut\platform\radio\rail_lib\autogen\librail_release\librail_efr32xg13_gcc_release.a(pa.o)
                0x0000db0c                PA_GetRampTime
 .text.PA_CalcRampTime
                0x0000db18       0x3c C:\Users\Ayush\Desktop\Achyut\Thermometer-soc-Achyut\platform\radio\rail_lib\autogen\librail_release\librail_efr32xg13_gcc_release.a(pa.o)
                0x0000db18                PA_CalcRampTime
 .text.PA_SetRampTime
                0x0000db54      0x100 C:\Users\Ayush\Desktop\Achyut\Thermometer-soc-Achyut\platform\radio\rail_lib\autogen\librail_release\librail_efr32xg13_gcc_release.a(pa.o)
                0x0000db54                PA_SetRampTime
 .text.PA_SetCTune
                0x0000dc54       0x34 C:\Users\Ayush\Desktop\Achyut\Thermometer-soc-Achyut\platform\radio\rail_lib\autogen\librail_release\librail_efr32xg13_gcc_release.a(pa.o)
                0x0000dc54                PA_SetCTune
 .text.PA_SelectBand
                0x0000dc88       0x38 C:\Users\Ayush\Desktop\Achyut\Thermometer-soc-Achyut\platform\radio\rail_lib\autogen\librail_release\librail_efr32xg13_gcc_release.a(pa.o)
                0x0000dc88                PA_SelectBand
 .text.PA_Config
                0x0000dcc0      0x114 C:\Users\Ayush\Desktop\Achyut\Thermometer-soc-Achyut\platform\radio\rail_lib\autogen\librail_release\librail_efr32xg13_gcc_release.a(pa.o)
                0x0000dcc0                PA_Config
 .text.PA_UpdateConfig
                0x0000ddd4       0x38 C:\Users\Ayush\Desktop\Achyut\Thermometer-soc-Achyut\platform\radio\rail_lib\autogen\librail_release\librail_efr32xg13_gcc_release.a(pa.o)
                0x0000ddd4                PA_UpdateConfig
 .text.PROTIMER_Init
                0x0000de0c       0xe4 C:\Users\Ayush\Desktop\Achyut\Thermometer-soc-Achyut\platform\radio\rail_lib\autogen\librail_release\librail_efr32xg13_gcc_release.a(protimer.o)
                0x0000de0c                PROTIMER_Init
 .text.PROTIMER_Start
                0x0000def0       0x1c C:\Users\Ayush\Desktop\Achyut\Thermometer-soc-Achyut\platform\radio\rail_lib\autogen\librail_release\librail_efr32xg13_gcc_release.a(protimer.o)
                0x0000def0                PROTIMER_Start
 .text.PROTIMER_ElapsedTime
                0x0000df0c       0x40 C:\Users\Ayush\Desktop\Achyut\Thermometer-soc-Achyut\platform\radio\rail_lib\autogen\librail_release\librail_efr32xg13_gcc_release.a(protimer.o)
                0x0000df0c                PROTIMER_ElapsedTime
 .text.PROTIMER_CCTimerStop
                0x0000df4c       0x20 C:\Users\Ayush\Desktop\Achyut\Thermometer-soc-Achyut\platform\radio\rail_lib\autogen\librail_release\librail_efr32xg13_gcc_release.a(protimer.o)
                0x0000df4c                PROTIMER_CCTimerStop
 .text.PROTIMER_CCTimerIsEnabled
                0x0000df6c       0x14 C:\Users\Ayush\Desktop\Achyut\Thermometer-soc-Achyut\platform\radio\rail_lib\autogen\librail_release\librail_efr32xg13_gcc_release.a(protimer.o)
                0x0000df6c                PROTIMER_CCTimerIsEnabled
 .text.PROTIMER_CCTimerCapture
                0x0000df80       0x18 C:\Users\Ayush\Desktop\Achyut\Thermometer-soc-Achyut\platform\radio\rail_lib\autogen\librail_release\librail_efr32xg13_gcc_release.a(protimer.o)
                0x0000df80                PROTIMER_CCTimerCapture
 .text.PROTIMER_ClearRxEnable
                0x0000df98       0x10 C:\Users\Ayush\Desktop\Achyut\Thermometer-soc-Achyut\platform\radio\rail_lib\autogen\librail_release\librail_efr32xg13_gcc_release.a(protimer.o)
                0x0000df98                PROTIMER_ClearRxEnable
 .text.PROTIMER_GetTime
                0x0000dfa8       0x38 C:\Users\Ayush\Desktop\Achyut\Thermometer-soc-Achyut\platform\radio\rail_lib\autogen\librail_release\librail_efr32xg13_gcc_release.a(protimer.o)
                0x0000dfa8                PROTIMER_GetTime
 .text.PROTIMER_GetCCTime
                0x0000dfe0       0x44 C:\Users\Ayush\Desktop\Achyut\Thermometer-soc-Achyut\platform\radio\rail_lib\autogen\librail_release\librail_efr32xg13_gcc_release.a(protimer.o)
                0x0000dfe0                PROTIMER_GetCCTime
 .text.PROTIMER_LBTStop
                0x0000e024       0x18 C:\Users\Ayush\Desktop\Achyut\Thermometer-soc-Achyut\platform\radio\rail_lib\autogen\librail_release\librail_efr32xg13_gcc_release.a(protimer.o)
                0x0000e024                PROTIMER_LBTStop
 .text.PROTIMER_PrecntOverflowToUs
                0x0000e03c       0x34 C:\Users\Ayush\Desktop\Achyut\Thermometer-soc-Achyut\platform\radio\rail_lib\autogen\librail_release\librail_efr32xg13_gcc_release.a(protimer.o)
                0x0000e03c                PROTIMER_PrecntOverflowToUs
 .text.PROTIMER_GetUsTime
                0x0000e070       0x18 C:\Users\Ayush\Desktop\Achyut\Thermometer-soc-Achyut\platform\radio\rail_lib\autogen\librail_release\librail_efr32xg13_gcc_release.a(protimer.o)
                0x0000e070                PROTIMER_GetUsTime
 .text.PROTIMER_GetUsFromRawWrap
                0x0000e088       0x2e C:\Users\Ayush\Desktop\Achyut\Thermometer-soc-Achyut\platform\radio\rail_lib\autogen\librail_release\librail_efr32xg13_gcc_release.a(protimer.o)
                0x0000e088                PROTIMER_GetUsFromRawWrap
 *fill*         0x0000e0b6        0x2 
 .text.PROTIMER_UsToPrecntOverflow
                0x0000e0b8       0x40 C:\Users\Ayush\Desktop\Achyut\Thermometer-soc-Achyut\platform\radio\rail_lib\autogen\librail_release\librail_efr32xg13_gcc_release.a(protimer.o)
                0x0000e0b8                PROTIMER_UsToPrecntOverflow
 .text.PROTIMER_CCTimerStart
                0x0000e0f8      0x1a8 C:\Users\Ayush\Desktop\Achyut\Thermometer-soc-Achyut\platform\radio\rail_lib\autogen\librail_release\librail_efr32xg13_gcc_release.a(protimer.o)
                0x0000e0f8                PROTIMER_CCTimerStart
 .text.PROTIMER_ScheduleTxEnable
                0x0000e2a0       0x28 C:\Users\Ayush\Desktop\Achyut\Thermometer-soc-Achyut\platform\radio\rail_lib\autogen\librail_release\librail_efr32xg13_gcc_release.a(protimer.o)
                0x0000e2a0                PROTIMER_ScheduleTxEnable
 .text.PROTIMER_ScheduleRxEnable
                0x0000e2c8       0x28 C:\Users\Ayush\Desktop\Achyut\Thermometer-soc-Achyut\platform\radio\rail_lib\autogen\librail_release\librail_efr32xg13_gcc_release.a(protimer.o)
                0x0000e2c8                PROTIMER_ScheduleRxEnable
 .text.PROTIMER_ScheduleRxDisable
                0x0000e2f0       0x34 C:\Users\Ayush\Desktop\Achyut\Thermometer-soc-Achyut\platform\radio\rail_lib\autogen\librail_release\librail_efr32xg13_gcc_release.a(protimer.o)
                0x0000e2f0                PROTIMER_ScheduleRxDisable
 .text.PROTIMER_DelayUs
                0x0000e324       0x16 C:\Users\Ayush\Desktop\Achyut\Thermometer-soc-Achyut\platform\radio\rail_lib\autogen\librail_release\librail_efr32xg13_gcc_release.a(protimer.o)
                0x0000e324                PROTIMER_DelayUs
 *fill*         0x0000e33a        0x2 
 .text.PTI_Config
                0x0000e33c       0xc0 C:\Users\Ayush\Desktop\Achyut\Thermometer-soc-Achyut\platform\radio\rail_lib\autogen\librail_release\librail_efr32xg13_gcc_release.a(pti.o)
                0x0000e33c                PTI_Config
 .text.PTI_EnableAppendedInfo
                0x0000e3fc       0x18 C:\Users\Ayush\Desktop\Achyut\Thermometer-soc-Achyut\platform\radio\rail_lib\autogen\librail_release\librail_efr32xg13_gcc_release.a(pti.o)
                0x0000e3fc                PTI_EnableAppendedInfo
 .text.PTI_Enable
                0x0000e414       0x50 C:\Users\Ayush\Desktop\Achyut\Thermometer-soc-Achyut\platform\radio\rail_lib\autogen\librail_release\librail_efr32xg13_gcc_release.a(pti.o)
                0x0000e414                PTI_Enable
 .text.PTI_AuxdataOutput
                0x0000e464       0x1c C:\Users\Ayush\Desktop\Achyut\Thermometer-soc-Achyut\platform\radio\rail_lib\autogen\librail_release\librail_efr32xg13_gcc_release.a(pti.o)
                0x0000e464                PTI_AuxdataOutput
 .text.PTI_EnableSyncword
                0x0000e480       0x18 C:\Users\Ayush\Desktop\Achyut\Thermometer-soc-Achyut\platform\radio\rail_lib\autogen\librail_release\librail_efr32xg13_gcc_release.a(pti.o)
                0x0000e480                PTI_EnableSyncword
 .text.RADIO_SetAndForgetWrite
                0x0000e498       0x74 C:\Users\Ayush\Desktop\Achyut\Thermometer-soc-Achyut\platform\radio\rail_lib\autogen\librail_release\librail_efr32xg13_gcc_release.a(radio.o)
                0x0000e498                RADIO_SetAndForgetWrite
 .text.RADIO_RewriteCcTableData
                0x0000e50c       0x34 C:\Users\Ayush\Desktop\Achyut\Thermometer-soc-Achyut\platform\radio\rail_lib\autogen\librail_release\librail_efr32xg13_gcc_release.a(radio.o)
                0x0000e50c                RADIO_RewriteCcTableData
 .text.RADIO_SeqInit
                0x0000e540       0x64 C:\Users\Ayush\Desktop\Achyut\Thermometer-soc-Achyut\platform\radio\rail_lib\autogen\librail_release\librail_efr32xg13_gcc_release.a(radio.o)
                0x0000e540                RADIO_SeqInit
 .text.RADIO_ClockEnable
                0x0000e5a4       0x14 C:\Users\Ayush\Desktop\Achyut\Thermometer-soc-Achyut\platform\radio\rail_lib\autogen\librail_release\librail_efr32xg13_gcc_release.a(radio.o)
                0x0000e5a4                RADIO_ClockEnable
 .text.RADIO_Init
                0x0000e5b8       0x5c C:\Users\Ayush\Desktop\Achyut\Thermometer-soc-Achyut\platform\radio\rail_lib\autogen\librail_release\librail_efr32xg13_gcc_release.a(radio.o)
                0x0000e5b8                RADIO_Init
 .text.RADIO_ClockPrescGet
                0x0000e614       0x10 C:\Users\Ayush\Desktop\Achyut\Thermometer-soc-Achyut\platform\radio\rail_lib\autogen\librail_release\librail_efr32xg13_gcc_release.a(radio.o)
                0x0000e614                RADIO_ClockPrescGet
 .text.RADIO_ClockFreqGet
                0x0000e624       0x14 C:\Users\Ayush\Desktop\Achyut\Thermometer-soc-Achyut\platform\radio\rail_lib\autogen\librail_release\librail_efr32xg13_gcc_release.a(radio.o)
                0x0000e624                RADIO_ClockFreqGet
 .text.RADIO_Config
                0x0000e638       0xb0 C:\Users\Ayush\Desktop\Achyut\Thermometer-soc-Achyut\platform\radio\rail_lib\autogen\librail_release\librail_efr32xg13_gcc_release.a(radio.o)
                0x0000e638                RADIO_Config
 .text.RADIO_IsRxOnForRssi
                0x0000e6e8       0x18 C:\Users\Ayush\Desktop\Achyut\Thermometer-soc-Achyut\platform\radio\rail_lib\autogen\librail_release\librail_efr32xg13_gcc_release.a(radio.o)
                0x0000e6e8                RADIO_IsRxOnForRssi
 .text.RADIO_RxTrailDataLength
                0x0000e700       0x3c C:\Users\Ayush\Desktop\Achyut\Thermometer-soc-Achyut\platform\radio\rail_lib\autogen\librail_release\librail_efr32xg13_gcc_release.a(radio.o)
                0x0000e700                RADIO_RxTrailDataLength
 .text.RADIO_ComputeTxBaudrate
                0x0000e73c       0x24 C:\Users\Ayush\Desktop\Achyut\Thermometer-soc-Achyut\platform\radio\rail_lib\autogen\librail_release\librail_efr32xg13_gcc_release.a(radio.o)
                0x0000e73c                RADIO_ComputeTxBaudrate
 .text.RADIO_ComputeTxSymbolRate
                0x0000e760       0x54 C:\Users\Ayush\Desktop\Achyut\Thermometer-soc-Achyut\platform\radio\rail_lib\autogen\librail_release\librail_efr32xg13_gcc_release.a(radio.o)
                0x0000e760                RADIO_ComputeTxSymbolRate
 .text.RADIO_ComputeTxBitRate
                0x0000e7b4       0x44 C:\Users\Ayush\Desktop\Achyut\Thermometer-soc-Achyut\platform\radio\rail_lib\autogen\librail_release\librail_efr32xg13_gcc_release.a(radio.o)
                0x0000e7b4                RADIO_ComputeTxBitRate
 .text.RADIO_GetRssi
                0x0000e7f8       0x64 C:\Users\Ayush\Desktop\Achyut\Thermometer-soc-Achyut\platform\radio\rail_lib\autogen\librail_release\librail_efr32xg13_gcc_release.a(radio.o)
                0x0000e7f8                RADIO_GetRssi
 .text.RADIO_SetCRCInitVal
                0x0000e85c       0x10 C:\Users\Ayush\Desktop\Achyut\Thermometer-soc-Achyut\platform\radio\rail_lib\autogen\librail_release\librail_efr32xg13_gcc_release.a(radio.o)
                0x0000e85c                RADIO_SetCRCInitVal
 .text.RADIO_RACClearRxOverflow
                0x0000e86c       0x20 C:\Users\Ayush\Desktop\Achyut\Thermometer-soc-Achyut\platform\radio\rail_lib\autogen\librail_release\librail_efr32xg13_gcc_release.a(radio.o)
                0x0000e86c                RADIO_RACClearRxOverflow
 .text.RFSENSE_IRQHandler
                0x0000e88c       0x10 C:\Users\Ayush\Desktop\Achyut\Thermometer-soc-Achyut\platform\radio\rail_lib\autogen\librail_release\librail_efr32xg13_gcc_release.a(rfsense.o)
                0x0000e88c                RFSENSE_IRQHandler
 .text.RTCCSYNC_RTCCClockFreqGet
                0x0000e89c       0x44 C:\Users\Ayush\Desktop\Achyut\Thermometer-soc-Achyut\platform\radio\rail_lib\autogen\librail_release\librail_efr32xg13_gcc_release.a(rtccsync.o)
 .text.PRORTC_IRQHandler
                0x0000e8e0       0x10 C:\Users\Ayush\Desktop\Achyut\Thermometer-soc-Achyut\platform\radio\rail_lib\autogen\librail_release\librail_efr32xg13_gcc_release.a(rtccsync.o)
                0x0000e8e0                PRORTC_IRQHandler
 .text.RTCCSYNC_Init
                0x0000e8f0       0x88 C:\Users\Ayush\Desktop\Achyut\Thermometer-soc-Achyut\platform\radio\rail_lib\autogen\librail_release\librail_efr32xg13_gcc_release.a(rtccsync.o)
                0x0000e8f0                RTCCSYNC_Init
 .text.RTCCSYNC_PreSleep
                0x0000e978      0x2a0 C:\Users\Ayush\Desktop\Achyut\Thermometer-soc-Achyut\platform\radio\rail_lib\autogen\librail_release\librail_efr32xg13_gcc_release.a(rtccsync.o)
                0x0000e978                RTCCSYNC_PreSleep
 .text.RTCCSYNC_PostWakeUp
                0x0000ec18      0x1b8 C:\Users\Ayush\Desktop\Achyut\Thermometer-soc-Achyut\platform\radio\rail_lib\autogen\librail_release\librail_efr32xg13_gcc_release.a(rtccsync.o)
                0x0000ec18                RTCCSYNC_PostWakeUp
 .text.SYNTH_RfFreqGet
                0x0000edd0        0xc C:\Users\Ayush\Desktop\Achyut\Thermometer-soc-Achyut\platform\radio\rail_lib\autogen\librail_release\librail_efr32xg13_gcc_release.a(synth.o)
                0x0000edd0                SYNTH_RfFreqGet
 .text.SYNTH_ChSpacingGet
                0x0000eddc        0xc C:\Users\Ayush\Desktop\Achyut\Thermometer-soc-Achyut\platform\radio\rail_lib\autogen\librail_release\librail_efr32xg13_gcc_release.a(synth.o)
                0x0000eddc                SYNTH_ChSpacingGet
 .text.SYNTH_LoDivGet
                0x0000ede8       0x20 C:\Users\Ayush\Desktop\Achyut\Thermometer-soc-Achyut\platform\radio\rail_lib\autogen\librail_release\librail_efr32xg13_gcc_release.a(synth.o)
                0x0000ede8                SYNTH_LoDivGet
 .text.SYNTH_Is2p4GHz
                0x0000ee08       0x14 C:\Users\Ayush\Desktop\Achyut\Thermometer-soc-Achyut\platform\radio\rail_lib\autogen\librail_release\librail_efr32xg13_gcc_release.a(synth.o)
                0x0000ee08                SYNTH_Is2p4GHz
 .text.SYNTH_VcoRangeIsValid
                0x0000ee1c       0x30 C:\Users\Ayush\Desktop\Achyut\Thermometer-soc-Achyut\platform\radio\rail_lib\autogen\librail_release\librail_efr32xg13_gcc_release.a(synth.o)
                0x0000ee1c                SYNTH_VcoRangeIsValid
 .text.SYNTH_RetimeLimitsConfig
                0x0000ee4c       0x64 C:\Users\Ayush\Desktop\Achyut\Thermometer-soc-Achyut\platform\radio\rail_lib\autogen\librail_release\librail_efr32xg13_gcc_release.a(synth.o)
                0x0000ee4c                SYNTH_RetimeLimitsConfig
 .text.SYNTH_RetimeClkConfig
                0x0000eeb0       0xb4 C:\Users\Ayush\Desktop\Achyut\Thermometer-soc-Achyut\platform\radio\rail_lib\autogen\librail_release\librail_efr32xg13_gcc_release.a(synth.o)
                0x0000eeb0                SYNTH_RetimeClkConfig
 .text.SYNTH_Config
                0x0000ef64      0x104 C:\Users\Ayush\Desktop\Achyut\Thermometer-soc-Achyut\platform\radio\rail_lib\autogen\librail_release\librail_efr32xg13_gcc_release.a(synth.o)
                0x0000ef64                SYNTH_Config
 .text.SYNTH_ChannelSet
                0x0000f068       0x40 C:\Users\Ayush\Desktop\Achyut\Thermometer-soc-Achyut\platform\radio\rail_lib\autogen\librail_release\librail_efr32xg13_gcc_release.a(synth.o)
                0x0000f068                SYNTH_ChannelSet
 .text.SYNTH_DCDCRetimeClkSet
                0x0000f0a8       0x68 C:\Users\Ayush\Desktop\Achyut\Thermometer-soc-Achyut\platform\radio\rail_lib\autogen\librail_release\librail_efr32xg13_gcc_release.a(synth.o)
                0x0000f0a8                SYNTH_DCDCRetimeClkSet
 .text.SYNTH_DCDCRetimeEnable
                0x0000f110       0x18 C:\Users\Ayush\Desktop\Achyut\Thermometer-soc-Achyut\platform\radio\rail_lib\autogen\librail_release\librail_efr32xg13_gcc_release.a(synth.o)
                0x0000f110                SYNTH_DCDCRetimeEnable
 .text.SYNTH_DCDCRetimeDisable
                0x0000f128       0x18 C:\Users\Ayush\Desktop\Achyut\Thermometer-soc-Achyut\platform\radio\rail_lib\autogen\librail_release\librail_efr32xg13_gcc_release.a(synth.o)
                0x0000f128                SYNTH_DCDCRetimeDisable
 .text.SYNTH_KvnFreqCompensationEnable
                0x0000f140        0xc C:\Users\Ayush\Desktop\Achyut\Thermometer-soc-Achyut\platform\radio\rail_lib\autogen\librail_release\librail_efr32xg13_gcc_release.a(synth.o)
                0x0000f140                SYNTH_KvnFreqCompensationEnable
 .text.TEMPCAL_Init
                0x0000f14c       0x38 C:\Users\Ayush\Desktop\Achyut\Thermometer-soc-Achyut\platform\radio\rail_lib\autogen\librail_release\librail_efr32xg13_gcc_release.a(tempcal.o)
                0x0000f14c                TEMPCAL_Init
 .text.TIMING_NsToStimerTickCalc
                0x0000f184       0x2c C:\Users\Ayush\Desktop\Achyut\Thermometer-soc-Achyut\platform\radio\rail_lib\autogen\librail_release\librail_efr32xg13_gcc_release.a(timings.o)
 .text.TIMING_Recalculate
                0x0000f1b0      0x1ec C:\Users\Ayush\Desktop\Achyut\Thermometer-soc-Achyut\platform\radio\rail_lib\autogen\librail_release\librail_efr32xg13_gcc_release.a(timings.o)
 .text.TIMING_InitStimer
                0x0000f39c       0x8c C:\Users\Ayush\Desktop\Achyut\Thermometer-soc-Achyut\platform\radio\rail_lib\autogen\librail_release\librail_efr32xg13_gcc_release.a(timings.o)
                0x0000f39c                TIMING_InitStimer
 .text.TIMING_SeqTimingInit
                0x0000f428       0x90 C:\Users\Ayush\Desktop\Achyut\Thermometer-soc-Achyut\platform\radio\rail_lib\autogen\librail_release\librail_efr32xg13_gcc_release.a(timings.o)
                0x0000f428                TIMING_SeqTimingInit
 .text.TIMING_SetTransitionTime
                0x0000f4b8       0x18 C:\Users\Ayush\Desktop\Achyut\Thermometer-soc-Achyut\platform\radio\rail_lib\autogen\librail_release\librail_efr32xg13_gcc_release.a(timings.o)
                0x0000f4b8                TIMING_SetTransitionTime
 .text.TIMING_RxSearchTimeSet
                0x0000f4d0       0x10 C:\Users\Ayush\Desktop\Achyut\Thermometer-soc-Achyut\platform\radio\rail_lib\autogen\librail_release\librail_efr32xg13_gcc_release.a(timings.o)
                0x0000f4d0                TIMING_RxSearchTimeSet
 .text.TIMING_TxToRxSearchTimeSet
                0x0000f4e0       0x10 C:\Users\Ayush\Desktop\Achyut\Thermometer-soc-Achyut\platform\radio\rail_lib\autogen\librail_release\librail_efr32xg13_gcc_release.a(timings.o)
                0x0000f4e0                TIMING_TxToRxSearchTimeSet
 .text.TIMING_RecalculateAll
                0x0000f4f0        0x6 C:\Users\Ayush\Desktop\Achyut\Thermometer-soc-Achyut\platform\radio\rail_lib\autogen\librail_release\librail_efr32xg13_gcc_release.a(timings.o)
                0x0000f4f0                TIMING_RecalculateAll
 .text.TIMING_RecalculatePaRampChanged
                0x0000f4f6        0x6 C:\Users\Ayush\Desktop\Achyut\Thermometer-soc-Achyut\platform\radio\rail_lib\autogen\librail_release\librail_efr32xg13_gcc_release.a(timings.o)
                0x0000f4f6                TIMING_RecalculatePaRampChanged
 .text.TIMING_RecalculateViterbiChanged
                0x0000f4fc        0x6 C:\Users\Ayush\Desktop\Achyut\Thermometer-soc-Achyut\platform\radio\rail_lib\autogen\librail_release\librail_efr32xg13_gcc_release.a(timings.o)
                0x0000f4fc                TIMING_RecalculateViterbiChanged
 .text.TIMING_SetChainDelays
                0x0000f502        0x8 C:\Users\Ayush\Desktop\Achyut\Thermometer-soc-Achyut\platform\radio\rail_lib\autogen\librail_release\librail_efr32xg13_gcc_release.a(timings.o)
                0x0000f502                TIMING_SetChainDelays
 *fill*         0x0000f50a        0x2 
 .text.TIMING_CalcAdjustUs
                0x0000f50c       0x40 C:\Users\Ayush\Desktop\Achyut\Thermometer-soc-Achyut\platform\radio\rail_lib\autogen\librail_release\librail_efr32xg13_gcc_release.a(timings.o)
                0x0000f50c                TIMING_CalcAdjustUs
 .text.TIMING_PacketBits
                0x0000f54c       0x14 C:\Users\Ayush\Desktop\Achyut\Thermometer-soc-Achyut\platform\radio\rail_lib\autogen\librail_release\librail_efr32xg13_gcc_release.a(timings.o)
                0x0000f54c                TIMING_PacketBits
 .text.TIMING_PreambleSyncBits
                0x0000f560       0x38 C:\Users\Ayush\Desktop\Achyut\Thermometer-soc-Achyut\platform\radio\rail_lib\autogen\librail_release\librail_efr32xg13_gcc_release.a(timings.o)
                0x0000f560                TIMING_PreambleSyncBits
 .text.TIMING_CalcRxTimeStampUs
                0x0000f598       0x66 C:\Users\Ayush\Desktop\Achyut\Thermometer-soc-Achyut\platform\radio\rail_lib\autogen\librail_release\librail_efr32xg13_gcc_release.a(timings.o)
                0x0000f598                TIMING_CalcRxTimeStampUs
 *fill*         0x0000f5fe        0x2 
 .text.TIMING_AdjustRxTimeStampUs
                0x0000f600       0x40 C:\Users\Ayush\Desktop\Achyut\Thermometer-soc-Achyut\platform\radio\rail_lib\autogen\librail_release\librail_efr32xg13_gcc_release.a(timings.o)
                0x0000f600                TIMING_AdjustRxTimeStampUs
 .text.RFRAND_GetRadioEntropy
                0x0000f640      0x100 C:\Users\Ayush\Desktop\Achyut\Thermometer-soc-Achyut\platform\radio\rail_lib\autogen\librail_release\librail_efr32xg13_gcc_release.a(rf_rand.o)
                0x0000f640                RFRAND_GetRadioEntropy
 .text.RFRAND_SeedProtimerRandom
                0x0000f740       0x3c C:\Users\Ayush\Desktop\Achyut\Thermometer-soc-Achyut\platform\radio\rail_lib\autogen\librail_release\librail_efr32xg13_gcc_release.a(rf_rand.o)
                0x0000f740                RFRAND_SeedProtimerRandom
 .text.RAIL_GetTxPowerCurve
                0x0000f77c       0x14 C:\Users\Ayush\Desktop\Achyut\Thermometer-soc-Achyut\platform\radio\rail_lib\autogen\librail_release\librail_efr32xg13_gcc_release.a(pa_conversions_efr32.o)
                0x0000f77c                RAIL_GetTxPowerCurve
 .text.RAIL_InitTxPowerCurves
                0x0000f790       0x2c C:\Users\Ayush\Desktop\Achyut\Thermometer-soc-Achyut\platform\radio\rail_lib\autogen\librail_release\librail_efr32xg13_gcc_release.a(pa_conversions_efr32.o)
                0x0000f790                RAIL_InitTxPowerCurves
 .text.RAIL_ConvertDbmToRaw
                0x0000f7bc       0xd8 C:\Users\Ayush\Desktop\Achyut\Thermometer-soc-Achyut\platform\radio\rail_lib\autogen\librail_release\librail_efr32xg13_gcc_release.a(pa_conversions_efr32.o)
                0x0000f7bc                RAIL_ConvertDbmToRaw
 .text.RAIL_ConvertRawToDbm
                0x0000f894       0xb8 C:\Users\Ayush\Desktop\Achyut\Thermometer-soc-Achyut\platform\radio\rail_lib\autogen\librail_release\librail_efr32xg13_gcc_release.a(pa_conversions_efr32.o)
                0x0000f894                RAIL_ConvertRawToDbm
 .text.GENERIC_PHY_EnableDisableInt
                0x0000f94c       0x22 C:\Users\Ayush\Desktop\Achyut\Thermometer-soc-Achyut\platform\radio\rail_lib\autogen\librail_release\librail_efr32xg13_gcc_release.a(generic_phy.o)
 *fill*         0x0000f96e        0x2 
 .text.GENERIC_PHY_DisableRadioIrqs
                0x0000f970       0x50 C:\Users\Ayush\Desktop\Achyut\Thermometer-soc-Achyut\platform\radio\rail_lib\autogen\librail_release\librail_efr32xg13_gcc_release.a(generic_phy.o)
 .text.GENERIC_PHY_ConfigureRollbackReporting
                0x0000f9c0       0x68 C:\Users\Ayush\Desktop\Achyut\Thermometer-soc-Achyut\platform\radio\rail_lib\autogen\librail_release\librail_efr32xg13_gcc_release.a(generic_phy.o)
 .text.GENERIC_PHY_ClearPendedRxWindowEnd
                0x0000fa28       0x1c C:\Users\Ayush\Desktop\Achyut\Thermometer-soc-Achyut\platform\radio\rail_lib\autogen\librail_release\librail_efr32xg13_gcc_release.a(generic_phy.o)
 .text.GENERIC_PHY_RxOverflowHook
                0x0000fa44       0x34 C:\Users\Ayush\Desktop\Achyut\Thermometer-soc-Achyut\platform\radio\rail_lib\autogen\librail_release\librail_efr32xg13_gcc_release.a(generic_phy.o)
 .text.RADIO_RACRxAbort
                0x0000fa78       0x3c C:\Users\Ayush\Desktop\Achyut\Thermometer-soc-Achyut\platform\radio\rail_lib\autogen\librail_release\librail_efr32xg13_gcc_release.a(generic_phy.o)
 .text.GENERIC_PHY_CheckPendedRxWindowEnd
                0x0000fab4       0x44 C:\Users\Ayush\Desktop\Achyut\Thermometer-soc-Achyut\platform\radio\rail_lib\autogen\librail_release\librail_efr32xg13_gcc_release.a(generic_phy.o)
 .text.GENERIC_PHY_ConfigureEvents
                0x0000faf8      0x2c8 C:\Users\Ayush\Desktop\Achyut\Thermometer-soc-Achyut\platform\radio\rail_lib\autogen\librail_release\librail_efr32xg13_gcc_release.a(generic_phy.o)
                0x0000faf8                GENERIC_PHY_ConfigureEvents
 .text.GENERIC_PHY_PacketTxCommon
                0x0000fdc0       0x3c C:\Users\Ayush\Desktop\Achyut\Thermometer-soc-Achyut\platform\radio\rail_lib\autogen\librail_release\librail_efr32xg13_gcc_release.a(generic_phy.o)
                0x0000fdc0                GENERIC_PHY_PacketTxCommon
 .text.GENERIC_PHY_PacketTx
                0x0000fdfc       0x40 C:\Users\Ayush\Desktop\Achyut\Thermometer-soc-Achyut\platform\radio\rail_lib\autogen\librail_release\librail_efr32xg13_gcc_release.a(generic_phy.o)
                0x0000fdfc                GENERIC_PHY_PacketTx
 .text.GENERIC_PHY_SchedulePacketRx
                0x0000fe3c      0x100 C:\Users\Ayush\Desktop\Achyut\Thermometer-soc-Achyut\platform\radio\rail_lib\autogen\librail_release\librail_efr32xg13_gcc_release.a(generic_phy.o)
                0x0000fe3c                GENERIC_PHY_SchedulePacketRx
 .text.GENERIC_PHY_SchedulePacketTx
                0x0000ff3c       0x78 C:\Users\Ayush\Desktop\Achyut\Thermometer-soc-Achyut\platform\radio\rail_lib\autogen\librail_release\librail_efr32xg13_gcc_release.a(generic_phy.o)
                0x0000ff3c                GENERIC_PHY_SchedulePacketTx
 .text.GENERIC_PHY_SeqAtomicLock
                0x0000ffb4       0x30 C:\Users\Ayush\Desktop\Achyut\Thermometer-soc-Achyut\platform\radio\rail_lib\autogen\librail_release\librail_efr32xg13_gcc_release.a(generic_phy.o)
                0x0000ffb4                GENERIC_PHY_SeqAtomicLock
 .text.GENERIC_PHY_RACConfig
                0x0000ffe4       0x40 C:\Users\Ayush\Desktop\Achyut\Thermometer-soc-Achyut\platform\radio\rail_lib\autogen\librail_release\librail_efr32xg13_gcc_release.a(generic_phy.o)
                0x0000ffe4                GENERIC_PHY_RACConfig
 .text.GENERIC_PHY_Init
                0x00010024       0x70 C:\Users\Ayush\Desktop\Achyut\Thermometer-soc-Achyut\platform\radio\rail_lib\autogen\librail_release\librail_efr32xg13_gcc_release.a(generic_phy.o)
                0x00010024                GENERIC_PHY_Init
 .text.GENERIC_PHY_ResetRxFifo
                0x00010094       0x30 C:\Users\Ayush\Desktop\Achyut\Thermometer-soc-Achyut\platform\radio\rail_lib\autogen\librail_release\librail_efr32xg13_gcc_release.a(generic_phy.o)
                0x00010094                GENERIC_PHY_ResetRxFifo
 .text.GENERIC_PHY_RadioIdle
                0x000100c4      0x154 C:\Users\Ayush\Desktop\Achyut\Thermometer-soc-Achyut\platform\radio\rail_lib\autogen\librail_release\librail_efr32xg13_gcc_release.a(generic_phy.o)
                0x000100c4                GENERIC_PHY_RadioIdle
 .text.FRC_IRQHandler
                0x00010218      0x528 C:\Users\Ayush\Desktop\Achyut\Thermometer-soc-Achyut\platform\radio\rail_lib\autogen\librail_release\librail_efr32xg13_gcc_release.a(generic_phy.o)
                0x00010218                FRC_IRQHandler
 .text.FRC_PRI_IRQHandler
                0x00010740        0x4 C:\Users\Ayush\Desktop\Achyut\Thermometer-soc-Achyut\platform\radio\rail_lib\autogen\librail_release\librail_efr32xg13_gcc_release.a(generic_phy.o)
                0x00010740                FRC_PRI_IRQHandler
 .text.BUFC_IRQHandler
                0x00010744        0x4 C:\Users\Ayush\Desktop\Achyut\Thermometer-soc-Achyut\platform\radio\rail_lib\autogen\librail_release\librail_efr32xg13_gcc_release.a(generic_phy.o)
                0x00010744                BUFC_IRQHandler
 .text.PROTIMER_IRQHandler
                0x00010748        0x4 C:\Users\Ayush\Desktop\Achyut\Thermometer-soc-Achyut\platform\radio\rail_lib\autogen\librail_release\librail_efr32xg13_gcc_release.a(generic_phy.o)
                0x00010748                PROTIMER_IRQHandler
 .text.RAC_SEQ_IRQHandler
                0x0001074c        0x4 C:\Users\Ayush\Desktop\Achyut\Thermometer-soc-Achyut\platform\radio\rail_lib\autogen\librail_release\librail_efr32xg13_gcc_release.a(generic_phy.o)
                0x0001074c                RAC_SEQ_IRQHandler
 .text.RAILCb_RadioStateChanged
                0x00010750       0x14 C:\Users\Ayush\Desktop\Achyut\Thermometer-soc-Achyut\platform\radio\rail_lib\autogen\librail_release\librail_efr32xg13_gcc_release.a(generic_phy.o)
                0x00010750                RAILCb_RadioStateChanged
 .text.RAC_RSM_IRQHandler
                0x00010764       0x48 C:\Users\Ayush\Desktop\Achyut\Thermometer-soc-Achyut\platform\radio\rail_lib\autogen\librail_release\librail_efr32xg13_gcc_release.a(generic_phy.o)
                0x00010764                RAC_RSM_IRQHandler
 .text.MODEM_IRQHandler
                0x000107ac        0x4 C:\Users\Ayush\Desktop\Achyut\Thermometer-soc-Achyut\platform\radio\rail_lib\autogen\librail_release\librail_efr32xg13_gcc_release.a(generic_phy.o)
                0x000107ac                MODEM_IRQHandler
 .text.AGC_IRQHandler
                0x000107b0       0x40 C:\Users\Ayush\Desktop\Achyut\Thermometer-soc-Achyut\platform\radio\rail_lib\autogen\librail_release\librail_efr32xg13_gcc_release.a(generic_phy.o)
                0x000107b0                AGC_IRQHandler
 .text.SYNTH_IRQHandler