Archive member included because of file (symbol)

C:\SiliconLabs\SimplicityStudio\v4_workspace4\assign3\I2CProject\platform\radio\rail_lib\autogen\librail_release\librail_efr32xg13_gcc_release.a(rail_pti.o)
                              ./pti.o (RAIL_ConfigPti)
C:\SiliconLabs\SimplicityStudio\v4_workspace4\assign3\I2CProject\platform\radio\rail_lib\autogen\librail_release\librail_efr32xg13_gcc_release.a(rail_rf_hal.o)
                              C:\SiliconLabs\SimplicityStudio\v4_workspace4\assign3\I2CProject\platform\radio\rail_lib\autogen\librail_release\librail_efr32xg13_gcc_release.a(rail_pti.o) (RFHAL_ConfigPti)
C:\SiliconLabs\SimplicityStudio\v4_workspace4\assign3\I2CProject\platform\radio\rail_lib\autogen\librail_release\librail_efr32xg13_gcc_release.a(rail_ieee802154_rf_hal.o)
                              C:\SiliconLabs\SimplicityStudio\v4_workspace4\assign3\I2CProject\platform\radio\rail_lib\autogen\librail_release\librail_efr32xg13_gcc_release.a(rail_rf_hal.o) (RFHAL_IEEE802154IsEnabled)
C:\SiliconLabs\SimplicityStudio\v4_workspace4\assign3\I2CProject\platform\radio\rail_lib\autogen\librail_release\librail_efr32xg13_gcc_release.a(ieee802154_efr32xg13_configurator_out.o)
                              C:\SiliconLabs\SimplicityStudio\v4_workspace4\assign3\I2CProject\platform\radio\rail_lib\autogen\librail_release\librail_efr32xg13_gcc_release.a(rail_ieee802154_rf_hal.o) (ieee802154_coherent_min)
C:\SiliconLabs\SimplicityStudio\v4_workspace4\assign3\I2CProject\platform\radio\rail_lib\autogen\librail_release\librail_efr32xg13_gcc_release.a(ieee802154_gb868_efr32xg13_configurator_out.o)
                              C:\SiliconLabs\SimplicityStudio\v4_workspace4\assign3\I2CProject\platform\radio\rail_lib\autogen\librail_release\librail_efr32xg13_gcc_release.a(rail_ieee802154_rf_hal.o) (ieee802154_gb868_config_915_min)
C:\SiliconLabs\SimplicityStudio\v4_workspace4\assign3\I2CProject\platform\radio\rail_lib\autogen\librail_release\librail_efr32xg13_gcc_release.a(rail_ble_rf_hal.o)
                              C:\SiliconLabs\SimplicityStudio\v4_workspace4\assign3\I2CProject\platform\radio\rail_lib\autogen\librail_release\librail_efr32xg13_gcc_release.a(rail_rf_hal.o) (RFHAL_IsBleLongRangeEnabled)
C:\SiliconLabs\SimplicityStudio\v4_workspace4\assign3\I2CProject\platform\radio\rail_lib\autogen\librail_release\librail_efr32xg13_gcc_release.a(ble_efr32xg13_configurator_out.o)
                              C:\SiliconLabs\SimplicityStudio\v4_workspace4\assign3\I2CProject\platform\radio\rail_lib\autogen\librail_release\librail_efr32xg13_gcc_release.a(rail_ble_rf_hal.o) (ble_viterbi2M_min)
C:\SiliconLabs\SimplicityStudio\v4_workspace4\assign3\I2CProject\platform\radio\rail_lib\autogen\librail_release\librail_efr32xg13_gcc_release.a(rail_singleprotocol.o)
                              C:\SiliconLabs\SimplicityStudio\v4_workspace4\assign3\I2CProject\platform\radio\rail_lib\autogen\librail_release\librail_efr32xg13_gcc_release.a(rail_rf_hal.o) (RAIL_ActiveHandle)
C:\SiliconLabs\SimplicityStudio\v4_workspace4\assign3\I2CProject\platform\radio\rail_lib\autogen\librail_release\librail_efr32xg13_gcc_release.a(rail_rf.o)
                              C:\SiliconLabs\SimplicityStudio\v4_workspace4\assign3\I2CProject\platform\radio\rail_lib\autogen\librail_release\librail_efr32xg13_gcc_release.a(rail_singleprotocol.o) (RAILCore_Init)
C:\SiliconLabs\SimplicityStudio\v4_workspace4\assign3\I2CProject\platform\radio\rail_lib\autogen\librail_release\librail_efr32xg13_gcc_release.a(rail_rx.o)
                              C:\SiliconLabs\SimplicityStudio\v4_workspace4\assign3\I2CProject\platform\radio\rail_lib\autogen\librail_release\librail_efr32xg13_gcc_release.a(rail_rf_hal.o) (RAILCore_StartRx)
C:\SiliconLabs\SimplicityStudio\v4_workspace4\assign3\I2CProject\platform\radio\rail_lib\autogen\librail_release\librail_efr32xg13_gcc_release.a(rail_tx.o)
                              C:\SiliconLabs\SimplicityStudio\v4_workspace4\assign3\I2CProject\platform\radio\rail_lib\autogen\librail_release\librail_efr32xg13_gcc_release.a(rail_singleprotocol.o) (RAILCore_StartTxStream)
C:\SiliconLabs\SimplicityStudio\v4_workspace4\assign3\I2CProject\platform\radio\rail_lib\autogen\librail_release\librail_efr32xg13_gcc_release.a(rail_calibration.o)
                              C:\SiliconLabs\SimplicityStudio\v4_workspace4\assign3\I2CProject\platform\radio\rail_lib\autogen\librail_release\librail_efr32xg13_gcc_release.a(rail_rf_hal.o) (RAILInt_PendCal)
C:\SiliconLabs\SimplicityStudio\v4_workspace4\assign3\I2CProject\platform\radio\rail_lib\autogen\librail_release\librail_efr32xg13_gcc_release.a(rail_data.o)
                              C:\SiliconLabs\SimplicityStudio\v4_workspace4\assign3\I2CProject\platform\radio\rail_lib\autogen\librail_release\librail_efr32xg13_gcc_release.a(rail_rf_hal.o) (RAILCb_SetupRxFifo)
[...]
Memory Configuration

Name             Origin             Length             Attributes
FLASH_BOOTLOADER 0x0fe10000         0x00004000         xr
FLASH            0x00000000         0x0007f000         xr
RAM              0x20000000         0x00010000         xrw
*default*        0x00000000         0xffffffff

Linker script and memory map

LOAD c:/siliconlabs/simplicitystudio/v4/developer/toolchains/gnu_arm/4.9_2015q3/bin/../lib/gcc/arm-none-eabi/4.9.3/armv7e-m/softfp/crti.o
LOAD c:/siliconlabs/simplicitystudio/v4/developer/toolchains/gnu_arm/4.9_2015q3/bin/../lib/gcc/arm-none-eabi/4.9.3/armv7e-m/softfp/crtbegin.o
LOAD c:/siliconlabs/simplicitystudio/v4/developer/toolchains/gnu_arm/4.9_2015q3/bin/../lib/gcc/arm-none-eabi/4.9.3/../../../../arm-none-eabi/lib/armv7e-m/softfp/crt0.o
START GROUP
LOAD ./application_properties.o
LOAD ./cmu.o
LOAD ./gatt_db.o
LOAD ./gpio.o
LOAD ./i2c.o
LOAD ./init_app.o
LOAD ./init_board.o
LOAD ./init_mcu.o
LOAD ./letimer.o
LOAD ./main.o
LOAD ./pti.o
LOAD ./sleep.o
LOAD ./tempsen.o
LOAD ./hardware/kit/common/bsp/bsp_stk.o
LOAD ./hardware/kit/common/drivers/i2cspm.o
LOAD ./hardware/kit/common/drivers/mx25flash_spi.o
LOAD ./hardware/kit/common/drivers/si7013.o
LOAD ./hardware/kit/common/drivers/tempsens.o
LOAD ./hardware/kit/common/drivers/udelay.o
LOAD ./platform/Device/SiliconLabs/EFR32BG13P/Source/GCC/startup_efr32bg13p.o
LOAD ./platform/Device/SiliconLabs/EFR32BG13P/Source/system_efr32bg13p.o
LOAD ./platform/emdrv/sleep/src/sleep.o
LOAD ./platform/emlib/src/em_acmp.o
LOAD ./platform/emlib/src/em_adc.o
LOAD ./platform/emlib/src/em_aes.o
LOAD ./platform/emlib/src/em_assert.o
LOAD ./platform/emlib/src/em_burtc.o
LOAD ./platform/emlib/src/em_can.o
LOAD ./platform/emlib/src/em_cmu.o
LOAD ./platform/emlib/src/em_core.o
LOAD ./platform/emlib/src/em_cryotimer.o
LOAD ./platform/emlib/src/em_crypto.o
LOAD ./platform/emlib/src/em_csen.o
LOAD ./platform/emlib/src/em_dac.o
LOAD ./platform/emlib/src/em_dbg.o
LOAD ./platform/emlib/src/em_dma.o
LOAD ./platform/emlib/src/em_ebi.o
LOAD ./platform/emlib/src/em_emu.o
LOAD ./platform/emlib/src/em_gpcrc.o
LOAD ./platform/emlib/src/em_gpio.o
LOAD ./platform/emlib/src/em_i2c.o
LOAD ./platform/emlib/src/em_idac.o
LOAD ./platform/emlib/src/em_int.o
LOAD ./platform/emlib/src/em_lcd.o
LOAD ./platform/emlib/src/em_ldma.o
LOAD ./platform/emlib/src/em_lesense.o
LOAD ./platform/emlib/src/em_letimer.o
LOAD ./platform/emlib/src/em_leuart.o
LOAD ./platform/emlib/src/em_mpu.o
LOAD ./platform/emlib/src/em_msc.o
LOAD ./platform/emlib/src/em_opamp.o
LOAD ./platform/emlib/src/em_pcnt.o
LOAD ./platform/emlib/src/em_prs.o
LOAD ./platform/emlib/src/em_qspi.o
LOAD ./platform/emlib/src/em_rmu.o
LOAD ./platform/emlib/src/em_rtc.o
LOAD ./platform/emlib/src/em_rtcc.o
LOAD ./platform/emlib/src/em_system.o
LOAD ./platform/emlib/src/em_timer.o
LOAD ./platform/emlib/src/em_usart.o
LOAD ./platform/emlib/src/em_vcmp.o
LOAD ./platform/emlib/src/em_vdac.o
LOAD ./platform/emlib/src/em_wdog.o
LOAD C:\SiliconLabs\SimplicityStudio\v4_workspace4\assign3\I2CProject\platform\radio\rail_lib\autogen\librail_release\librail_efr32xg13_gcc_release.a
LOAD C:\SiliconLabs\SimplicityStudio\v4_workspace4\assign3\I2CProject\protocol\bluetooth\lib\EFR32BG13P\GCC\binapploader.o
LOAD C:\SiliconLabs\SimplicityStudio\v4_workspace4\assign3\I2CProject\protocol\bluetooth\lib\EFR32BG13P\GCC\libbluetooth.a
LOAD C:\SiliconLabs\SimplicityStudio\v4_workspace4\assign3\I2CProject\protocol\bluetooth\lib\EFR32BG13P\GCC\libpsstore.a
LOAD C:\SiliconLabs\SimplicityStudio\v4_workspace4\assign3\I2CProject\protocol\bluetooth\lib\EFR32BG13P\GCC\libmbedtls.a
LOAD c:/siliconlabs/simplicitystudio/v4/developer/toolchains/gnu_arm/4.9_2015q3/bin/../lib/gcc/arm-none-eabi/4.9.3/../../../../arm-none-eabi/lib/armv7e-m/softfp\libm.a
END GROUP
START GROUP
LOAD c:/siliconlabs/simplicitystudio/v4/developer/toolchains/gnu_arm/4.9_2015q3/bin/../lib/gcc/arm-none-eabi/4.9.3/armv7e-m/softfp\libgcc.a
LOAD c:/siliconlabs/simplicitystudio/v4/developer/toolchains/gnu_arm/4.9_2015q3/bin/../lib/gcc/arm-none-eabi/4.9.3/../../../../arm-none-eabi/lib/armv7e-m/softfp\libc_nano.a
LOAD c:/siliconlabs/simplicitystudio/v4/developer/toolchains/gnu_arm/4.9_2015q3/bin/../lib/gcc/arm-none-eabi/4.9.3/../../../../arm-none-eabi/lib/armv7e-m/softfp\libnosys.a
END GROUP
START GROUP
LOAD c:/siliconlabs/simplicitystudio/v4/developer/toolchains/gnu_arm/4.9_2015q3/bin/../lib/gcc/arm-none-eabi/4.9.3/armv7e-m/softfp\libgcc.a
LOAD c:/siliconlabs/simplicitystudio/v4/developer/toolchains/gnu_arm/4.9_2015q3/bin/../lib/gcc/arm-none-eabi/4.9.3/../../../../arm-none-eabi/lib/armv7e-m/softfp\libg_nano.a
LOAD c:/siliconlabs/simplicitystudio/v4/developer/toolchains/gnu_arm/4.9_2015q3/bin/../lib/gcc/arm-none-eabi/4.9.3/../../../../arm-none-eabi/lib/armv7e-m/softfp\libc_nano.a
END GROUP
START GROUP
LOAD c:/siliconlabs/simplicitystudio/v4/developer/toolchains/gnu_arm/4.9_2015q3/bin/../lib/gcc/arm-none-eabi/4.9.3/armv7e-m/softfp\libgcc.a
LOAD c:/siliconlabs/simplicitystudio/v4/developer/toolchains/gnu_arm/4.9_2015q3/bin/../lib/gcc/arm-none-eabi/4.9.3/../../../../arm-none-eabi/lib/armv7e-m/softfp\libc_nano.a
END GROUP
LOAD c:/siliconlabs/simplicitystudio/v4/developer/toolchains/gnu_arm/4.9_2015q3/bin/../lib/gcc/arm-none-eabi/4.9.3/armv7e-m/softfp/crtend.o
LOAD c:/siliconlabs/simplicitystudio/v4/developer/toolchains/gnu_arm/4.9_2015q3/bin/../lib/gcc/arm-none-eabi/4.9.3/armv7e-m/softfp/crtn.o

.text_bootloader
                0x0fe10000        0x0
 *(.binbootloader*)
                0x0fe10000                . = ALIGN (0x4000)

.text_apploader
                0x00000000     0x8fc0
 *(.binapploader*)
 .binapploader  0x00000000     0x8fc0 C:\SiliconLabs\SimplicityStudio\v4_workspace4\assign3\I2CProject\protocol\bluetooth\lib\EFR32BG13P\GCC\binapploader.o

.text_signature
                0x00008fc0       0x40
                0x00009000                . = ALIGN (0x800)
 *fill*         0x00008fc0       0x40 
                0x00009000                __text_start__ = .

.text_application
                0x00009000    0x23b34
 *(.vectors)
 .vectors       0x00009000       0xfc ./platform/Device/SiliconLabs/EFR32BG13P/Source/GCC/startup_efr32bg13p.o
                0x00009000                __Vectors
                0x000090fc                __Vectors_End = .
                0x000000fc                __Vectors_Size = (__Vectors_End - __Vectors)
                0x000090fc                __end__ = .
 *(.application_properties)
 .application_properties
                0x000090fc       0x38 ./application_properties.o
                0x000090fc                applicationProperties
 *(.gecko_configuration)
 *(.xo_configuration)
 *(.gatt_header)
 .gatt_header   0x00009134       0x34 ./gatt_db.o
                0x00009134                bg_gattdb_data
 *(.gatt_data)
 .gatt_data     0x00009168      0x1c5 ./gatt_db.o
                0x00009168                bg_gattdb_data_uuidtable_16_map
                0x00009184                bg_gattdb_data_uuidtable_128_map
                0x000091a4                bg_gattdb_data_attribute_field_18
                0x000091ac                bg_gattdb_data_attribute_field_17
                0x000091c4                bg_gattdb_data_attribute_field_16
                0x000091d8                bg_gattdb_data_attribute_field_14
                0x000091e0                bg_gattdb_data_attribute_field_13
                0x000091e8                bg_gattdb_data_attribute_field_12
                0x000091ec                bg_gattdb_data_attribute_field_11
                0x000091fc                bg_gattdb_data_attribute_field_10
                0x00009204                bg_gattdb_data_attribute_field_9
                0x00009208                bg_gattdb_data_attribute_field_8
                0x0000920c                bg_gattdb_data_attribute_field_7
                0x00009214                bg_gattdb_data_attribute_field_6
                0x0000921c                bg_gattdb_data_attribute_field_5
                0x00009224                bg_gattdb_data_attribute_field_4
                0x00009228                bg_gattdb_data_attribute_field_2
                0x00009230                bg_gattdb_data_attribute_field_1
                0x00009238                bg_gattdb_data_attribute_field_0
                0x0000923c                bg_gattdb_data_attributes_map
                0x00009320                bg_gattdb_data_attributes_dynamic_mapping_map
                0x00009328                bg_gattdb_data_adv_uuid16_map
                0x0000932c                bg_gattdb_data_adv_uuid128_map
 *(.text*)
 *fill*         0x0000932d        0x3 
 .text          0x00009330       0x5c c:/siliconlabs/simplicitystudio/v4/developer/toolchains/gnu_arm/4.9_2015q3/bin/../lib/gcc/arm-none-eabi/4.9.3/armv7e-m/softfp/crtbegin.o
 .text          0x0000938c       0x74 c:/siliconlabs/simplicitystudio/v4/developer/toolchains/gnu_arm/4.9_2015q3/bin/../lib/gcc/arm-none-eabi/4.9.3/../../../../arm-none-eabi/lib/armv7e-m/softfp/crt0.o
                0x0000938c                _start
                0x0000938c                _mainCRTStartup
 .text.cmu_init
                0x00009400       0x7c ./cmu.o
                0x00009400                cmu_init
 .text.BUS_RegMaskedSet
                0x0000947c       0x24 ./gpio.o
 .text.BUS_RegMaskedClear
                0x000094a0       0x24 ./gpio.o
 .text.GPIO_PinOutClear
                0x000094c4       0x58 ./gpio.o
 .text.GPIO_PinOutSet
                0x0000951c       0x58 ./gpio.o
 .text.gpio_init
                0x00009574       0x74 ./gpio.o
                0x00009574                gpio_init
 .text.BUS_RegMaskedSet
                0x000095e8       0x24 ./i2c.o
 .text.BUS_RegMaskedClear
                0x0000960c       0x24 ./i2c.o
 .text.GPIO_PinOutClear
                0x00009630       0x58 ./i2c.o
 .text.GPIO_PinOutSet
                0x00009688       0x58 ./i2c.o
 .text.i2c_init
                0x000096e0       0xd4 ./i2c.o
                0x000096e0                i2c_init
 .text.i2c_disable
                0x000097b4       0x38 ./i2c.o
                0x000097b4                i2c_disable
 .text.i2c_driver
                0x000097ec       0xb8 ./i2c.o
                0x000097ec                i2c_driver
 .text.initBoard
                0x000098a4       0x48 ./init_board.o
                0x000098a4                initBoard
 .text.CHIP_Init
                0x000098ec       0x1c ./init_mcu.o
 .text.initMcu  0x00009908       0x94 ./init_mcu.o
                0x00009908                initMcu
 .text.initMcu_clocks
                0x0000999c       0xb0 ./init_mcu.o
 .text.NVIC_EnableIRQ
                0x00009a4c       0x30 ./letimer.o
 .text.LETIMER_IntClear
                0x00009a7c       0x1c ./letimer.o
 .text.LETIMER_IntEnable
                0x00009a98       0x20 ./letimer.o
 .text.LETIMER_IntGet
                0x00009ab8       0x18 ./letimer.o
 .text.LETimer0Setup
                0x00009ad0      0x13c ./letimer.o
                0x00009ad0                LETimer0Setup
 .text.LETIMER0_IRQHandler
                0x00009c0c       0x50 ./letimer.o
                0x00009c0c                LETIMER0_IRQHandler
 .text.gecko_initCoexHAL
                0x00009c5c        0xc ./main.o
 .text.gecko_init
                0x00009c68       0x44 ./main.o
 .text.main     0x00009cac       0x70 ./main.o
                0x00009cac                main
 .text.EMU_EnterEM1
                0x00009d1c       0x20 ./sleep.o
 .text.blockSleepMode
                0x00009d3c       0x2c ./sleep.o
                0x00009d3c                blockSleepMode
 .text.unblockSleepMode
                0x00009d68       0x38 ./sleep.o
                0x00009d68                unblockSleepMode
 .text.sleep    0x00009da0       0x3c ./sleep.o
                0x00009da0                sleep
 .text.BUS_RegMaskedSet
                0x00009ddc       0x24 ./tempsen.o
 .text.GPIO_PinOutSet
                0x00009e00       0x58 ./tempsen.o
 .text.tempsensor
                0x00009e58       0x9c ./tempsen.o
                0x00009e58                tempsensor
 .text.BUS_RegMaskedSet
                0x00009ef4       0x24 ./hardware/kit/common/drivers/mx25flash_spi.o
 .text.BUS_RegMaskedClear
                0x00009f18       0x24 ./hardware/kit/common/drivers/mx25flash_spi.o
 .text.GPIO_PinOutClear
                0x00009f3c       0x58 ./hardware/kit/common/drivers/mx25flash_spi.o
 .text.GPIO_PinOutSet
                0x00009f94       0x58 ./hardware/kit/common/drivers/mx25flash_spi.o
 .text.MX25_init
                0x00009fec       0x98 ./hardware/kit/common/drivers/mx25flash_spi.o
                0x00009fec                MX25_init
 .text.Wait_Flash_WarmUp
                0x0000a084       0x24 ./hardware/kit/common/drivers/mx25flash_spi.o
                0x0000a084                Wait_Flash_WarmUp
 .text.Initial_Spi
                0x0000a0a8        0xc ./hardware/kit/common/drivers/mx25flash_spi.o
                0x0000a0a8                Initial_Spi
 .text.CS_Low   0x0000a0b4       0x10 ./hardware/kit/common/drivers/mx25flash_spi.o
                0x0000a0b4                CS_Low
 .text.CS_High  0x0000a0c4       0x10 ./hardware/kit/common/drivers/mx25flash_spi.o
                0x0000a0c4                CS_High
 .text.InsertDummyCycle
                0x0000a0d4       0x38 ./hardware/kit/common/drivers/mx25flash_spi.o
                0x0000a0d4                InsertDummyCycle
 .text.SendByte
                0x0000a10c       0x3c ./hardware/kit/common/drivers/mx25flash_spi.o
                0x0000a10c                SendByte
 .text.MX25_DP  0x0000a148       0x34 ./hardware/kit/common/drivers/mx25flash_spi.o
                0x0000a148                MX25_DP
 .text.Reset_Handler
                0x0000a17c       0x4c ./platform/Device/SiliconLabs/EFR32BG13P/Source/GCC/startup_efr32bg13p.o
                0x0000a17c                Reset_Handler
 .text.Default_Handler
                0x0000a1c8        0x8 ./platform/Device/SiliconLabs/EFR32BG13P/Source/GCC/startup_efr32bg13p.o
                0x0000a1c8                DebugMon_Handler
                0x0000a1c8                USART0_TX_IRQHandler
                0x0000a1c8                I2C0_IRQHandler
                0x0000a1c8                HardFault_Handler
                0x0000a1c8                SysTick_Handler
                0x0000a1c8                USART1_RX_IRQHandler
                0x0000a1c8                PendSV_Handler
                0x0000a1c8                NMI_Handler
                0x0000a1c8                I2C1_IRQHandler
                0x0000a1c8                WTIMER0_IRQHandler
                0x0000a1c8                CRYPTO0_IRQHandler
                0x0000a1c8                WDOG0_IRQHandler
                0x0000a1c8                USART1_TX_IRQHandler
                0x0000a1c8                SMU_IRQHandler
                0x0000a1c8                MSC_IRQHandler
                0x0000a1c8                ADC0_IRQHandler
                0x0000a1c8                UsageFault_Handler
                0x0000a1c8                WDOG1_IRQHandler
                0x0000a1c8                LEUART0_IRQHandler
                0x0000a1c8                FPUEH_IRQHandler
                0x0000a1c8                GPIO_EVEN_IRQHandler
                0x0000a1c8                VDAC0_IRQHandler
                0x0000a1c8                LDMA_IRQHandler
                0x0000a1c8                CSEN_IRQHandler
                0x0000a1c8                CRYPTO1_IRQHandler
                0x0000a1c8                TIMER0_IRQHandler
                0x0000a1c8                TIMER1_IRQHandler
                0x0000a1c8                TRNG0_IRQHandler
                0x0000a1c8                USART2_RX_IRQHandler
                0x0000a1c8                Default_Handler
                0x0000a1c8                EMU_IRQHandler
                0x0000a1c8                CRYOTIMER_IRQHandler
                0x0000a1c8                PCNT0_IRQHandler
                0x0000a1c8                ACMP0_IRQHandler
                0x0000a1c8                USART0_RX_IRQHandler
                0x0000a1c8                MemManage_Handler
                0x0000a1c8                SVC_Handler
                0x0000a1c8                RTCC_IRQHandler
                0x0000a1c8                CMU_IRQHandler
                0x0000a1c8                LESENSE_IRQHandler
                0x0000a1c8                GPIO_ODD_IRQHandler
                0x0000a1c8                BusFault_Handler
                0x0000a1c8                USART2_TX_IRQHandler
                0x0000a1c8                IDAC0_IRQHandler
 .text.SystemCoreClockGet
                0x0000a1d0       0x44 ./platform/Device/SiliconLabs/EFR32BG13P/Source/system_efr32bg13p.o
                0x0000a1d0                SystemCoreClockGet
 .text.SystemMaxCoreClockGet
                0x0000a214       0x14 ./platform/Device/SiliconLabs/EFR32BG13P/Source/system_efr32bg13p.o
                0x0000a214                SystemMaxCoreClockGet
 .text.SystemHFClockGet
                0x0000a228       0x70 ./platform/Device/SiliconLabs/EFR32BG13P/Source/system_efr32bg13p.o
                0x0000a228                SystemHFClockGet
 .text.SystemHFXOClockGet
                0x0000a298       0x18 ./platform/Device/SiliconLabs/EFR32BG13P/Source/system_efr32bg13p.o
                0x0000a298                SystemHFXOClockGet
 .text.SystemHFXOClockSet
                0x0000a2b0       0x30 ./platform/Device/SiliconLabs/EFR32BG13P/Source/system_efr32bg13p.o
                0x0000a2b0                SystemHFXOClockSet
 .text.SystemInit
                0x0000a2e0       0x20 ./platform/Device/SiliconLabs/EFR32BG13P/Source/system_efr32bg13p.o
                0x0000a2e0                SystemInit
 .text.SystemLFRCOClockGet
                0x0000a300       0x14 ./platform/Device/SiliconLabs/EFR32BG13P/Source/system_efr32bg13p.o
                0x0000a300                SystemLFRCOClockGet
 .text.SystemULFRCOClockGet
                0x0000a314       0x14 ./platform/Device/SiliconLabs/EFR32BG13P/Source/system_efr32bg13p.o
                0x0000a314                SystemULFRCOClockGet
 .text.SystemLFXOClockGet
                0x0000a328       0x18 ./platform/Device/SiliconLabs/EFR32BG13P/Source/system_efr32bg13p.o
                0x0000a328                SystemLFXOClockGet
 .text.SystemLFXOClockSet
                0x0000a340       0x30 ./platform/Device/SiliconLabs/EFR32BG13P/Source/system_efr32bg13p.o
                0x0000a340                SystemLFXOClockSet
 .text.BUS_RegBitWrite
                0x0000a370       0x2c ./platform/emdrv/sleep/src/sleep.o
 .text.EMU_EM2Block
                0x0000a39c       0x14 ./platform/emdrv/sleep/src/sleep.o
 .text.sleepCallbackWrapper
                0x0000a3b0       0x2c ./platform/emdrv/sleep/src/sleep.o
 .text.SLEEP_Init
                0x0000a3dc       0x60 ./platform/emdrv/sleep/src/sleep.o
                0x0000a3dc                SLEEP_Init
 .text.SLEEP_SleepBlockBegin
                0x0000a43c       0x48 ./platform/emdrv/sleep/src/sleep.o
                0x0000a43c                SLEEP_SleepBlockBegin
 .text.BUS_RegBitWrite
                0x0000a484       0x2c ./platform/emlib/src/em_cmu.o
 .text.BUS_RegBitRead
                0x0000a4b0       0x2c ./platform/emlib/src/em_cmu.o
 .text.BUS_RegMaskedSet
                0x0000a4dc       0x24 ./platform/emlib/src/em_cmu.o
 .text.BUS_RegMaskedClear
                0x0000a500       0x24 ./platform/emlib/src/em_cmu.o
 .text.BUS_RegMaskedWrite
                0x0000a524       0x24 ./platform/emlib/src/em_cmu.o
 .text.CMU_Log2ToDiv
                0x0000a548       0x1c ./platform/emlib/src/em_cmu.o
 .text.CMU_PrescToLog2
                0x0000a564       0x28 ./platform/emlib/src/em_cmu.o
 .text.EMU_VScaleWait
                0x0000a58c       0x1c ./platform/emlib/src/em_cmu.o
 .text.EMU_VScaleGet
                0x0000a5a8       0x1c ./platform/emlib/src/em_cmu.o
 .text.setHfLeConfig
                0x0000a5c4       0x64 ./platform/emlib/src/em_cmu.o
 .text.auxClkGet
                0x0000a628       0x20 ./platform/emlib/src/em_cmu.o
 .text.hfSrcClkGet
                0x0000a648       0x2c ./platform/emlib/src/em_cmu.o
 .text.dbgClkGet
                0x0000a674       0x40 ./platform/emlib/src/em_cmu.o
 .text.adcAsyncClkGet
                0x0000a6b4       0x80 ./platform/emlib/src/em_cmu.o
 .text.flashWaitStateControl
                0x0000a734       0x88 ./platform/emlib/src/em_cmu.o
 .text.flashWaitStateMax
                0x0000a7bc       0x40 ./platform/emlib/src/em_cmu.o
 .text.CMU_UpdateWaitStates
                0x0000a7fc       0x40 ./platform/emlib/src/em_cmu.o
                0x0000a7fc                CMU_UpdateWaitStates
 .text.getRegIshUpperVal
                0x0000a83c       0x38 ./platform/emlib/src/em_cmu.o
 .text.getHfxoTuningMode
                0x0000a874       0x1c ./platform/emlib/src/em_cmu.o
 .text.setHfxoTuningMode
                0x0000a890       0x28 ./platform/emlib/src/em_cmu.o
 .text.lfClkGet
                0x0000a8b8       0xf4 ./platform/emlib/src/em_cmu.o
 .text.syncReg  0x0000a9ac       0x38 ./platform/emlib/src/em_cmu.o
 .text.hfperClkSafePrescaler
                0x0000a9e4        0xc ./platform/emlib/src/em_cmu.o
 .text.hfperClkOptimizedPrescaler
                0x0000a9f0        0xc ./platform/emlib/src/em_cmu.o
 .text.CMU_ClockDivSet
                0x0000a9fc       0x1c ./platform/emlib/src/em_cmu.o
                0x0000a9fc                CMU_ClockDivSet
 .text.CMU_ClockEnable
                0x0000aa18       0xcc ./platform/emlib/src/em_cmu.o
                0x0000aa18                CMU_ClockEnable
 .text.CMU_ClockFreqGet
                0x0000aae4      0x1f8 ./platform/emlib/src/em_cmu.o
                0x0000aae4                CMU_ClockFreqGet
 .text.CMU_ClockPrescSet
                0x0000acdc      0x270 ./platform/emlib/src/em_cmu.o
                0x0000acdc                CMU_ClockPrescSet
 .text.CMU_ClockSelectGet
                0x0000af4c      0x19c ./platform/emlib/src/em_cmu.o
                0x0000af4c                CMU_ClockSelectGet
 .text.CMU_ClockSelectSet
                0x0000b0e8      0x2d4 ./platform/emlib/src/em_cmu.o
                0x0000b0e8                CMU_ClockSelectSet
 .text.CMU_HFRCOBandGet
                0x0000b3bc       0x18 ./platform/emlib/src/em_cmu.o
                0x0000b3bc                CMU_HFRCOBandGet
 .text.CMU_HFXOAutostartEnable
                0x0000b3d4       0x8c ./platform/emlib/src/em_cmu.o
                0x0000b3d4                CMU_HFXOAutostartEnable
 .text.CMU_HFXOInit
                0x0000b460       0xe4 ./platform/emlib/src/em_cmu.o
                0x0000b460                CMU_HFXOInit
 .text.CMU_LFXOInit
                0x0000b544       0x50 ./platform/emlib/src/em_cmu.o
                0x0000b544                CMU_LFXOInit
 .text.CMU_OscillatorEnable
                0x0000b594      0x17c ./platform/emlib/src/em_cmu.o
                0x0000b594                CMU_OscillatorEnable
 .text.CMU_OscillatorTuningGet
                0x0000b710       0x74 ./platform/emlib/src/em_cmu.o
                0x0000b710                CMU_OscillatorTuningGet
 .text.CMU_OscillatorTuningSet
                0x0000b784      0x100 ./platform/emlib/src/em_cmu.o
                0x0000b784                CMU_OscillatorTuningSet
 .text.CMU_OscillatorTuningWait
                0x0000b884       0x94 ./platform/emlib/src/em_cmu.o
                0x0000b884                CMU_OscillatorTuningWait
 .text.CMU_OscillatorTuningOptimize
                0x0000b918       0x58 ./platform/emlib/src/em_cmu.o
                0x0000b918                CMU_OscillatorTuningOptimize
 .text.CORE_EnterCritical
                0x0000b970       0x20 ./platform/emlib/src/em_core.o
                0x0000b970                CORE_EnterCritical
 .text.CORE_ExitCritical
                0x0000b990       0x1c ./platform/emlib/src/em_core.o
                0x0000b990                CORE_ExitCritical
 .text.CORE_AtomicDisableIrq
                0x0000b9ac       0x10 ./platform/emlib/src/em_core.o
                0x0000b9ac                CORE_AtomicDisableIrq
 .text.CORE_AtomicEnableIrq
                0x0000b9bc       0x10 ./platform/emlib/src/em_core.o
                0x0000b9bc                CORE_AtomicEnableIrq
 .text.CORE_EnterAtomic
                0x0000b9cc       0x20 ./platform/emlib/src/em_core.o
                0x0000b9cc                CORE_EnterAtomic
 .text.CORE_ExitAtomic
                0x0000b9ec       0x1c ./platform/emlib/src/em_core.o
                0x0000b9ec                CORE_ExitAtomic
 .text.CORE_SetNvicRamTableHandler
                0x0000ba08       0x44 ./platform/emlib/src/em_core.o
                0x0000ba08                CORE_SetNvicRamTableHandler
 .text.CORE_InitNvicVectorTable
                0x0000ba4c       0xc8 ./platform/emlib/src/em_core.o
                0x0000ba4c                CORE_InitNvicVectorTable
 .text.CRYPTO_BurstFromCrypto
                0x0000bb14       0x40 ./platform/emlib/src/em_crypto.o
 .text.CRYPTO_ModulusSet
                0x0000bb54       0x88 ./platform/emlib/src/em_crypto.o
                0x0000bb54                CRYPTO_ModulusSet
 .text.CRYPTO_KeyRead
                0x0000bbdc       0x38 ./platform/emlib/src/em_crypto.o
                0x0000bbdc                CRYPTO_KeyRead
 .text.SystemCoreClockUpdate
                0x0000bc14        0xc ./platform/emlib/src/em_emu.o
 .text.BUS_RegBitWrite
                0x0000bc20       0x2c ./platform/emlib/src/em_emu.o
 .text.BUS_RegBitRead
                0x0000bc4c       0x2c ./platform/emlib/src/em_emu.o
 .text.EMU_VScaleWait
                0x0000bc78       0x1c ./platform/emlib/src/em_emu.o
 .text.EMU_VScaleGet
                0x0000bc94       0x1c ./platform/emlib/src/em_emu.o
 .text.EMU_IntClear
                0x0000bcb0       0x1c ./platform/emlib/src/em_emu.o
 .text.EMU_IntGet
                0x0000bccc       0x18 ./platform/emlib/src/em_emu.o
 .text.CMU_Lock
                0x0000bce4       0x18 ./platform/emlib/src/em_emu.o
 .text.CMU_Unlock
                0x0000bcfc       0x1c ./platform/emlib/src/em_emu.o
 .text.vScaleEM01Cmd
                0x0000bd18       0x24 ./platform/emlib/src/em_emu.o
 .text.emState  0x0000bd3c      0x14c ./platform/emlib/src/em_emu.o
 .text.vScaleDownEM23Setup
                0x0000be88       0x50 ./platform/emlib/src/em_emu.o
 .text.vScaleAfterWakeup
                0x0000bed8       0x44 ./platform/emlib/src/em_emu.o
 .text.EMU_EnterEM2
                0x0000bf1c       0x48 ./platform/emlib/src/em_emu.o
                0x0000bf1c                EMU_EnterEM2
 .text.EMU_EnterEM3
                0x0000bf64       0x70 ./platform/emlib/src/em_emu.o
                0x0000bf64                EMU_EnterEM3
 .text.EMU_VScaleEM01ByClock
                0x0000bfd4       0x70 ./platform/emlib/src/em_emu.o
                0x0000bfd4                EMU_VScaleEM01ByClock
 .text.EMU_VScaleEM01
                0x0000c044       0x84 ./platform/emlib/src/em_emu.o
                0x0000c044                EMU_VScaleEM01
 .text.EMU_EM01Init
                0x0000c0c8       0x24 ./platform/emlib/src/em_emu.o
                0x0000c0c8                EMU_EM01Init
 .text.EMU_EM23Init
                0x0000c0ec       0x2c ./platform/emlib/src/em_emu.o
                0x0000c0ec                EMU_EM23Init
 .text.dcdcConstCalibrationLoad
                0x0000c118       0x10 ./platform/emlib/src/em_emu.o
 .text.dcdcValidatedConfigSet
                0x0000c128       0x40 ./platform/emlib/src/em_emu.o
 .text.currentLimitersUpdate
                0x0000c168       0xe4 ./platform/emlib/src/em_emu.o
 .text.userCurrentLimitsSet
                0x0000c24c       0x2c ./platform/emlib/src/em_emu.o
 .text.compCtrlSet
                0x0000c278       0x3c ./platform/emlib/src/em_emu.o
 .text.lpCmpHystCalibrationLoad
                0x0000c2b4       0xd4 ./platform/emlib/src/em_emu.o
 .text.lpGetDevinfoVrefLowHigh
                0x0000c388      0x164 ./platform/emlib/src/em_emu.o
 .text.EMU_DCDCModeSet
                0x0000c4ec       0xf0 ./platform/emlib/src/em_emu.o
                0x0000c4ec                EMU_DCDCModeSet
 .text.EMU_DCDCInit
                0x0000c5dc      0x120 ./platform/emlib/src/em_emu.o
                0x0000c5dc                EMU_DCDCInit
 .text.EMU_DCDCOutputVoltageSet
                0x0000c6fc      0x2cc ./platform/emlib/src/em_emu.o
                0x0000c6fc                EMU_DCDCOutputVoltageSet
 .text.EMU_DCDCOptimizeSlice
                0x0000c9c8       0xd8 ./platform/emlib/src/em_emu.o
                0x0000c9c8                EMU_DCDCOptimizeSlice
 .text.EMU_DCDCLnRcoBandSet
                0x0000caa0       0x54 ./platform/emlib/src/em_emu.o
                0x0000caa0                EMU_DCDCLnRcoBandSet
 .text.BUS_RegMaskedSet
                0x0000caf4       0x24 ./platform/emlib/src/em_gpio.o
 .text.BUS_RegMaskedClear
                0x0000cb18       0x24 ./platform/emlib/src/em_gpio.o
 .text.BUS_RegMaskedWrite
                0x0000cb3c       0x24 ./platform/emlib/src/em_gpio.o
 .text.GPIO_PinOutClear
                0x0000cb60       0x58 ./platform/emlib/src/em_gpio.o
 .text.GPIO_PinOutSet
                0x0000cbb8       0x58 ./platform/emlib/src/em_gpio.o
 .text.GPIO_DriveStrengthSet
                0x0000cc10       0x60 ./platform/emlib/src/em_gpio.o
                0x0000cc10                GPIO_DriveStrengthSet
 .text.GPIO_PinModeSet
                0x0000cc70      0x10c ./platform/emlib/src/em_gpio.o
                0x0000cc70                GPIO_PinModeSet
 .text.BUS_RegBitWrite
                0x0000cd7c       0x2c ./platform/emlib/src/em_i2c.o
 .text.BUS_RegMaskedSet
                0x0000cda8       0x24 ./platform/emlib/src/em_i2c.o
 .text.BUS_RegMaskedClear
                0x0000cdcc       0x24 ./platform/emlib/src/em_i2c.o
 .text.BUS_RegMaskedWrite
                0x0000cdf0       0x24 ./platform/emlib/src/em_i2c.o
 .text.I2C_BusFreqSet
                0x0000ce14       0xf8 ./platform/emlib/src/em_i2c.o
                0x0000ce14                I2C_BusFreqSet
 .text.I2C_Enable
                0x0000cf0c       0x3c ./platform/emlib/src/em_i2c.o
                0x0000cf0c                I2C_Enable
 .text.I2C_Init
                0x0000cf48       0x78 ./platform/emlib/src/em_i2c.o
                0x0000cf48                I2C_Init
 .text.LETIMER_CompareSet
                0x0000cfc0       0x58 ./platform/emlib/src/em_letimer.o
                0x0000cfc0                LETIMER_CompareSet
 .text.LETIMER_Enable
                0x0000d018       0x2c ./platform/emlib/src/em_letimer.o
                0x0000d018                LETIMER_Enable
 .text.LETIMER_Init
                0x0000d044       0xd0 ./platform/emlib/src/em_letimer.o
                0x0000d044                LETIMER_Init
 .text.MSC_Init
                0x0000d114       0x30 ./platform/emlib/src/em_msc.o
                0x0000d114                MSC_Init
 .text.MSC_Deinit
                0x0000d144       0x24 ./platform/emlib/src/em_msc.o
                0x0000d144                MSC_Deinit
 .text.RMU_ResetCauseClear
                0x0000d168       0x18 ./platform/emlib/src/em_rmu.o
                0x0000d168                RMU_ResetCauseClear
 .text.RMU_ResetCauseGet
                0x0000d180       0xb0 ./platform/emlib/src/em_rmu.o
                0x0000d180                RMU_ResetCauseGet
 .text.RTCC_Init
                0x0000d230       0x94 ./platform/emlib/src/em_rtcc.o
                0x0000d230                RTCC_Init
 .text.SYSTEM_ChipRevisionGet
                0x0000d2c4       0x78 ./platform/emlib/src/em_system.o
                0x0000d2c4                SYSTEM_ChipRevisionGet
 .text.USART_BaudrateSyncSet
                0x0000d33c       0x40 ./platform/emlib/src/em_usart.o
                0x0000d33c                USART_BaudrateSyncSet
 .text.USART_InitSync
                0x0000d37c       0xfc ./platform/emlib/src/em_usart.o
                0x0000d37c                USART_InitSync
 .text.USART_Reset
                0x0000d478       0xb0 ./platform/emlib/src/em_usart.o
                0x0000d478                USART_Reset
 .text.USART_SpiTransfer
                0x0000d528       0x40 ./platform/emlib/src/em_usart.o
                0x0000d528                USART_SpiTransfer
 .text.eventDefault
                0x0000d568        0x2 C:\SiliconLabs\SimplicityStudio\v4_workspace4\assign3\I2CProject\platform\radio\rail_lib\autogen\librail_release\librail_efr32xg13_gcc_release.a(rail_rf_hal.o)
 *fill*         0x0000d56a        0x2 
 .text.RFHAL_NotifyUserOfIrCal
                0x0000d56c       0x78 C:\SiliconLabs\SimplicityStudio\v4_workspace4\assign3\I2CProject\platform\radio\rail_lib\autogen\librail_release\librail_efr32xg13_gcc_release.a(rail_rf_hal.o)
 *fill*         0x0000d5e4        0x4 
 .text.GENERIC_PHY_EventCallback
                0x0000d5e8      0x194 C:\SiliconLabs\SimplicityStudio\v4_workspace4\assign3\I2CProject\platform\radio\rail_lib\autogen\librail_release\librail_efr32xg13_gcc_release.a(rail_rf_hal.o)
                0x0000d5e8                GENERIC_PHY_EventCallback
 .text.RFHAL_IntEnable
                0x0000d77c       0x58 C:\SiliconLabs\SimplicityStudio\v4_workspace4\assign3\I2CProject\platform\radio\rail_lib\autogen\librail_release\librail_efr32xg13_gcc_release.a(rail_rf_hal.o)
                0x0000d77c                RFHAL_IntEnable
 .text.RFHAL_SetEventCallback
                0x0000d7d4       0x18 C:\SiliconLabs\SimplicityStudio\v4_workspace4\assign3\I2CProject\platform\radio\rail_lib\autogen\librail_release\librail_efr32xg13_gcc_release.a(rail_rf_hal.o)
                0x0000d7d4                RFHAL_SetEventCallback
 .text.RFHAL_SetPtiProtocol
                0x0000d7ec       0x20 C:\SiliconLabs\SimplicityStudio\v4_workspace4\assign3\I2CProject\platform\radio\rail_lib\autogen\librail_release\librail_efr32xg13_gcc_release.a(rail_rf_hal.o)
                0x0000d7ec                RFHAL_SetPtiProtocol
 .text.RFHAL_Idle
                0x0000d80c       0x2a C:\SiliconLabs\SimplicityStudio\v4_workspace4\assign3\I2CProject\platform\radio\rail_lib\autogen\librail_release\librail_efr32xg13_gcc_release.a(rail_rf_hal.o)
                0x0000d80c                RFHAL_Idle
 *fill*         0x0000d836        0x2 
 .text.RFHAL_GetRadioState
                0x0000d838       0x48 C:\SiliconLabs\SimplicityStudio\v4_workspace4\assign3\I2CProject\platform\radio\rail_lib\autogen\librail_release\librail_efr32xg13_gcc_release.a(rail_rf_hal.o)
                0x0000d838                RFHAL_GetRadioState
 .text.RFHAL_OkToTransmit
                0x0000d880       0x18 C:\SiliconLabs\SimplicityStudio\v4_workspace4\assign3\I2CProject\platform\radio\rail_lib\autogen\librail_release\librail_efr32xg13_gcc_release.a(rail_rf_hal.o)
                0x0000d880                RFHAL_OkToTransmit
 .text.RFHAL_ScheduleRx
                0x0000d898       0x5a C:\SiliconLabs\SimplicityStudio\v4_workspace4\assign3\I2CProject\platform\radio\rail_lib\autogen\librail_release\librail_efr32xg13_gcc_release.a(rail_rf_hal.o)
                0x0000d898                RFHAL_ScheduleRx
 *fill*         0x0000d8f2        0x2 
 .text.RFHAL_EnableRxRawCapture
                0x0000d8f4       0x58 C:\SiliconLabs\SimplicityStudio\v4_workspace4\assign3\I2CProject\platform\radio\rail_lib\autogen\librail_release\librail_efr32xg13_gcc_release.a(rail_rf_hal.o)
                0x0000d8f4                RFHAL_EnableRxRawCapture
 .text.RFHAL_DisableRxRawCapture
                0x0000d94c       0x50 C:\SiliconLabs\SimplicityStudio\v4_workspace4\assign3\I2CProject\platform\radio\rail_lib\autogen\librail_release\librail_efr32xg13_gcc_release.a(rail_rf_hal.o)
                0x0000d94c                RFHAL_DisableRxRawCapture
 .text.RFHAL_AcceptCrcErrors
                0x0000d99c       0x18 C:\SiliconLabs\SimplicityStudio\v4_workspace4\assign3\I2CProject\platform\radio\rail_lib\autogen\librail_release\librail_efr32xg13_gcc_release.a(rail_rf_hal.o)
                0x0000d99c                RFHAL_AcceptCrcErrors
 .text.RFHAL_ConfigRxOptions
                0x0000d9b4      0x124 C:\SiliconLabs\SimplicityStudio\v4_workspace4\assign3\I2CProject\platform\radio\rail_lib\autogen\librail_release\librail_efr32xg13_gcc_release.a(rail_rf_hal.o)
                0x0000d9b4                RFHAL_ConfigRxOptions
 .text.RFHAL_GetTimer
                0x0000dad8        0xc C:\SiliconLabs\SimplicityStudio\v4_workspace4\assign3\I2CProject\platform\radio\rail_lib\autogen\librail_release\librail_efr32xg13_gcc_release.a(rail_rf_hal.o)
                0x0000dad8                RFHAL_GetTimer
 .text.RFHAL_CancelTimer
                0x0000dae4       0x28 C:\SiliconLabs\SimplicityStudio\v4_workspace4\assign3\I2CProject\platform\radio\rail_lib\autogen\librail_release\librail_efr32xg13_gcc_release.a(rail_rf_hal.o)
                0x0000dae4                RFHAL_CancelTimer
 .text.RFHAL_SetTimer
                0x0000db0c       0x7c C:\SiliconLabs\SimplicityStudio\v4_workspace4\assign3\I2CProject\platform\radio\rail_lib\autogen\librail_release\librail_efr32xg13_gcc_release.a(rail_rf_hal.o)
                0x0000db0c                RFHAL_SetTimer
 .text.RFHAL_IsTimerExpired
                0x0000db88       0x1c C:\SiliconLabs\SimplicityStudio\v4_workspace4\assign3\I2CProject\platform\radio\rail_lib\autogen\librail_release\librail_efr32xg13_gcc_release.a(rail_rf_hal.o)
                0x0000db88                RFHAL_IsTimerExpired
 .text.RFHAL_IsTimerRunning
                0x0000dba4        0x6 C:\SiliconLabs\SimplicityStudio\v4_workspace4\assign3\I2CProject\platform\radio\rail_lib\autogen\librail_release\librail_efr32xg13_gcc_release.a(rail_rf_hal.o)
                0x0000dba4                RFHAL_IsTimerRunning
 *fill*         0x0000dbaa        0x2 
 .text.RFHAL_CalcBitRate
                0x0000dbac        0xc C:\SiliconLabs\SimplicityStudio\v4_workspace4\assign3\I2CProject\platform\radio\rail_lib\autogen\librail_release\librail_efr32xg13_gcc_release.a(rail_rf_hal.o)
                0x0000dbac                RFHAL_CalcBitRate
 .text.RFHAL_GetBitRate
                0x0000dbb8       0x22 C:\SiliconLabs\SimplicityStudio\v4_workspace4\assign3\I2CProject\platform\radio\rail_lib\autogen\librail_release\librail_efr32xg13_gcc_release.a(rail_rf_hal.o)
                0x0000dbb8                RFHAL_GetBitRate
 *fill*         0x0000dbda        0x2 
 .text.RFHAL_SetTxTransitions
                0x0000dbdc       0x1c C:\SiliconLabs\SimplicityStudio\v4_workspace4\assign3\I2CProject\platform\radio\rail_lib\autogen\librail_release\librail_efr32xg13_gcc_release.a(rail_rf_hal.o)
                0x0000dbdc                RFHAL_SetTxTransitions
 .text.RFHAL_SetRxTransitions
                0x0000dbf8       0x1c C:\SiliconLabs\SimplicityStudio\v4_workspace4\assign3\I2CProject\platform\radio\rail_lib\autogen\librail_release\librail_efr32xg13_gcc_release.a(rail_rf_hal.o)
                0x0000dbf8                RFHAL_SetRxTransitions
 .text.RFHAL_SetCRCInitVal
                0x0000dc14        0x4 C:\SiliconLabs\SimplicityStudio\v4_workspace4\assign3\I2CProject\platform\radio\rail_lib\autogen\librail_release\librail_efr32xg13_gcc_release.a(rail_rf_hal.o)
                0x0000dc14                RFHAL_SetCRCInitVal
 .text.RFHAL_ConfigTxPower
                0x0000dc18        0xc C:\SiliconLabs\SimplicityStudio\v4_workspace4\assign3\I2CProject\platform\radio\rail_lib\autogen\librail_release\librail_efr32xg13_gcc_release.a(rail_rf_hal.o)
                0x0000dc18                RFHAL_ConfigTxPower
 .text.RFHAL_SetTxPowerUnchecked
                0x0000dc24       0x18 C:\SiliconLabs\SimplicityStudio\v4_workspace4\assign3\I2CProject\platform\radio\rail_lib\autogen\librail_release\librail_efr32xg13_gcc_release.a(rail_rf_hal.o)
                0x0000dc24                RFHAL_SetTxPowerUnchecked
 .text.RFHAL_SetTxPower
                0x0000dc3c       0x40 C:\SiliconLabs\SimplicityStudio\v4_workspace4\assign3\I2CProject\platform\radio\rail_lib\autogen\librail_release\librail_efr32xg13_gcc_release.a(rail_rf_hal.o)
                0x0000dc3c                RFHAL_SetTxPower
 .text.RFHAL_GetTxPowerConfig
                0x0000dc7c        0xc C:\SiliconLabs\SimplicityStudio\v4_workspace4\assign3\I2CProject\platform\radio\rail_lib\autogen\librail_release\librail_efr32xg13_gcc_release.a(rail_rf_hal.o)
                0x0000dc7c                RFHAL_GetTxPowerConfig
 .text.RFHAL_GetTxPower
                0x0000dc88        0x4 C:\SiliconLabs\SimplicityStudio\v4_workspace4\assign3\I2CProject\platform\radio\rail_lib\autogen\librail_release\librail_efr32xg13_gcc_release.a(rail_rf_hal.o)
                0x0000dc88                RFHAL_GetTxPower
 .text.RFHAL_SetChannel
                0x0000dc8c       0xc4 C:\SiliconLabs\SimplicityStudio\v4_workspace4\assign3\I2CProject\platform\radio\rail_lib\autogen\librail_release\librail_efr32xg13_gcc_release.a(rail_rf_hal.o)
                0x0000dc8c                RFHAL_SetChannel
 .text.RFHAL_IsAutoAckEnabled
                0x0000dd50        0x6 C:\SiliconLabs\SimplicityStudio\v4_workspace4\assign3\I2CProject\platform\radio\rail_lib\autogen\librail_release\librail_efr32xg13_gcc_release.a(rail_rf_hal.o)
                0x0000dd50                RFHAL_IsAutoAckEnabled
 *fill*         0x0000dd56        0x2 
 .text.RFHAL_AutoAckWaitForAck
                0x0000dd58       0x18 C:\SiliconLabs\SimplicityStudio\v4_workspace4\assign3\I2CProject\platform\radio\rail_lib\autogen\librail_release\librail_efr32xg13_gcc_release.a(rail_rf_hal.o)
                0x0000dd58                RFHAL_AutoAckWaitForAck
 .text.preTxOps
                0x0000dd70       0xf4 C:\SiliconLabs\SimplicityStudio\v4_workspace4\assign3\I2CProject\platform\radio\rail_lib\autogen\librail_release\librail_efr32xg13_gcc_release.a(rail_rf_hal.o)
 .text.RFHAL_StartTx
                0x0000de64       0x12 C:\SiliconLabs\SimplicityStudio\v4_workspace4\assign3\I2CProject\platform\radio\rail_lib\autogen\librail_release\librail_efr32xg13_gcc_release.a(rail_rf_hal.o)
                0x0000de64                RFHAL_StartTx
 .text.RFHAL_StartScheduledTx
                0x0000de76       0x3c C:\SiliconLabs\SimplicityStudio\v4_workspace4\assign3\I2CProject\platform\radio\rail_lib\autogen\librail_release\librail_efr32xg13_gcc_release.a(rail_rf_hal.o)
                0x0000de76                RFHAL_StartScheduledTx
 *fill*         0x0000deb2        0x2 
 .text.RFHAL_GetRxPacketInfo
                0x0000deb4       0x48 C:\SiliconLabs\SimplicityStudio\v4_workspace4\assign3\I2CProject\platform\radio\rail_lib\autogen\librail_release\librail_efr32xg13_gcc_release.a(rail_rf_hal.o)
                0x0000deb4                RFHAL_GetRxPacketInfo
 .text.RFHAL_GetRxPacketDetailsAlt
                0x0000defc       0x98 C:\SiliconLabs\SimplicityStudio\v4_workspace4\assign3\I2CProject\platform\radio\rail_lib\autogen\librail_release\librail_efr32xg13_gcc_release.a(rail_rf_hal.o)
                0x0000defc                RFHAL_GetRxPacketDetailsAlt
 .text.RFHAL_GetRxPacketDetails
                0x0000df94       0x22 C:\SiliconLabs\SimplicityStudio\v4_workspace4\assign3\I2CProject\platform\radio\rail_lib\autogen\librail_release\librail_efr32xg13_gcc_release.a(rail_rf_hal.o)
                0x0000df94                RFHAL_GetRxPacketDetails
 .text.RFHAL_SetTxBuffer
                0x0000dfb6       0x34 C:\SiliconLabs\SimplicityStudio\v4_workspace4\assign3\I2CProject\platform\radio\rail_lib\autogen\librail_release\librail_efr32xg13_gcc_release.a(rail_rf_hal.o)
                0x0000dfb6                RFHAL_SetTxBuffer
 .text.RFHAL_SetRxBuffer
                0x0000dfea       0x2c C:\SiliconLabs\SimplicityStudio\v4_workspace4\assign3\I2CProject\platform\radio\rail_lib\autogen\librail_release\librail_efr32xg13_gcc_release.a(rail_rf_hal.o)
                0x0000dfea                RFHAL_SetRxBuffer
 *fill*         0x0000e016        0x2 
 .text.RFHAL_ResetTxFifo
                0x0000e018       0x2c C:\SiliconLabs\SimplicityStudio\v4_workspace4\assign3\I2CProject\platform\radio\rail_lib\autogen\librail_release\librail_efr32xg13_gcc_release.a(rail_rf_hal.o)
                0x0000e018                RFHAL_ResetTxFifo
 .text.RFHAL_WriteTxFifo
                0x0000e044       0x4c C:\SiliconLabs\SimplicityStudio\v4_workspace4\assign3\I2CProject\platform\radio\rail_lib\autogen\librail_release\librail_efr32xg13_gcc_release.a(rail_rf_hal.o)
                0x0000e044                RFHAL_WriteTxFifo
 .text.RFHAL_ResetRxFifo
                0x0000e090       0x40 C:\SiliconLabs\SimplicityStudio\v4_workspace4\assign3\I2CProject\platform\radio\rail_lib\autogen\librail_release\librail_efr32xg13_gcc_release.a(rail_rf_hal.o)
                0x0000e090                RFHAL_ResetRxFifo
 .text.RFHAL_ConfigData
                0x0000e0d0       0x7c C:\SiliconLabs\SimplicityStudio\v4_workspace4\assign3\I2CProject\platform\radio\rail_lib\autogen\librail_release\librail_efr32xg13_gcc_release.a(rail_rf_hal.o)
                0x0000e0d0                RFHAL_ConfigData
 .text.RFHAL_SetAbortScheduledTxDuringRx
                0x0000e14c       0x18 C:\SiliconLabs\SimplicityStudio\v4_workspace4\assign3\I2CProject\platform\radio\rail_lib\autogen\librail_release\librail_efr32xg13_gcc_release.a(rail_rf_hal.o)
                0x0000e14c                RFHAL_SetAbortScheduledTxDuringRx
 .text.RFHAL_ConfigRadio
                0x0000e164       0xac C:\SiliconLabs\SimplicityStudio\v4_workspace4\assign3\I2CProject\platform\radio\rail_lib\autogen\librail_release\librail_efr32xg13_gcc_release.a(rail_rf_hal.o)
                0x0000e164                RFHAL_ConfigRadio
 .text.RFHAL_ConfigFrameTypeLength
                0x0000e210       0x70 C:\SiliconLabs\SimplicityStudio\v4_workspace4\assign3\I2CProject\platform\radio\rail_lib\autogen\librail_release\librail_efr32xg13_gcc_release.a(rail_rf_hal.o)
                0x0000e210                RFHAL_ConfigFrameTypeLength
 .text.RFHAL_GetTime
                0x0000e280        0x4 C:\SiliconLabs\SimplicityStudio\v4_workspace4\assign3\I2CProject\platform\radio\rail_lib\autogen\librail_release\librail_efr32xg13_gcc_release.a(rail_rf_hal.o)
                0x0000e280                RFHAL_GetTime
 .text.RFHAL_ResetAddressFilter
                0x0000e284       0x10 C:\SiliconLabs\SimplicityStudio\v4_workspace4\assign3\I2CProject\platform\radio\rail_lib\autogen\librail_release\librail_efr32xg13_gcc_release.a(rail_rf_hal.o)
                0x0000e284                RFHAL_ResetAddressFilter
 .text.RFHAL_Init
                0x0000e294       0xa8 C:\SiliconLabs\SimplicityStudio\v4_workspace4\assign3\I2CProject\platform\radio\rail_lib\autogen\librail_release\librail_efr32xg13_gcc_release.a(rail_rf_hal.o)
                0x0000e294                RFHAL_Init
 .text.RFHAL_GetRadioEntropy
                0x0000e33c        0x4 C:\SiliconLabs\SimplicityStudio\v4_workspace4\assign3\I2CProject\platform\radio\rail_lib\autogen\librail_release\librail_efr32xg13_gcc_release.a(rail_rf_hal.o)
                0x0000e33c                RFHAL_GetRadioEntropy
 .text.RFHAL_SetStateTiming
                0x0000e340       0x56 C:\SiliconLabs\SimplicityStudio\v4_workspace4\assign3\I2CProject\platform\radio\rail_lib\autogen\librail_release\librail_efr32xg13_gcc_release.a(rail_rf_hal.o)
                0x0000e340                RFHAL_SetStateTiming
 .text.RFHAL_IEEE802154IsEnabled
                0x0000e396        0x6 C:\SiliconLabs\SimplicityStudio\v4_workspace4\assign3\I2CProject\platform\radio\rail_lib\autogen\librail_release\librail_efr32xg13_gcc_release.a(rail_ieee802154_rf_hal.o)
                0x0000e396                RFHAL_IEEE802154IsEnabled
 .text.RFHAL_ConfigBle2MbpsViterbi
                0x0000e39c       0x28 C:\SiliconLabs\SimplicityStudio\v4_workspace4\assign3\I2CProject\platform\radio\rail_lib\autogen\librail_release\librail_efr32xg13_gcc_release.a(rail_ble_rf_hal.o)
                0x0000e39c                RFHAL_ConfigBle2MbpsViterbi
 .text.RFHAL_ConfigBle1MbpsViterbi
                0x0000e3c4       0x28 C:\SiliconLabs\SimplicityStudio\v4_workspace4\assign3\I2CProject\platform\radio\rail_lib\autogen\librail_release\librail_efr32xg13_gcc_release.a(rail_ble_rf_hal.o)
                0x0000e3c4                RFHAL_ConfigBle1MbpsViterbi
 .text.RFHAL_ConfigBleCoded
                0x0000e3ec       0x34 C:\SiliconLabs\SimplicityStudio\v4_workspace4\assign3\I2CProject\platform\radio\rail_lib\autogen\librail_release\librail_efr32xg13_gcc_release.a(rail_ble_rf_hal.o)
                0x0000e3ec                RFHAL_ConfigBleCoded
 .text.RFHAL_BleReinit
                0x0000e420       0x1c C:\SiliconLabs\SimplicityStudio\v4_workspace4\assign3\I2CProject\platform\radio\rail_lib\autogen\librail_release\librail_efr32xg13_gcc_release.a(rail_ble_rf_hal.o)
                0x0000e420                RFHAL_BleReinit
 .text.RFHAL_BleInit
                0x0000e43c       0x12 C:\SiliconLabs\SimplicityStudio\v4_workspace4\assign3\I2CProject\platform\radio\rail_lib\autogen\librail_release\librail_efr32xg13_gcc_release.a(rail_ble_rf_hal.o)
                0x0000e43c                RFHAL_BleInit
 *fill*         0x0000e44e        0x2 
 .text.RFHAL_IsBleLongRangeEnabled
                0x0000e450       0x18 C:\SiliconLabs\SimplicityStudio\v4_workspace4\assign3\I2CProject\platform\radio\rail_lib\autogen\librail_release\librail_efr32xg13_gcc_release.a(rail_ble_rf_hal.o)
                0x0000e450                RFHAL_IsBleLongRangeEnabled
 .text.RFHAL_BLEPreambleSyncWordSet
                0x0000e468       0x44 C:\SiliconLabs\SimplicityStudio\v4_workspace4\assign3\I2CProject\platform\radio\rail_lib\autogen\librail_release\librail_efr32xg13_gcc_release.a(rail_ble_rf_hal.o)
                0x0000e468                RFHAL_BLEPreambleSyncWordSet
 .text.RFHAL_BLEWhiteningSet
                0x0000e4ac       0x68 C:\SiliconLabs\SimplicityStudio\v4_workspace4\assign3\I2CProject\platform\radio\rail_lib\autogen\librail_release\librail_efr32xg13_gcc_release.a(rail_ble_rf_hal.o)
                0x0000e4ac                RFHAL_BLEWhiteningSet
 .text.setMultiTimer
                0x0000e514        0x4 C:\SiliconLabs\SimplicityStudio\v4_workspace4\assign3\I2CProject\platform\radio\rail_lib\autogen\librail_release\librail_efr32xg13_gcc_release.a(rail_singleprotocol.o)
 .text.cancelMultiTimer
                0x0000e518        0x4 C:\SiliconLabs\SimplicityStudio\v4_workspace4\assign3\I2CProject\platform\radio\rail_lib\autogen\librail_release\librail_efr32xg13_gcc_release.a(rail_singleprotocol.o)
 .text.isMultiTimerExpired
                0x0000e51c        0x4 C:\SiliconLabs\SimplicityStudio\v4_workspace4\assign3\I2CProject\platform\radio\rail_lib\autogen\librail_release\librail_efr32xg13_gcc_release.a(rail_singleprotocol.o)
 .text.getMultiTimer
                0x0000e520        0x4 C:\SiliconLabs\SimplicityStudio\v4_workspace4\assign3\I2CProject\platform\radio\rail_lib\autogen\librail_release\librail_efr32xg13_gcc_release.a(rail_singleprotocol.o)
 .text.getActiveTimerCb
                0x0000e524       0x18 C:\SiliconLabs\SimplicityStudio\v4_workspace4\assign3\I2CProject\platform\radio\rail_lib\autogen\librail_release\librail_efr32xg13_gcc_release.a(rail_singleprotocol.o)
 .text.isMultiTimerRunning
                0x0000e53c        0x4 C:\SiliconLabs\SimplicityStudio\v4_workspace4\assign3\I2CProject\platform\radio\rail_lib\autogen\librail_release\librail_efr32xg13_gcc_release.a(rail_singleprotocol.o)
 .text.RAIL_Init
                0x0000e540       0x20 C:\SiliconLabs\SimplicityStudio\v4_workspace4\assign3\I2CProject\platform\radio\rail_lib\autogen\librail_release\librail_efr32xg13_gcc_release.a(rail_singleprotocol.o)
                0x0000e540                RAIL_Init
 .text.RAIL_GetSchedulerStatus
                0x0000e560        0x4 C:\SiliconLabs\SimplicityStudio\v4_workspace4\assign3\I2CProject\platform\radio\rail_lib\autogen\librail_release\librail_efr32xg13_gcc_release.a(rail_singleprotocol.o)
                0x0000e560                RAIL_GetSchedulerStatus
 .text.RAIL_Idle
                0x0000e564        0x8 C:\SiliconLabs\SimplicityStudio\v4_workspace4\assign3\I2CProject\platform\radio\rail_lib\autogen\librail_release\librail_efr32xg13_gcc_release.a(rail_singleprotocol.o)
                0x0000e564                RAIL_Idle
 .text.RAIL_YieldRadio
                0x0000e56c        0x2 C:\SiliconLabs\SimplicityStudio\v4_workspace4\assign3\I2CProject\platform\radio\rail_lib\autogen\librail_release\librail_efr32xg13_gcc_release.a(rail_singleprotocol.o)
                0x0000e56c                RAIL_YieldRadio
 .text.RAIL_GetRadioEntropy
                0x0000e56e        0x8 C:\SiliconLabs\SimplicityStudio\v4_workspace4\assign3\I2CProject\platform\radio\rail_lib\autogen\librail_release\librail_efr32xg13_gcc_release.a(rail_singleprotocol.o)
                0x0000e56e                RAIL_GetRadioEntropy
 .text.RAIL_SetTimer
                0x0000e576       0x1c C:\SiliconLabs\SimplicityStudio\v4_workspace4\assign3\I2CProject\platform\radio\rail_lib\autogen\librail_release\librail_efr32xg13_gcc_release.a(rail_singleprotocol.o)
                0x0000e576                RAIL_SetTimer
 .text.RAIL_CancelTimer
                0x0000e592        0xe C:\SiliconLabs\SimplicityStudio\v4_workspace4\assign3\I2CProject\platform\radio\rail_lib\autogen\librail_release\librail_efr32xg13_gcc_release.a(rail_singleprotocol.o)
                0x0000e592                RAIL_CancelTimer
 .text.RAIL_StartTx
                0x0000e5a0        0x6 C:\SiliconLabs\SimplicityStudio\v4_workspace4\assign3\I2CProject\platform\radio\rail_lib\autogen\librail_release\librail_efr32xg13_gcc_release.a(rail_singleprotocol.o)
                0x0000e5a0                RAIL_StartTx
 .text.RAIL_StartScheduledTx
                0x0000e5a6        0x6 C:\SiliconLabs\SimplicityStudio\v4_workspace4\assign3\I2CProject\platform\radio\rail_lib\autogen\librail_release\librail_efr32xg13_gcc_release.a(rail_singleprotocol.o)
                0x0000e5a6                RAIL_StartScheduledTx
 .text.RAIL_ScheduleRx
                0x0000e5ac        0x6 C:\SiliconLabs\SimplicityStudio\v4_workspace4\assign3\I2CProject\platform\radio\rail_lib\autogen\librail_release\librail_efr32xg13_gcc_release.a(rail_singleprotocol.o)
                0x0000e5ac                RAIL_ScheduleRx
 .text.radioConfigChangedDefault
                0x0000e5b2        0x2 C:\SiliconLabs\SimplicityStudio\v4_workspace4\assign3\I2CProject\platform\radio\rail_lib\autogen\librail_release\librail_efr32xg13_gcc_release.a(rail_rf.o)
 .text.isTransitionState
                0x0000e5b4       0x12 C:\SiliconLabs\SimplicityStudio\v4_workspace4\assign3\I2CProject\platform\radio\rail_lib\autogen\librail_release\librail_efr32xg13_gcc_release.a(rail_rf.o)
 .text.RAILCore_Init
                0x0000e5c6       0x12 C:\SiliconLabs\SimplicityStudio\v4_workspace4\assign3\I2CProject\platform\radio\rail_lib\autogen\librail_release\librail_efr32xg13_gcc_release.a(rail_rf.o)
                0x0000e5c6                RAILCore_Init
 .text.RAILInt_SetCallbackConfig
                0x0000e5d8       0x20 C:\SiliconLabs\SimplicityStudio\v4_workspace4\assign3\I2CProject\platform\radio\rail_lib\autogen\librail_release\librail_efr32xg13_gcc_release.a(rail_rf.o)
                0x0000e5d8                RAILInt_SetCallbackConfig
 .text.RAILCore_Idle
                0x0000e5f8       0x14 C:\SiliconLabs\SimplicityStudio\v4_workspace4\assign3\I2CProject\platform\radio\rail_lib\autogen\librail_release\librail_efr32xg13_gcc_release.a(rail_rf.o)
                0x0000e5f8                RAILCore_Idle
 .text.RAILCb_CalcBitRate
                0x0000e60c        0x6 C:\SiliconLabs\SimplicityStudio\v4_workspace4\assign3\I2CProject\platform\radio\rail_lib\autogen\librail_release\librail_efr32xg13_gcc_release.a(rail_rf.o)
                0x0000e60c                RAILCb_CalcBitRate
 .text.RAIL_SetStateTiming
                0x0000e612        0x6 C:\SiliconLabs\SimplicityStudio\v4_workspace4\assign3\I2CProject\platform\radio\rail_lib\autogen\librail_release\librail_efr32xg13_gcc_release.a(rail_rf.o)
                0x0000e612                RAIL_SetStateTiming
 .text.RAILInt_IsPowerInRange
                0x0000e618       0x3c C:\SiliconLabs\SimplicityStudio\v4_workspace4\assign3\I2CProject\platform\radio\rail_lib\autogen\librail_release\librail_efr32xg13_gcc_release.a(rail_rf.o)
                0x0000e618                RAILInt_IsPowerInRange
 .text.RAILInt_SetChannel
                0x0000e654      0x1c0 C:\SiliconLabs\SimplicityStudio\v4_workspace4\assign3\I2CProject\platform\radio\rail_lib\autogen\librail_release\librail_efr32xg13_gcc_release.a(rail_rf.o)
                0x0000e654                RAILInt_SetChannel
 .text.RAILCore_ConfigChannels
                0x0000e814       0x60 C:\SiliconLabs\SimplicityStudio\v4_workspace4\assign3\I2CProject\platform\radio\rail_lib\autogen\librail_release\librail_efr32xg13_gcc_release.a(rail_rf.o)
                0x0000e814                RAILCore_ConfigChannels
 .text.RAILInt_GetChannel
                0x0000e874        0x4 C:\SiliconLabs\SimplicityStudio\v4_workspace4\assign3\I2CProject\platform\radio\rail_lib\autogen\librail_release\librail_efr32xg13_gcc_release.a(rail_rf.o)
                0x0000e874                RAILInt_GetChannel
 .text.RAILCore_SetTxTransitions
                0x0000e878       0x3c C:\SiliconLabs\SimplicityStudio\v4_workspace4\assign3\I2CProject\platform\radio\rail_lib\autogen\librail_release\librail_efr32xg13_gcc_release.a(rail_rf.o)
                0x0000e878                RAILCore_SetTxTransitions
 .text.RAIL_SetTxTransitions
                0x0000e8b4        0x6 C:\SiliconLabs\SimplicityStudio\v4_workspace4\assign3\I2CProject\platform\radio\rail_lib\autogen\librail_release\librail_efr32xg13_gcc_release.a(rail_rf.o)
                0x0000e8b4                RAIL_SetTxTransitions
 .text.RAILCore_SetRxTransitions
                0x0000e8ba       0x38 C:\SiliconLabs\SimplicityStudio\v4_workspace4\assign3\I2CProject\platform\radio\rail_lib\autogen\librail_release\librail_efr32xg13_gcc_release.a(rail_rf.o)
                0x0000e8ba                RAILCore_SetRxTransitions
 .text.RAIL_SetRxTransitions
                0x0000e8f2        0x6 C:\SiliconLabs\SimplicityStudio\v4_workspace4\assign3\I2CProject\platform\radio\rail_lib\autogen\librail_release\librail_efr32xg13_gcc_release.a(rail_rf.o)
                0x0000e8f2                RAIL_SetRxTransitions
 .text.RAIL_ConfigEvents
                0x0000e8f8        0x6 C:\SiliconLabs\SimplicityStudio\v4_workspace4\assign3\I2CProject\platform\radio\rail_lib\autogen\librail_release\librail_efr32xg13_gcc_release.a(rail_rf.o)
                0x0000e8f8                RAIL_ConfigEvents
 .text.RAIL_ConfigRxOptions
                0x0000e8fe        0x6 C:\SiliconLabs\SimplicityStudio\v4_workspace4\assign3\I2CProject\platform\radio\rail_lib\autogen\librail_release\librail_efr32xg13_gcc_release.a(rail_rx.o)
                0x0000e8fe                RAIL_ConfigRxOptions
 .text.RAILCore_ScheduleRx
                0x0000e904       0x2c C:\SiliconLabs\SimplicityStudio\v4_workspace4\assign3\I2CProject\platform\radio\rail_lib\autogen\librail_release\librail_efr32xg13_gcc_release.a(rail_rx.o)
                0x0000e904                RAILCore_ScheduleRx
 .text.RAILCb_ConfigFrameTypeLength
                0x0000e930        0x6 C:\SiliconLabs\SimplicityStudio\v4_workspace4\assign3\I2CProject\platform\radio\rail_lib\autogen\librail_release\librail_efr32xg13_gcc_release.a(rail_rx.o)
                0x0000e930                RAILCb_ConfigFrameTypeLength
 .text.RAIL_SetTxPower
                0x0000e936        0x6 C:\SiliconLabs\SimplicityStudio\v4_workspace4\assign3\I2CProject\platform\radio\rail_lib\autogen\librail_release\librail_efr32xg13_gcc_release.a(rail_tx.o)
                0x0000e936                RAIL_SetTxPower
 .text.RAIL_ConfigTxPower
                0x0000e93c       0x1c C:\SiliconLabs\SimplicityStudio\v4_workspace4\assign3\I2CProject\platform\radio\rail_lib\autogen\librail_release\librail_efr32xg13_gcc_release.a(rail_tx.o)
                0x0000e93c                RAIL_ConfigTxPower
 .text.RAILInt_PendCal
                0x0000e958       0x24 C:\SiliconLabs\SimplicityStudio\v4_workspace4\assign3\I2CProject\platform\radio\rail_lib\autogen\librail_release\librail_efr32xg13_gcc_release.a(rail_calibration.o)
                0x0000e958                RAILInt_PendCal
 .text.RAIL_WriteTxFifo
                0x0000e97c        0x6 C:\SiliconLabs\SimplicityStudio\v4_workspace4\assign3\I2CProject\platform\radio\rail_lib\autogen\librail_release\librail_efr32xg13_gcc_release.a(rail_data.o)
                0x0000e97c                RAIL_WriteTxFifo
 .text.RAIL_SetTxFifo
                0x0000e982        0x6 C:\SiliconLabs\SimplicityStudio\v4_workspace4\assign3\I2CProject\platform\radio\rail_lib\autogen\librail_release\librail_efr32xg13_gcc_release.a(rail_data.o)
                0x0000e982                RAIL_SetTxFifo
 .text.RAIL_SetRxFifo
                0x0000e988        0x6 C:\SiliconLabs\SimplicityStudio\v4_workspace4\assign3\I2CProject\platform\radio\rail_lib\autogen\librail_release\librail_efr32xg13_gcc_release.a(rail_data.o)
                0x0000e988                RAIL_SetRxFifo
 *fill*         0x0000e98e        0x2 
 .text.RAILCb_SetupRxFifo
                0x0000e990       0x30 C:\SiliconLabs\SimplicityStudio\v4_workspace4\assign3\I2CProject\platform\radio\rail_lib\autogen\librail_release\librail_efr32xg13_gcc_release.a(rail_data.o)
                0x0000e990                RAILCb_SetupRxFifo
 .text.RAIL_GetRxPacketInfo
                0x0000e9c0        0x8 C:\SiliconLabs\SimplicityStudio\v4_workspace4\assign3\I2CProject\platform\radio\rail_lib\autogen\librail_release\librail_efr32xg13_gcc_release.a(rail_data.o)
                0x0000e9c0                RAIL_GetRxPacketInfo
 .text.RAIL_GetRxPacketDetails
                0x0000e9c8        0x6 C:\SiliconLabs\SimplicityStudio\v4_workspace4\assign3\I2CProject\platform\radio\rail_lib\autogen\librail_release\librail_efr32xg13_gcc_release.a(rail_data.o)
                0x0000e9c8                RAIL_GetRxPacketDetails
 .text.RAIL_ResetFifo
                0x0000e9ce       0x1e C:\SiliconLabs\SimplicityStudio\v4_workspace4\assign3\I2CProject\platform\radio\rail_lib\autogen\librail_release\librail_efr32xg13_gcc_release.a(rail_data.o)
                0x0000e9ce                RAIL_ResetFifo
 .text.RAILCb_AssertFailed
                0x0000e9ec       0x14 C:\SiliconLabs\SimplicityStudio\v4_workspace4\assign3\I2CProject\platform\radio\rail_lib\autogen\librail_release\librail_efr32xg13_gcc_release.a(rail_assert.o)
                0x0000e9ec                RAILCb_AssertFailed
 .text.RAILInt_Assert
                0x0000ea00       0x1c C:\SiliconLabs\SimplicityStudio\v4_workspace4\assign3\I2CProject\platform\radio\rail_lib\autogen\librail_release\librail_efr32xg13_gcc_release.a(rail_assert.o)
                0x0000ea00                RAILInt_Assert
 .text.RAIL_GetTime
                0x0000ea1c        0x4 C:\SiliconLabs\SimplicityStudio\v4_workspace4\assign3\I2CProject\platform\radio\rail_lib\autogen\librail_release\librail_efr32xg13_gcc_release.a(rail_timer.o)
                0x0000ea1c                RAIL_GetTime
 .text.checkAndAddRxLenOverflowEntry.part.0
                0x0000ea20       0x2c C:\SiliconLabs\SimplicityStudio\v4_workspace4\assign3\I2CProject\platform\radio\rail_lib\autogen\librail_release\librail_efr32xg13_gcc_release.a(bufc.o)
 .text.BUFC_ReadHelper
                0x0000ea4c       0x7a C:\SiliconLabs\SimplicityStudio\v4_workspace4\assign3\I2CProject\platform\radio\rail_lib\autogen\librail_release\librail_efr32xg13_gcc_release.a(bufc.o)
 *fill*         0x0000eac6        0x2 
 .text.BUFC_SetTxBuffer
                0x0000eac8       0x38 C:\SiliconLabs\SimplicityStudio\v4_workspace4\assign3\I2CProject\platform\radio\rail_lib\autogen\librail_release\librail_efr32xg13_gcc_release.a(bufc.o)
                0x0000eac8                BUFC_SetTxBuffer
 .text.BUFC_SetRxBuffer
                0x0000eb00       0x1c C:\SiliconLabs\SimplicityStudio\v4_workspace4\assign3\I2CProject\platform\radio\rail_lib\autogen\librail_release\librail_efr32xg13_gcc_release.a(bufc.o)
                0x0000eb00                BUFC_SetRxBuffer
 .text.BUFC_WriteBuffer
                0x0000eb1c       0xb0 C:\SiliconLabs\SimplicityStudio\v4_workspace4\assign3\I2CProject\platform\radio\rail_lib\autogen\librail_release\librail_efr32xg13_gcc_release.a(bufc.o)
                0x0000eb1c                BUFC_WriteBuffer
 .text.BUFC_Peek
                0x0000ebcc       0x12 C:\SiliconLabs\SimplicityStudio\v4_workspace4\assign3\I2CProject\platform\radio\rail_lib\autogen\librail_release\librail_efr32xg13_gcc_release.a(bufc.o)
                0x0000ebcc                BUFC_Peek
 .text.BUFC_PeekByte
                0x0000ebde       0x46 C:\SiliconLabs\SimplicityStudio\v4_workspace4\assign3\I2CProject\platform\radio\rail_lib\autogen\librail_release\librail_efr32xg13_gcc_release.a(bufc.o)
                0x0000ebde                BUFC_PeekByte
 .text.BUFC_GetSpaceAvailable
                0x0000ec24       0x24 C:\SiliconLabs\SimplicityStudio\v4_workspace4\assign3\I2CProject\platform\radio\rail_lib\autogen\librail_release\librail_efr32xg13_gcc_release.a(bufc.o)
                0x0000ec24                BUFC_GetSpaceAvailable
 .text.BUFC_GetBytesAvailable
                0x0000ec48       0x14 C:\SiliconLabs\SimplicityStudio\v4_workspace4\assign3\I2CProject\platform\radio\rail_lib\autogen\librail_release\librail_efr32xg13_gcc_release.a(bufc.o)
                0x0000ec48                BUFC_GetBytesAvailable
 .text.BUFC_TxAckBufferSet
                0x0000ec5c       0x2c C:\SiliconLabs\SimplicityStudio\v4_workspace4\assign3\I2CProject\platform\radio\rail_lib\autogen\librail_release\librail_efr32xg13_gcc_release.a(bufc.o)
                0x0000ec5c                BUFC_TxAckBufferSet
 .text.BUFC_RxBufferReset
                0x0000ec88       0x5c C:\SiliconLabs\SimplicityStudio\v4_workspace4\assign3\I2CProject\platform\radio\rail_lib\autogen\librail_release\librail_efr32xg13_gcc_release.a(bufc.o)
                0x0000ec88                BUFC_RxBufferReset
 .text.BUFC_Init
                0x0000ece4       0x50 C:\SiliconLabs\SimplicityStudio\v4_workspace4\assign3\I2CProject\platform\radio\rail_lib\autogen\librail_release\librail_efr32xg13_gcc_release.a(bufc.o)
                0x0000ece4                BUFC_Init
 .text.BUFC_ReleaseRxPacket
                0x0000ed34      0x118 C:\SiliconLabs\SimplicityStudio\v4_workspace4\assign3\I2CProject\platform\radio\rail_lib\autogen\librail_release\librail_efr32xg13_gcc_release.a(bufc.o)
                0x0000ed34                BUFC_ReleaseRxPacket
 .text.BUFC_StartRxLenThrEvent
                0x0000ee4c       0x50 C:\SiliconLabs\SimplicityStudio\v4_workspace4\assign3\I2CProject\platform\radio\rail_lib\autogen\librail_release\librail_efr32xg13_gcc_release.a(bufc.o)
                0x0000ee4c                BUFC_StartRxLenThrEvent
 .text.BUFC_EndRxLenThrEvent
                0x0000ee9c       0x1c C:\SiliconLabs\SimplicityStudio\v4_workspace4\assign3\I2CProject\platform\radio\rail_lib\autogen\librail_release\librail_efr32xg13_gcc_release.a(bufc.o)
                0x0000ee9c                BUFC_EndRxLenThrEvent
 .text.BUFC_HandleRxLenOvfEvent
                0x0000eeb8       0x30 C:\SiliconLabs\SimplicityStudio\v4_workspace4\assign3\I2CProject\platform\radio\rail_lib\autogen\librail_release\librail_efr32xg13_gcc_release.a(bufc.o)
                0x0000eeb8                BUFC_HandleRxLenOvfEvent
 .text.BUFC_GetRxPacketInfo
                0x0000eee8      0x168 C:\SiliconLabs\SimplicityStudio\v4_workspace4\assign3\I2CProject\platform\radio\rail_lib\autogen\librail_release\librail_efr32xg13_gcc_release.a(bufc.o)
                0x0000eee8                BUFC_GetRxPacketInfo
 .text.IRCAL_Set
                0x0000f050       0x1c C:\SiliconLabs\SimplicityStudio\v4_workspace4\assign3\I2CProject\platform\radio\rail_lib\autogen\librail_release\librail_efr32xg13_gcc_release.a(ir_cal.o)
                0x0000f050                IRCAL_Set
 .text.getRampTimeFromLevelAndRate
                0x0000f06c       0x20 C:\SiliconLabs\SimplicityStudio\v4_workspace4\assign3\I2CProject\platform\radio\rail_lib\autogen\librail_release\librail_efr32xg13_gcc_release.a(pa.o)
 .text.PA_ProtectPa
                0x0000f08c       0xa0 C:\SiliconLabs\SimplicityStudio\v4_workspace4\assign3\I2CProject\platform\radio\rail_lib\autogen\librail_release\librail_efr32xg13_gcc_release.a(pa.o)
 .text.PA_GetTxPowerConfig
                0x0000f12c       0x14 C:\SiliconLabs\SimplicityStudio\v4_workspace4\assign3\I2CProject\platform\radio\rail_lib\autogen\librail_release\librail_efr32xg13_gcc_release.a(pa.o)
                0x0000f12c                PA_GetTxPowerConfig
 .text.PA_GetPowerLevel
                0x0000f140        0xc C:\SiliconLabs\SimplicityStudio\v4_workspace4\assign3\I2CProject\platform\radio\rail_lib\autogen\librail_release\librail_efr32xg13_gcc_release.a(pa.o)
                0x0000f140                PA_GetPowerLevel
 .text.PA_SetPowerLevel
                0x0000f14c      0x178 C:\SiliconLabs\SimplicityStudio\v4_workspace4\assign3\I2CProject\platform\radio\rail_lib\autogen\librail_release\librail_efr32xg13_gcc_release.a(pa.o)
                0x0000f14c                PA_SetPowerLevel
 .text.PA_RunPeakDetectorHigh
                0x0000f2c4       0x40 C:\SiliconLabs\SimplicityStudio\v4_workspace4\assign3\I2CProject\platform\radio\rail_lib\autogen\librail_release\librail_efr32xg13_gcc_release.a(pa.o)
                0x0000f2c4                PA_RunPeakDetectorHigh
 .text.PA_RunPeakDetectorLow
                0x0000f304        0x2 C:\SiliconLabs\SimplicityStudio\v4_workspace4\assign3\I2CProject\platform\radio\rail_lib\autogen\librail_release\librail_efr32xg13_gcc_release.a(pa.o)
                0x0000f304                PA_RunPeakDetectorLow
 *fill*         0x0000f306        0x2 
 .text.PA_RunBatHigh
                0x0000f308       0x2c C:\SiliconLabs\SimplicityStudio\v4_workspace4\assign3\I2CProject\platform\radio\rail_lib\autogen\librail_release\librail_efr32xg13_gcc_release.a(pa.o)
                0x0000f308                PA_RunBatHigh
 .text.PA_GetRampTime
                0x0000f334        0xc C:\SiliconLabs\SimplicityStudio\v4_workspace4\assign3\I2CProject\platform\radio\rail_lib\autogen\librail_release\librail_efr32xg13_gcc_release.a(pa.o)
                0x0000f334                PA_GetRampTime
 .text.PA_CalcRampTime
                0x0000f340       0x3c C:\SiliconLabs\SimplicityStudio\v4_workspace4\assign3\I2CProject\platform\radio\rail_lib\autogen\librail_release\librail_efr32xg13_gcc_release.a(pa.o)
                0x0000f340                PA_CalcRampTime
 .text.PA_SetRampTime
                0x0000f37c      0x100 C:\SiliconLabs\SimplicityStudio\v4_workspace4\assign3\I2CProject\platform\radio\rail_lib\autogen\librail_release\librail_efr32xg13_gcc_release.a(pa.o)
                0x0000f37c                PA_SetRampTime
 .text.PA_SetCTune
                0x0000f47c       0x34 C:\SiliconLabs\SimplicityStudio\v4_workspace4\assign3\I2CProject\platform\radio\rail_lib\autogen\librail_release\librail_efr32xg13_gcc_release.a(pa.o)
                0x0000f47c                PA_SetCTune
 .text.PA_SelectBand
                0x0000f4b0       0x38 C:\SiliconLabs\SimplicityStudio\v4_workspace4\assign3\I2CProject\platform\radio\rail_lib\autogen\librail_release\librail_efr32xg13_gcc_release.a(pa.o)
                0x0000f4b0                PA_SelectBand
 .text.PA_Config
                0x0000f4e8      0x114 C:\SiliconLabs\SimplicityStudio\v4_workspace4\assign3\I2CProject\platform\radio\rail_lib\autogen\librail_release\librail_efr32xg13_gcc_release.a(pa.o)
                0x0000f4e8                PA_Config
 .text.PA_UpdateConfig
                0x0000f5fc       0x38 C:\SiliconLabs\SimplicityStudio\v4_workspace4\assign3\I2CProject\platform\radio\rail_lib\autogen\librail_release\librail_efr32xg13_gcc_release.a(pa.o)
                0x0000f5fc                PA_UpdateConfig
 .text.PROTIMER_Init
                0x0000f634       0xe4 C:\SiliconLabs\SimplicityStudio\v4_workspace4\assign3\I2CProject\platform\radio\rail_lib\autogen\librail_release\librail_efr32xg13_gcc_release.a(protimer.o)
                0x0000f634                PROTIMER_Init
 .text.PROTIMER_Start
                0x0000f718       0x1c C:\SiliconLabs\SimplicityStudio\v4_workspace4\assign3\I2CProject\platform\radio\rail_lib\autogen\librail_release\librail_efr32xg13_gcc_release.a(protimer.o)
                0x0000f718                PROTIMER_Start
 .text.PROTIMER_ElapsedTime
                0x0000f734       0x40 C:\SiliconLabs\SimplicityStudio\v4_workspace4\assign3\I2CProject\platform\radio\rail_lib\autogen\librail_release\librail_efr32xg13_gcc_release.a(protimer.o)
                0x0000f734                PROTIMER_ElapsedTime
 .text.PROTIMER_CCTimerStop
                0x0000f774       0x20 C:\SiliconLabs\SimplicityStudio\v4_workspace4\assign3\I2CProject\platform\radio\rail_lib\autogen\librail_release\librail_efr32xg13_gcc_release.a(protimer.o)
                0x0000f774                PROTIMER_CCTimerStop
 .text.PROTIMER_CCTimerIsEnabled
                0x0000f794       0x14 C:\SiliconLabs\SimplicityStudio\v4_workspace4\assign3\I2CProject\platform\radio\rail_lib\autogen\librail_release\librail_efr32xg13_gcc_release.a(protimer.o)
                0x0000f794                PROTIMER_CCTimerIsEnabled
 .text.PROTIMER_CCTimerCapture
                0x0000f7a8       0x18 C:\SiliconLabs\SimplicityStudio\v4_workspace4\assign3\I2CProject\platform\radio\rail_lib\autogen\librail_release\librail_efr32xg13_gcc_release.a(protimer.o)
                0x0000f7a8                PROTIMER_CCTimerCapture
 .text.PROTIMER_ClearRxEnable
                0x0000f7c0       0x10 C:\SiliconLabs\SimplicityStudio\v4_workspace4\assign3\I2CProject\platform\radio\rail_lib\autogen\librail_release\librail_efr32xg13_gcc_release.a(protimer.o)
                0x0000f7c0                PROTIMER_ClearRxEnable
 .text.PROTIMER_GetTime
                0x0000f7d0       0x38 C:\SiliconLabs\SimplicityStudio\v4_workspace4\assign3\I2CProject\platform\radio\rail_lib\autogen\librail_release\librail_efr32xg13_gcc_release.a(protimer.o)
                0x0000f7d0                PROTIMER_GetTime
 .text.PROTIMER_LBTStop
                0x0000f808       0x18 C:\SiliconLabs\SimplicityStudio\v4_workspace4\assign3\I2CProject\platform\radio\rail_lib\autogen\librail_release\librail_efr32xg13_gcc_release.a(protimer.o)
                0x0000f808                PROTIMER_LBTStop
 .text.PROTIMER_PrecntOverflowToUs
                0x0000f820       0x34 C:\SiliconLabs\SimplicityStudio\v4_workspace4\assign3\I2CProject\platform\radio\rail_lib\autogen\librail_release\librail_efr32xg13_gcc_release.a(protimer.o)
                0x0000f820                PROTIMER_PrecntOverflowToUs
 .text.PROTIMER_GetUsTime
                0x0000f854       0x18 C:\SiliconLabs\SimplicityStudio\v4_workspace4\assign3\I2CProject\platform\radio\rail_lib\autogen\librail_release\librail_efr32xg13_gcc_release.a(protimer.o)
                0x0000f854                PROTIMER_GetUsTime
 .text.PROTIMER_GetUsFromRawWrap
                0x0000f86c       0x2e C:\SiliconLabs\SimplicityStudio\v4_workspace4\assign3\I2CProject\platform\radio\rail_lib\autogen\librail_release\librail_efr32xg13_gcc_release.a(protimer.o)
                0x0000f86c                PROTIMER_GetUsFromRawWrap
 *fill*         0x0000f89a        0x2 
 .text.PROTIMER_UsToPrecntOverflow
                0x0000f89c       0x40 C:\SiliconLabs\SimplicityStudio\v4_workspace4\assign3\I2CProject\platform\radio\rail_lib\autogen\librail_release\librail_efr32xg13_gcc_release.a(protimer.o)
                0x0000f89c                PROTIMER_UsToPrecntOverflow
 .text.PROTIMER_CCTimerStart
                0x0000f8dc      0x1a8 C:\SiliconLabs\SimplicityStudio\v4_workspace4\assign3\I2CProject\platform\radio\rail_lib\autogen\librail_release\librail_efr32xg13_gcc_release.a(protimer.o)
                0x0000f8dc                PROTIMER_CCTimerStart
 .text.PROTIMER_ScheduleTxEnable
                0x0000fa84       0x28 C:\SiliconLabs\SimplicityStudio\v4_workspace4\assign3\I2CProject\platform\radio\rail_lib\autogen\librail_release\librail_efr32xg13_gcc_release.a(protimer.o)
                0x0000fa84                PROTIMER_ScheduleTxEnable
 .text.PROTIMER_ScheduleRxEnable
                0x0000faac       0x28 C:\SiliconLabs\SimplicityStudio\v4_workspace4\assign3\I2CProject\platform\radio\rail_lib\autogen\librail_release\librail_efr32xg13_gcc_release.a(protimer.o)
                0x0000faac                PROTIMER_ScheduleRxEnable
 .text.PROTIMER_ScheduleRxDisable
                0x0000fad4       0x34 C:\SiliconLabs\SimplicityStudio\v4_workspace4\assign3\I2CProject\platform\radio\rail_lib\autogen\librail_release\librail_efr32xg13_gcc_release.a(protimer.o)
                0x0000fad4                PROTIMER_ScheduleRxDisable
 .text.PROTIMER_DelayUs
                0x0000fb08       0x16 C:\SiliconLabs\SimplicityStudio\v4_workspace4\assign3\I2CProject\platform\radio\rail_lib\autogen\librail_release\librail_efr32xg13_gcc_release.a(protimer.o)
                0x0000fb08                PROTIMER_DelayUs
 *fill*         0x0000fb1e        0x2 
 .text.PTI_EnableAppendedInfo
                0x0000fb20       0x18 C:\SiliconLabs\SimplicityStudio\v4_workspace4\assign3\I2CProject\platform\radio\rail_lib\autogen\librail_release\librail_efr32xg13_gcc_release.a(pti.o)
                0x0000fb20                PTI_EnableAppendedInfo
 .text.PTI_Enable
                0x0000fb38       0x50 C:\SiliconLabs\SimplicityStudio\v4_workspace4\assign3\I2CProject\platform\radio\rail_lib\autogen\librail_release\librail_efr32xg13_gcc_release.a(pti.o)
                0x0000fb38                PTI_Enable
 .text.PTI_AuxdataOutput
                0x0000fb88       0x1c C:\SiliconLabs\SimplicityStudio\v4_workspace4\assign3\I2CProject\platform\radio\rail_lib\autogen\librail_release\librail_efr32xg13_gcc_release.a(pti.o)
                0x0000fb88                PTI_AuxdataOutput
 .text.PTI_EnableSyncword
                0x0000fba4       0x18 C:\SiliconLabs\SimplicityStudio\v4_workspace4\assign3\I2CProject\platform\radio\rail_lib\autogen\librail_release\librail_efr32xg13_gcc_release.a(pti.o)
                0x0000fba4                PTI_EnableSyncword
 .text.RADIO_SetAndForgetWrite
                0x0000fbbc       0x74 C:\SiliconLabs\SimplicityStudio\v4_workspace4\assign3\I2CProject\platform\radio\rail_lib\autogen\librail_release\librail_efr32xg13_gcc_release.a(radio.o)
                0x0000fbbc                RADIO_SetAndForgetWrite
 .text.RADIO_RewriteCcTableData
                0x0000fc30       0x34 C:\SiliconLabs\SimplicityStudio\v4_workspace4\assign3\I2CProject\platform\radio\rail_lib\autogen\librail_release\librail_efr32xg13_gcc_release.a(radio.o)
                0x0000fc30                RADIO_RewriteCcTableData
 .text.RADIO_SeqInit
                0x0000fc64       0x64 C:\SiliconLabs\SimplicityStudio\v4_workspace4\assign3\I2CProject\platform\radio\rail_lib\autogen\librail_release\librail_efr32xg13_gcc_release.a(radio.o)
                0x0000fc64                RADIO_SeqInit
 .text.RADIO_ClockEnable
                0x0000fcc8       0x14 C:\SiliconLabs\SimplicityStudio\v4_workspace4\assign3\I2CProject\platform\radio\rail_lib\autogen\librail_release\librail_efr32xg13_gcc_release.a(radio.o)
                0x0000fcc8                RADIO_ClockEnable
 .text.RADIO_Init
                0x0000fcdc       0x5c C:\SiliconLabs\SimplicityStudio\v4_workspace4\assign3\I2CProject\platform\radio\rail_lib\autogen\librail_release\librail_efr32xg13_gcc_release.a(radio.o)
                0x0000fcdc                RADIO_Init
 .text.RADIO_ClockPrescGet
                0x0000fd38       0x10 C:\SiliconLabs\SimplicityStudio\v4_workspace4\assign3\I2CProject\platform\radio\rail_lib\autogen\librail_release\librail_efr32xg13_gcc_release.a(radio.o)
                0x0000fd38                RADIO_ClockPrescGet
 .text.RADIO_ClockFreqGet
                0x0000fd48       0x14 C:\SiliconLabs\SimplicityStudio\v4_workspace4\assign3\I2CProject\platform\radio\rail_lib\autogen\librail_release\librail_efr32xg13_gcc_release.a(radio.o)
                0x0000fd48                RADIO_ClockFreqGet
 .text.RADIO_Config
                0x0000fd5c       0xb0 C:\SiliconLabs\SimplicityStudio\v4_workspace4\assign3\I2CProject\platform\radio\rail_lib\autogen\librail_release\librail_efr32xg13_gcc_release.a(radio.o)
                0x0000fd5c                RADIO_Config
 .text.RADIO_IsRxOnForRssi
                0x0000fe0c       0x18 C:\SiliconLabs\SimplicityStudio\v4_workspace4\assign3\I2CProject\platform\radio\rail_lib\autogen\librail_release\librail_efr32xg13_gcc_release.a(radio.o)
                0x0000fe0c                RADIO_IsRxOnForRssi
 .text.RADIO_RxTrailDataLength
                0x0000fe24       0x3c C:\SiliconLabs\SimplicityStudio\v4_workspace4\assign3\I2CProject\platform\radio\rail_lib\autogen\librail_release\librail_efr32xg13_gcc_release.a(radio.o)
                0x0000fe24                RADIO_RxTrailDataLength
 .text.RADIO_ComputeTxBaudrate
                0x0000fe60       0x24 C:\SiliconLabs\SimplicityStudio\v4_workspace4\assign3\I2CProject\platform\radio\rail_lib\autogen\librail_release\librail_efr32xg13_gcc_release.a(radio.o)
                0x0000fe60                RADIO_ComputeTxBaudrate
 .text.RADIO_ComputeTxSymbolRate
                0x0000fe84       0x54 C:\SiliconLabs\SimplicityStudio\v4_workspace4\assign3\I2CProject\platform\radio\rail_lib\autogen\librail_release\librail_efr32xg13_gcc_release.a(radio.o)
                0x0000fe84                RADIO_ComputeTxSymbolRate
 .text.RADIO_ComputeTxBitRate
                0x0000fed8       0x44 C:\SiliconLabs\SimplicityStudio\v4_workspace4\assign3\I2CProject\platform\radio\rail_lib\autogen\librail_release\librail_efr32xg13_gcc_release.a(radio.o)
                0x0000fed8                RADIO_ComputeTxBitRate
 .text.RADIO_GetRssi
                0x0000ff1c       0x64 C:\SiliconLabs\SimplicityStudio\v4_workspace4\assign3\I2CProject\platform\radio\rail_lib\autogen\librail_release\librail_efr32xg13_gcc_release.a(radio.o)
                0x0000ff1c                RADIO_GetRssi
 .text.RADIO_SetCRCInitVal
                0x0000ff80       0x10 C:\SiliconLabs\SimplicityStudio\v4_workspace4\assign3\I2CProject\platform\radio\rail_lib\autogen\librail_release\librail_efr32xg13_gcc_release.a(radio.o)
                0x0000ff80                RADIO_SetCRCInitVal
 .text.RADIO_RACClearRxOverflow
                0x0000ff90       0x20 C:\SiliconLabs\SimplicityStudio\v4_workspace4\assign3\I2CProject\platform\radio\rail_lib\autogen\librail_release\librail_efr32xg13_gcc_release.a(radio.o)
                0x0000ff90                RADIO_RACClearRxOverflow
 .text.RFSENSE_IRQHandler
                0x0000ffb0       0x10 C:\SiliconLabs\SimplicityStudio\v4_workspace4\assign3\I2CProject\platform\radio\rail_lib\autogen\librail_release\librail_efr32xg13_gcc_release.a(rfsense.o)
                0x0000ffb0                RFSENSE_IRQHandler
 .text.PRORTC_IRQHandler
                0x0000ffc0       0x10 C:\SiliconLabs\SimplicityStudio\v4_workspace4\assign3\I2CProject\platform\radio\rail_lib\autogen\librail_release\librail_efr32xg13_gcc_release.a(rtccsync.o)
                0x0000ffc0                PRORTC_IRQHandler
 .text.RTCCSYNC_Init
                0x0000ffd0       0x88 C:\SiliconLabs\SimplicityStudio\v4_workspace4\assign3\I2CProject\platform\radio\rail_lib\autogen\librail_release\librail_efr32xg13_gcc_release.a(rtccsync.o)
                0x0000ffd0                RTCCSYNC_Init
 .text.SYNTH_RfFreqGet
                0x00010058        0xc C:\SiliconLabs\SimplicityStudio\v4_workspace4\assign3\I2CProject\platform\radio\rail_lib\autogen\librail_release\librail_efr32xg13_gcc_release.a(synth.o)
                0x00010058                SYNTH_RfFreqGet
 .text.SYNTH_ChSpacingGet
                0x00010064        0xc C:\SiliconLabs\SimplicityStudio\v4_workspace4\assign3\I2CProject\platform\radio\rail_lib\autogen\librail_release\librail_efr32xg13_gcc_release.a(synth.o)
                0x00010064                SYNTH_ChSpacingGet
 .text.SYNTH_LoDivGet
                0x00010070       0x20 C:\SiliconLabs\SimplicityStudio\v4_workspace4\assign3\I2CProject\platform\radio\rail_lib\autogen\librail_release\librail_efr32xg13_gcc_release.a(synth.o)
                0x00010070                SYNTH_LoDivGet
 .text.SYNTH_Is2p4GHz
                0x00010090       0x14 C:\SiliconLabs\SimplicityStudio\v4_workspace4\assign3\I2CProject\platform\radio\rail_lib\autogen\librail_release\librail_efr32xg13_gcc_release.a(synth.o)
                0x00010090                SYNTH_Is2p4GHz
 .text.SYNTH_VcoRangeIsValid
                0x000100a4       0x30 C:\SiliconLabs\SimplicityStudio\v4_workspace4\assign3\I2CProject\platform\radio\rail_lib\autogen\librail_release\librail_efr32xg13_gcc_release.a(synth.o)
                0x000100a4                SYNTH_VcoRangeIsValid
 .text.SYNTH_RetimeLimitsConfig
                0x000100d4       0x64 C:\SiliconLabs\SimplicityStudio\v4_workspace4\assign3\I2CProject\platform\radio\rail_lib\autogen\librail_release\librail_efr32xg13_gcc_release.a(synth.o)
                0x000100d4                SYNTH_RetimeLimitsConfig
 .text.SYNTH_RetimeClkConfig
                0x00010138       0xb4 C:\SiliconLabs\SimplicityStudio\v4_workspace4\assign3\I2CProject\platform\radio\rail_lib\autogen\librail_release\librail_efr32xg13_gcc_release.a(synth.o)
                0x00010138                SYNTH_RetimeClkConfig
 .text.SYNTH_Config
                0x000101ec      0x104 C:\SiliconLabs\SimplicityStudio\v4_workspace4\assign3\I2CProject\platform\radio\rail_lib\autogen\librail_release\librail_efr32xg13_gcc_release.a(synth.o)
                0x000101ec                SYNTH_Config
 .text.SYNTH_ChannelSet
                0x000102f0       0x40 C:\SiliconLabs\SimplicityStudio\v4_workspace4\assign3\I2CProject\platform\radio\rail_lib\autogen\librail_release\librail_efr32xg13_gcc_release.a(synth.o)
                0x000102f0                SYNTH_ChannelSet
 .text.SYNTH_DCDCRetimeClkSet
                0x00010330       0x68 C:\SiliconLabs\SimplicityStudio\v4_workspace4\assign3\I2CProject\platform\radio\rail_lib\autogen\librail_release\librail_efr32xg13_gcc_release.a(synth.o)
                0x00010330                SYNTH_DCDCRetimeClkSet
 .text.SYNTH_DCDCRetimeEnable
                0x00010398       0x18 C:\SiliconLabs\SimplicityStudio\v4_workspace4\assign3\I2CProject\platform\radio\rail_lib\autogen\librail_release\librail_efr32xg13_gcc_release.a(synth.o)
                0x00010398                SYNTH_DCDCRetimeEnable
 .text.SYNTH_DCDCRetimeDisable
                0x000103b0       0x18 C:\SiliconLabs\SimplicityStudio\v4_workspace4\assign3\I2CProject\platform\radio\rail_lib\autogen\librail_release\librail_efr32xg13_gcc_release.a(synth.o)
                0x000103b0                SYNTH_DCDCRetimeDisable
 .text.SYNTH_KvnFreqCompensationEnable
                0x000103c8        0xc C:\SiliconLabs\SimplicityStudio\v4_workspace4\assign3\I2CProject\platform\radio\rail_lib\autogen\librail_release\librail_efr32xg13_gcc_release.a(synth.o)
                0x000103c8                SYNTH_KvnFreqCompensationEnable
 .text.TEMPCAL_Init
                0x000103d4       0x38 C:\SiliconLabs\SimplicityStudio\v4_workspace4\assign3\I2CProject\platform\radio\rail_lib\autogen\librail_release\librail_efr32xg13_gcc_release.a(tempcal.o)
                0x000103d4                TEMPCAL_Init
 .text.TIMING_NsToStimerTickCalc
                0x0001040c       0x2c C:\SiliconLabs\SimplicityStudio\v4_workspace4\assign3\I2CProject\platform\radio\rail_lib\autogen\librail_release\librail_efr32xg13_gcc_release.a(timings.o)
 .text.TIMING_Recalculate
                0x00010438      0x1ec C:\SiliconLabs\SimplicityStudio\v4_workspace4\assign3\I2CProject\platform\radio\rail_lib\autogen\librail_release\librail_efr32xg13_gcc_release.a(timings.o)
 .text.TIMING_InitStimer
                0x00010624       0x8c C:\SiliconLabs\SimplicityStudio\v4_workspace4\assign3\I2CProject\platform\radio\rail_lib\autogen\librail_release\librail_efr32xg13_gcc_release.a(timings.o)
                0x00010624                TIMING_InitStimer
 .text.TIMING_SeqTimingInit
                0x000106b0       0x90 C:\SiliconLabs\SimplicityStudio\v4_workspace4\assign3\I2CProject\platform\radio\rail_lib\autogen\librail_release\librail_efr32xg13_gcc_release.a(timings.o)
                0x000106b0                TIMING_SeqTimingInit
 .text.TIMING_SetTransitionTime
                0x00010740       0x18 C:\SiliconLabs\SimplicityStudio\v4_workspace4\assign3\I2CProject\platform\radio\rail_lib\autogen\librail_release\librail_efr32xg13_gcc_release.a(timings.o)
                0x00010740                TIMING_SetTransitionTime
 .text.TIMING_RxSearchTimeSet
                0x00010758       0x10 C:\SiliconLabs\SimplicityStudio\v4_workspace4\assign3\I2CProject\platform\radio\rail_lib\autogen\librail_release\librail_efr32xg13_gcc_release.a(timings.o)
                0x00010758                TIMING_RxSearchTimeSet
 .text.TIMING_TxToRxSearchTimeSet
                0x00010768       0x10 C:\SiliconLabs\SimplicityStudio\v4_workspace4\assign3\I2CProject\platform\radio\rail_lib\autogen\librail_release\librail_efr32xg13_gcc_release.a(timings.o)
                0x00010768                TIMING_TxToRxSearchTimeSet
 .text.TIMING_RecalculateAll
                0x00010778        0x6 C:\SiliconLabs\SimplicityStudio\v4_workspace4\assign3\I2CProject\platform\radio\rail_lib\autogen\librail_release\librail_efr32xg13_gcc_release.a(timings.o)
                0x00010778                TIMING_RecalculateAll
 .text.TIMING_RecalculatePaRampChanged
                0x0001077e        0x6 C:\SiliconLabs\SimplicityStudio\v4_workspace4\assign3\I2CProject\platform\radio\rail_lib\autogen\librail_release\librail_efr32xg13_gcc_release.a(timings.o)
                0x0001077e                TIMING_RecalculatePaRampChanged
 .text.TIMING_RecalculateViterbiChanged
                0x00010784        0x6 C:\SiliconLabs\SimplicityStudio\v4_workspace4\assign3\I2CProject\platform\radio\rail_lib\autogen\librail_release\librail_efr32xg13_gcc_release.a(timings.o)
                0x00010784                TIMING_RecalculateViterbiChanged
 .text.TIMING_SetChainDelays
                0x0001078a        0x8 C:\SiliconLabs\SimplicityStudio\v4_workspace4\assign3\I2CProject\platform\radio\rail_lib\autogen\librail_release\librail_efr32xg13_gcc_release.a(timings.o)
                0x0001078a                TIMING_SetChainDelays
 *fill*         0x00010792        0x2 
 .text.TIMING_CalcAdjustUs
                0x00010794       0x40 C:\SiliconLabs\SimplicityStudio\v4_workspace4\assign3\I2CProject\platform\radio\rail_lib\autogen\librail_release\librail_efr32xg13_gcc_release.a(timings.o)
                0x00010794                TIMING_CalcAdjustUs
 .text.TIMING_PacketBits
                0x000107d4       0x14 C:\SiliconLabs\SimplicityStudio\v4_workspace4\assign3\I2CProject\platform\radio\rail_lib\autogen\librail_release\librail_efr32xg13_gcc_release.a(timings.o)
                0x000107d4                TIMING_PacketBits
 .text.TIMING_PreambleSyncBits
                0x000107e8       0x38 C:\SiliconLabs\SimplicityStudio\v4_workspace4\assign3\I2CProject\platform\radio\rail_lib\autogen\librail_release\librail_efr32xg13_gcc_release.a(timings.o)
                0x000107e8                TIMING_PreambleSyncBits
 .text.TIMING_CalcRxTimeStampUs
                0x00010820       0x66 C:\SiliconLabs\SimplicityStudio\v4_workspace4\assign3\I2CProject\platform\radio\rail_lib\autogen\librail_release\librail_efr32xg13_gcc_release.a(timings.o)
                0x00010820                TIMING_CalcRxTimeStampUs
 *fill*         0x00010886        0x2 
 .text.TIMING_AdjustRxTimeStampUs
                0x00010888       0x40 C:\SiliconLabs\SimplicityStudio\v4_workspace4\assign3\I2CProject\platform\radio\rail_lib\autogen\librail_release\librail_efr32xg13_gcc_release.a(timings.o)
                0x00010888                TIMING_AdjustRxTimeStampUs
 .text.RFRAND_GetRadioEntropy
                0x000108c8      0x100 C:\SiliconLabs\SimplicityStudio\v4_workspace4\assign3\I2CProject\platform\radio\rail_lib\autogen\librail_release\librail_efr32xg13_gcc_release.a(rf_rand.o)
                0x000108c8                RFRAND_GetRadioEntropy
 .text.RFRAND_SeedProtimerRandom
                0x000109c8       0x3c C:\SiliconLabs\SimplicityStudio\v4_workspace4\assign3\I2CProject\platform\radio\rail_lib\autogen\librail_release\librail_efr32xg13_gcc_release.a(rf_rand.o)
                0x000109c8                RFRAND_SeedProtimerRandom
 .text.RAIL_GetTxPowerCurve
                0x00010a04       0x14 C:\SiliconLabs\SimplicityStudio\v4_workspace4\assign3\I2CProject\platform\radio\rail_lib\autogen\librail_release\librail_efr32xg13_gcc_release.a(pa_conversions_efr32.o)
                0x00010a04                RAIL_GetTxPowerCurve
 .text.RAIL_InitTxPowerCurves
                0x00010a18       0x2c C:\SiliconLabs\SimplicityStudio\v4_workspace4\assign3\I2CProject\platform\radio\rail_lib\autogen\librail_release\librail_efr32xg13_gcc_release.a(pa_conversions_efr32.o)
                0x00010a18                RAIL_InitTxPowerCurves
 .text.RAIL_ConvertDbmToRaw
                0x00010a44       0xd8 C:\SiliconLabs\SimplicityStudio\v4_workspace4\assign3\I2CProject\platform\radio\rail_lib\autogen\librail_release\librail_efr32xg13_gcc_release.a(pa_conversions_efr32.o)
                0x00010a44                RAIL_ConvertDbmToRaw
 .text.RAIL_ConvertRawToDbm
                0x00010b1c       0xb8 C:\SiliconLabs\SimplicityStudio\v4_workspace4\assign3\I2CProject\platform\radio\rail_lib\autogen\librail_release\librail_efr32xg13_gcc_release.a(pa_conversions_efr32.o)
                0x00010b1c                RAIL_ConvertRawToDbm
 .text.GENERIC_PHY_EnableDisableInt
                0x00010bd4       0x22 C:\SiliconLabs\SimplicityStudio\v4_workspace4\assign3\I2CProject\platform\radio\rail_lib\autogen\librail_release\librail_efr32xg13_gcc_release.a(generic_phy.o)
 *fill*         0x00010bf6        0x2 
 .text.GENERIC_PHY_DisableRadioIrqs
                0x00010bf8       0x50 C:\SiliconLabs\SimplicityStudio\v4_workspace4\assign3\I2CProject\platform\radio\rail_lib\autogen\librail_release\librail_efr32xg13_gcc_release.a(generic_phy.o)